=== 3D拟物Layout编辑器 v1.0.0 ===
启动: 2026-07-10T11:03:49.324382
[log] 日志文件: D:\workshop\3D-\src\log\app_20260710_110349.log
[init] find_root() = D:\workshop\3D-
[init] html_path = D:\workshop\3D-\src\3D编辑器原型.html
[init] HTTP port = 53203
[init] loading URL = http://127.0.0.1:53203/src/3D%E7%BC%96%E8%BE%91%E5%99%A8%E5%8E%9F%E5%9E%8B.html
[init] WebEngine load succeeded
[open] reading C:/Users/lenovo/Desktop/效果/手套.3dlp
[open] zip contents: ['project.json', '手套模型.stl']
[open] model_file=手套模型.stl model_format=stl
[open] model raw size=74938584 bytes
[open] resolved format=stl
[open] 大模型 (1498770面) 正在降采样...
[open] 降采样成功: 1498770→300000面
[open] cells=6 total_points=200
[open] cache_path=D:\workshop\3D-\src\_model_cache\opened_1862798e_手套模型.stl
[open] cache_size=15000084 (raw=15000084)
[open] loadStl URL=/src/_model_cache/opened_1862798e_%E6%89%8B%E5%A5%97%E6%A8%A1%E5%9E%8B.stl?v=1783652640453 format=stl cells=6
[JS INFO] L815: [loadStl] received {"url":"/src/_model_cache/opened_1862798e_%E6%89%8B%E5%A5%97%E6%A8%A","format":"stl","unit_mm":1000,"hasExplicitUnit":true,"cells":6}
[JS INFO] L898: [restoreCells] restored=6 failed=0 raw=6 unit=1000
[JS INFO] L908: [model-verify] {"boxMin":["-0.3","-0.2","-0.5"],"boxMax":["0.3","0.2","0.5"],"size":["1","0","1"],"center":["0","0","0"],"radius":"1","rtPos":["0","-0","-1"],"camPos":["2","-1","2"],"near":"0.0100","far":"65","Mvisible":true,"matVisible":true,"opacity":0.92,"sceneChildren":2}
[JS INFO] L919: [model-render] render OK
[JS INFO] L585: [perf] vertex-local-pos cached 114ms 900000 verts
[JS INFO] L608: [perf] cache built {"unitMM":1000,"FIELD_R":60,"fieldRadiusU":"0.06","vertices":900000,"cellCount":6,"cvLen":16984,"cellRange":{"x":["-73.4","139.2"],"y":["-109.1","-89.3"],"z":["389.2","546.8"]},"bboxMin":["-79.4","-115.1","383.2"],"timeMs":"629"}
[JS INFO] L641: [perf] colors applied 18ms covered 6/6 cells
[JS INFO] L641: [perf] colors applied 8ms covered 6/6 cells
[JS INFO] L641: [perf] colors applied 1ms covered 6/6 cells
[JS INFO] L641: [perf] colors applied 1ms covered 6/6 cells
[JS INFO] L641: [perf] colors applied 3ms covered 6/6 cells
[JS INFO] L641: [perf] colors applied 4ms covered 6/6 cells
[JS INFO] L641: [perf] colors applied 3ms covered 6/6 cells
[JS INFO] L641: [perf] colors applied 1ms covered 6/6 cells
[JS INFO] L641: [perf] colors applied 2ms covered 6/6 cells
[JS INFO] L641: [perf] colors applied 2ms covered 6/6 cells
[JS INFO] L641: [perf] colors applied 3ms covered 6/6 cells
[JS INFO] L641: [perf] colors applied 1ms covered 6/6 cells
[JS INFO] L641: [perf] colors applied 1ms covered 6/6 cells
[JS INFO] L641: [perf] colors applied 1ms covered 6/6 cells
[JS INFO] L641: [perf] colors applied 1ms covered 6/6 cells
[JS INFO] L641: [perf] colors applied 2ms covered 6/6 cells
[JS INFO] L641: [perf] colors applied 1ms covered 6/6 cells
[JS INFO] L641: [perf] colors applied 2ms covered 6/6 cells
[JS INFO] L641: [perf] colors applied 2ms covered 6/6 cells
[JS INFO] L641: [perf] colors applied 1ms covered 6/6 cells
[JS INFO] L641: [perf] colors applied 2ms covered 6/6 cells
[JS INFO] L641: [perf] colors applied 2ms covered 6/6 cells
[JS INFO] L641: [perf] colors applied 1ms covered 6/6 cells
[JS INFO] L641: [perf] colors applied 1ms covered 6/6 cells
[JS INFO] L641: [perf] colors applied 1ms covered 6/6 cells
[JS INFO] L641: [perf] colors applied 1ms covered 6/6 cells
[JS INFO] L641: [perf] colors applied 1ms covered 6/6 cells
[JS INFO] L641: [perf] colors applied 1ms covered 6/6 cells
[JS INFO] L641: [perf] colors applied 1ms covered 6/6 cells
[JS INFO] L641: [perf] colors applied 3ms covered 6/6 cells
[JS INFO] L641: [perf] colors applied 1ms covered 6/6 cells
[JS INFO] L641: [perf] colors applied 2ms covered 6/6 cells
[JS INFO] L641: [perf] colors applied 1ms covered 6/6 cells
[JS INFO] L641: [perf] colors applied 1ms covered 6/6 cells
[JS INFO] L641: [perf] colors applied 1ms covered 6/6 cells
[JS INFO] L641: [perf] colors applied 3ms covered 6/6 cells
[JS INFO] L641: [perf] colors applied 2ms covered 6/6 cells
[JS INFO] L641: [perf] colors applied 2ms covered 6/6 cells
[JS INFO] L641: [perf] colors applied 1ms covered 6/6 cells
[JS INFO] L641: [perf] colors applied 1ms covered 6/6 cells
[JS INFO] L641: [perf] colors applied 1ms covered 6/6 cells
[JS INFO] L641: [perf] colors applied 1ms covered 6/6 cells
[JS INFO] L641: [perf] colors applied 3ms covered 6/6 cells
[JS INFO] L641: [perf] colors applied 3ms covered 6/6 cells
[JS INFO] L641: [perf] colors applied 1ms covered 6/6 cells
[JS INFO] L641: [perf] colors applied 3ms covered 6/6 cells
[JS INFO] L641: [perf] colors applied 2ms covered 6/6 cells
[JS INFO] L641: [perf] colors applied 1ms covered 6/6 cells
[JS INFO] L641: [perf] colors applied 3ms covered 6/6 cells
[JS INFO] L641: [perf] colors applied 2ms covered 6/6 cells
[JS INFO] L641: [perf] colors applied 1ms covered 6/6 cells
[JS INFO] L641: [perf] colors applied 2ms covered 6/6 cells
[JS INFO] L641: [perf] colors applied 1ms covered 6/6 cells
[JS INFO] L641: [perf] colors applied 4ms covered 6/6 cells
[JS INFO] L641: [perf] colors applied 5ms covered 6/6 cells
[open] reading C:/Users/lenovo/Desktop/效果/篮球.3dlp
[open] zip contents: ['project.json', '15705_Basketball_Player-Free_Throw_v1.obj']
[open] model_file=15705_Basketball_Player-Free_Throw_v1.obj model_format=obj
[open] model raw size=6319264 bytes
[open] resolved format=obj
[open] cells=9 total_points=200
[open] cache_path=D:\workshop\3D-\src\_model_cache\opened_a8741b01_15705_Basketball_Player-Free_Throw_v1.obj
[open] cache_size=6319264 (raw=6319264)
[open] loadStl URL=/src/_model_cache/opened_a8741b01_15705_Basketball_Player-Free_Throw_v1.obj?v=1783652649873 format=obj cells=9
[JS INFO] L641: [perf] colors applied 2ms covered 6/6 cells
[JS INFO] L641: [perf] colors applied 1ms covered 6/6 cells
[JS INFO] L641: [perf] colors applied 1ms covered 6/6 cells
[JS INFO] L815: [loadStl] received {"url":"/src/_model_cache/opened_a8741b01_15705_Basketball_Player-Fr","format":"obj","unit_mm":1,"hasExplicitUnit":true,"cells":9}
[JS INFO] L860: [unit-migrate] →1000
[JS INFO] L898: [restoreCells] restored=9 failed=0 raw=9 unit=1000
[JS INFO] L908: [model-verify] {"boxMin":["-2.4","-2.4","-5.4"],"boxMax":["2.4","2.4","5.4"],"size":["5","5","11"],"center":["0","0","0"],"radius":"6","rtPos":["4","6","-5"],"camPos":["15","-9","15"],"near":"0.0100","far":"637","Mvisible":true,"matVisible":true,"opacity":0.92,"sceneChildren":2}
[JS INFO] L919: [model-render] render OK
[open] reading C:/Users/lenovo/Desktop/效果/机器人.3dlp
[open] zip contents: ['project.json', '11072_HumanoidRobot_v3.obj']
[open] model_file=11072_HumanoidRobot_v3.obj model_format=obj
[open] model raw size=7750887 bytes
[open] resolved format=obj
[open] cells=37 total_points=200
[open] cache_path=D:\workshop\3D-\src\_model_cache\opened_8ea0cdbc_11072_HumanoidRobot_v3.obj
[open] cache_size=7750887 (raw=7750887)
[open] loadStl URL=/src/_model_cache/opened_8ea0cdbc_11072_HumanoidRobot_v3.obj?v=1783652664696 format=obj cells=37
[JS INFO] L815: [loadStl] received {"url":"/src/_model_cache/opened_8ea0cdbc_11072_HumanoidRobot_v3.obj","format":"obj","unit_mm":10,"hasExplicitUnit":true,"cells":37}
[JS INFO] L860: [unit-migrate] →100
[JS INFO] L898: [restoreCells] restored=37 failed=0 raw=37 unit=100
[JS INFO] L908: [model-verify] {"boxMin":["-44.0","-14.9","-90.6"],"boxMax":["44.0","14.9","90.6"],"size":["88","30","181"],"center":["0","0","0"],"radius":"102","rtPos":["0","10","-91"],"camPos":["242","-138","242"],"near":"0.1019","far":"10186","Mvisible":true,"matVisible":true,"opacity":0.92,"sceneChildren":2}
[JS INFO] L919: [model-render] render OK
[open] reading C:/Users/lenovo/Desktop/效果/stp文件.3dlp
[open] zip contents: ['project.json', '半圆柱压头φ12_.stl']
[open] model_file=半圆柱压头φ12_.stl model_format=stl
[open] model raw size=82884 bytes
[open] resolved format=stl
[open] cells=4 total_points=200
[open] cache_path=D:\workshop\3D-\src\_model_cache\opened_f3155af9_半圆柱压头φ12_.stl
[open] cache_size=82884 (raw=82884)
[open] loadStl URL=/src/_model_cache/opened_f3155af9_%E5%8D%8A%E5%9C%86%E6%9F%B1%E5%8E%8B%E5%A4%B4%CF%8612_.stl?v=1783652671236 format=stl cells=4
[JS INFO] L815: [loadStl] received {"url":"/src/_model_cache/opened_f3155af9_%E5%8D%8A%E5%9C%86%E6%9F%B","format":"stl","unit_mm":1,"hasExplicitUnit":true,"cells":4}
[JS INFO] L898: [restoreCells] restored=4 failed=0 raw=4 unit=1
[JS INFO] L908: [model-verify] {"boxMin":["-35.0","-22.9","-35.0"],"boxMax":["35.0","22.9","35.0"],"size":["70","46","70"],"center":["0","0","0"],"radius":"55","rtPos":["0","-23","0"],"camPos":["130","-74","130"],"near":"0.0545","far":"5455","Mvisible":true,"matVisible":true,"opacity":0.92,"sceneChildren":2}
[JS INFO] L919: [model-render] render OK
