=== 3D拟物Layout编辑器 v1.0.0 ===
启动: 2026-07-10T10:35:09.612460
[log] 日志文件: D:\workshop\3D-\src\log\app_20260710_103509.log
[init] find_root() = D:\workshop\3D-
[init] html_path = D:\workshop\3D-\src\3D编辑器原型.html
[init] HTTP port = 56832
[init] loading URL = http://127.0.0.1:56832/src/3D%E7%BC%96%E8%BE%91%E5%99%A8%E5%8E%9F%E5%9E%8B.html
[init] WebEngine load succeeded
[stp] === 非STP直接加载: D:/workshop/3D-/手套模型.stl ===
[decimate] 降采样成功: 1498770→300000面 | 74938584→15000084bytes
[JS INFO] L815: [loadStl] received {"url":"/src/_model_cache/%E6%89%8B%E5%A5%97%E6%A8%A1%E5%9E%8B.stl","format":"stl","unit_mm":1,"hasExplicitUnit":true,"cells":0}
[JS INFO] L870: [model-verify] {"boxMin":["-0.3","-0.2","-0.5"],"boxMax":["0.3","0.2","0.5"],"size":["1","0","1"],"center":["0","0","0"],"radius":"1","rtPos":["0","-0","-1"],"camPos":["2","-1","2"],"near":"0.0100","far":"65","Mvisible":true,"matVisible":true,"opacity":0.92,"sceneChildren":2}
[JS INFO] L881: [model-render] render OK
[open] reading C:/Users/lenovo/Desktop/效果/手套1.3dlp
[open] zip contents: ['project.json', '手套模型.stl']
[open] model_file=手套模型.stl model_format=stl
[open] model raw size=74938584 bytes
[open] resolved format=stl
[open] 大模型 (1498770面) 正在降采样...
[open] 降采样成功: 1498770→300000面
[open] cells=22 total_points=200
[open] cache_path=D:\workshop\3D-\src\_model_cache\opened_46fbb6e8_手套模型.stl
[open] cache_size=15000084 (raw=15000084)
[open] loadStl URL=/src/_model_cache/opened_46fbb6e8_%E6%89%8B%E5%A5%97%E6%A8%A1%E5%9E%8B.stl?v=1783650955875 format=stl cells=22
[JS INFO] L815: [loadStl] received {"url":"/src/_model_cache/opened_46fbb6e8_%E6%89%8B%E5%A5%97%E6%A8%A","format":"stl","unit_mm":1,"hasExplicitUnit":true,"cells":22}
[JS INFO] L860: [restoreCells] restored=22 failed=0 total=22
[JS INFO] L870: [model-verify] {"boxMin":["-0.3","-0.2","-0.5"],"boxMax":["0.3","0.2","0.5"],"size":["1","0","1"],"center":["0","0","0"],"radius":"1","rtPos":["0","-0","-1"],"camPos":["2","-1","2"],"near":"0.0100","far":"65","Mvisible":true,"matVisible":true,"opacity":0.92,"sceneChildren":2}
[JS INFO] L881: [model-render] render OK
[JS INFO] L585: [perf] vertex-local-pos cached 112ms 900000 verts
[JS INFO] L608: [perf] cache built {"unitMM":1,"FIELD_R":60,"fieldRadiusU":"60.00","vertices":900000,"cellCount":22,"cvLen":0,"cellRange":{"x":["-100.4","207.5"],"y":["-87.0","112.4"],"z":["181.5","1068.7"]},"bboxMin":["-106.4","-93.0","175.5"],"timeMs":"295"}
[JS WARN] L609: [field] _cv is empty! unitMM=1 FIELD_R=60 cells=22 verts=900000
[JS INFO] L641: [perf] colors applied 0ms covered 22/22 cells
[JS INFO] L641: [perf] colors applied 0ms covered 22/22 cells
[JS INFO] L641: [perf] colors applied 0ms covered 22/22 cells
[JS INFO] L641: [perf] colors applied 0ms covered 22/22 cells
[JS INFO] L641: [perf] colors applied 0ms covered 22/22 cells
[JS INFO] L641: [perf] colors applied 0ms covered 22/22 cells
[JS INFO] L641: [perf] colors applied 0ms covered 22/22 cells
[JS INFO] L641: [perf] colors applied 0ms covered 22/22 cells
[JS INFO] L641: [perf] colors applied 0ms covered 22/22 cells
[JS INFO] L641: [perf] colors applied 0ms covered 22/22 cells
[JS INFO] L641: [perf] colors applied 0ms covered 22/22 cells
[JS INFO] L641: [perf] colors applied 0ms covered 22/22 cells
[JS INFO] L641: [perf] colors applied 0ms covered 22/22 cells
[JS INFO] L641: [perf] colors applied 0ms covered 22/22 cells
[JS INFO] L641: [perf] colors applied 0ms covered 22/22 cells
[JS INFO] L641: [perf] colors applied 0ms covered 22/22 cells
[JS INFO] L641: [perf] colors applied 0ms covered 22/22 cells
[JS INFO] L641: [perf] colors applied 0ms covered 22/22 cells
[JS INFO] L641: [perf] colors applied 0ms covered 22/22 cells
[JS INFO] L641: [perf] colors applied 0ms covered 22/22 cells
[JS INFO] L641: [perf] colors applied 0ms covered 22/22 cells
[JS INFO] L641: [perf] colors applied 0ms covered 22/22 cells
[JS INFO] L641: [perf] colors applied 0ms covered 22/22 cells
[JS INFO] L641: [perf] colors applied 0ms covered 22/22 cells
[JS INFO] L641: [perf] colors applied 0ms covered 22/22 cells
[JS INFO] L641: [perf] colors applied 0ms covered 22/22 cells
[JS INFO] L641: [perf] colors applied 0ms covered 22/22 cells
[JS INFO] L641: [perf] colors applied 0ms covered 22/22 cells
[JS INFO] L641: [perf] colors applied 0ms covered 22/22 cells
[JS INFO] L641: [perf] colors applied 0ms covered 22/22 cells
[JS INFO] L641: [perf] colors applied 0ms covered 22/22 cells
[JS INFO] L641: [perf] colors applied 0ms covered 22/22 cells
[JS INFO] L641: [perf] colors applied 0ms covered 22/22 cells
[JS INFO] L641: [perf] colors applied 0ms covered 22/22 cells
[JS INFO] L641: [perf] colors applied 0ms covered 22/22 cells
[JS INFO] L641: [perf] colors applied 0ms covered 22/22 cells
[JS INFO] L641: [perf] colors applied 0ms covered 22/22 cells
[JS INFO] L641: [perf] colors applied 0ms covered 22/22 cells
[JS INFO] L641: [perf] colors applied 0ms covered 22/22 cells
[JS INFO] L641: [perf] colors applied 0ms covered 22/22 cells
[JS INFO] L641: [perf] colors applied 0ms covered 22/22 cells
[JS INFO] L641: [perf] colors applied 0ms covered 22/22 cells
[JS INFO] L641: [perf] colors applied 0ms covered 22/22 cells
[JS INFO] L641: [perf] colors applied 0ms covered 22/22 cells
[JS INFO] L641: [perf] colors applied 0ms covered 22/22 cells
[JS INFO] L641: [perf] colors applied 0ms covered 22/22 cells
[JS INFO] L641: [perf] colors applied 0ms covered 22/22 cells
[JS INFO] L641: [perf] colors applied 0ms covered 22/22 cells
[JS INFO] L641: [perf] colors applied 0ms covered 22/22 cells
[JS INFO] L641: [perf] colors applied 0ms covered 22/22 cells
[JS INFO] L641: [perf] colors applied 0ms covered 22/22 cells
[JS INFO] L641: [perf] colors applied 0ms covered 22/22 cells
[JS INFO] L641: [perf] colors applied 0ms covered 22/22 cells
[JS INFO] L641: [perf] colors applied 0ms covered 22/22 cells
[JS INFO] L641: [perf] colors applied 0ms covered 22/22 cells
[JS INFO] L641: [perf] colors applied 0ms covered 22/22 cells
[JS INFO] L641: [perf] colors applied 0ms covered 22/22 cells
[JS INFO] L641: [perf] colors applied 0ms covered 22/22 cells
[JS INFO] L641: [perf] colors applied 0ms covered 22/22 cells
[JS INFO] L641: [perf] colors applied 0ms covered 22/22 cells
[JS INFO] L641: [perf] colors applied 0ms covered 22/22 cells
[JS INFO] L641: [perf] colors applied 0ms covered 22/22 cells
[JS INFO] L641: [perf] colors applied 0ms covered 22/22 cells
[JS INFO] L641: [perf] colors applied 0ms covered 22/22 cells
[JS INFO] L641: [perf] colors applied 0ms covered 22/22 cells
[JS INFO] L641: [perf] colors applied 0ms covered 22/22 cells
[JS INFO] L641: [perf] colors applied 0ms covered 22/22 cells
[JS INFO] L641: [perf] colors applied 0ms covered 22/22 cells
[JS INFO] L641: [perf] colors applied 0ms covered 22/22 cells
[open] reading C:/Users/lenovo/Desktop/效果/篮球.3dlp
[open] zip contents: ['project.json', '15705_Basketball_Player-Free_Throw_v1.obj']
[open] model_file=15705_Basketball_Player-Free_Throw_v1.obj model_format=obj
[open] model raw size=6319264 bytes
[open] resolved format=obj
[open] cells=9 total_points=200
[open] cache_path=D:\workshop\3D-\src\_model_cache\opened_3a1fa876_15705_Basketball_Player-Free_Throw_v1.obj
[open] cache_size=6319264 (raw=6319264)
[open] loadStl URL=/src/_model_cache/opened_3a1fa876_15705_Basketball_Player-Free_Throw_v1.obj?v=1783650969855 format=obj cells=9
[JS INFO] L641: [perf] colors applied 0ms covered 22/22 cells
[JS INFO] L641: [perf] colors applied 0ms covered 22/22 cells
[JS INFO] L815: [loadStl] received {"url":"/src/_model_cache/opened_3a1fa876_15705_Basketball_Player-Fr","format":"obj","unit_mm":1,"hasExplicitUnit":true,"cells":9}
[JS INFO] L860: [restoreCells] restored=9 failed=0 total=9
[JS INFO] L870: [model-verify] {"boxMin":["-2.4","-2.4","-5.4"],"boxMax":["2.4","2.4","5.4"],"size":["5","5","11"],"center":["0","0","0"],"radius":"6","rtPos":["4","6","-5"],"camPos":["15","-9","15"],"near":"0.0100","far":"637","Mvisible":true,"matVisible":true,"opacity":0.92,"sceneChildren":2}
[JS INFO] L881: [model-render] render OK
[open] reading C:/Users/lenovo/Desktop/效果/机器人.3dlp
[open] zip contents: ['project.json', '11072_HumanoidRobot_v3.obj']
[open] model_file=11072_HumanoidRobot_v3.obj model_format=obj
[open] model raw size=7750887 bytes
[open] resolved format=obj
[open] cells=37 total_points=200
[open] cache_path=D:\workshop\3D-\src\_model_cache\opened_a9c690b0_11072_HumanoidRobot_v3.obj
[open] cache_size=7750887 (raw=7750887)
[open] loadStl URL=/src/_model_cache/opened_a9c690b0_11072_HumanoidRobot_v3.obj?v=1783650975369 format=obj cells=37
[JS INFO] L815: [loadStl] received {"url":"/src/_model_cache/opened_a9c690b0_11072_HumanoidRobot_v3.obj","format":"obj","unit_mm":10,"hasExplicitUnit":true,"cells":37}
[JS INFO] L860: [restoreCells] restored=37 failed=0 total=37
[JS INFO] L870: [model-verify] {"boxMin":["-44.0","-14.9","-90.6"],"boxMax":["44.0","14.9","90.6"],"size":["88","30","181"],"center":["0","0","0"],"radius":"102","rtPos":["0","10","-91"],"camPos":["242","-138","242"],"near":"0.1019","far":"10186","Mvisible":true,"matVisible":true,"opacity":0.92,"sceneChildren":2}
[JS INFO] L881: [model-render] render OK
[JS INFO] L585: [perf] vertex-local-pos cached 46ms 299712 verts
[JS INFO] L608: [perf] cache built {"unitMM":10,"FIELD_R":60,"fieldRadiusU":"6.00","vertices":299712,"cellCount":37,"cvLen":31293,"cellRange":{"x":["-343.8","326.8"],"y":["-239.4","46.2"],"z":["394.5","1469.0"]},"bboxMin":["-349.8","-245.4","388.5"],"timeMs":"245"}
[JS INFO] L641: [perf] colors applied 11ms covered 37/37 cells
[JS INFO] L641: [perf] colors applied 12ms covered 37/37 cells
[JS INFO] L641: [perf] colors applied 2ms covered 37/37 cells
[JS INFO] L641: [perf] colors applied 2ms covered 37/37 cells
[JS INFO] L641: [perf] colors applied 2ms covered 37/37 cells
[JS INFO] L641: [perf] colors applied 2ms covered 37/37 cells
[JS INFO] L641: [perf] colors applied 2ms covered 37/37 cells
[JS INFO] L641: [perf] colors applied 3ms covered 37/37 cells
[JS INFO] L641: [perf] colors applied 2ms covered 37/37 cells
[JS INFO] L641: [perf] colors applied 2ms covered 37/37 cells
[JS INFO] L641: [perf] colors applied 3ms covered 37/37 cells
[JS INFO] L641: [perf] colors applied 2ms covered 37/37 cells
[JS INFO] L641: [perf] colors applied 6ms covered 37/37 cells
[JS INFO] L641: [perf] colors applied 2ms covered 37/37 cells
[JS INFO] L641: [perf] colors applied 3ms covered 37/37 cells
[JS INFO] L641: [perf] colors applied 2ms covered 37/37 cells
[JS INFO] L641: [perf] colors applied 2ms covered 37/37 cells
[JS INFO] L641: [perf] colors applied 4ms covered 37/37 cells
[JS INFO] L641: [perf] colors applied 4ms covered 37/37 cells
[JS INFO] L641: [perf] colors applied 2ms covered 37/37 cells
[JS INFO] L641: [perf] colors applied 2ms covered 37/37 cells
[JS INFO] L641: [perf] colors applied 3ms covered 37/37 cells
[JS INFO] L641: [perf] colors applied 2ms covered 37/37 cells
[JS INFO] L641: [perf] colors applied 2ms covered 37/37 cells
[JS INFO] L641: [perf] colors applied 2ms covered 37/37 cells
[JS INFO] L641: [perf] colors applied 2ms covered 37/37 cells
[JS INFO] L641: [perf] colors applied 2ms covered 37/37 cells
[JS INFO] L641: [perf] colors applied 6ms covered 37/37 cells
[JS INFO] L641: [perf] colors applied 3ms covered 37/37 cells
[JS INFO] L641: [perf] colors applied 3ms covered 37/37 cells
[JS INFO] L641: [perf] colors applied 2ms covered 37/37 cells
[JS INFO] L641: [perf] colors applied 2ms covered 37/37 cells
[JS INFO] L641: [perf] colors applied 3ms covered 37/37 cells
[JS INFO] L641: [perf] colors applied 2ms covered 37/37 cells
[JS INFO] L641: [perf] colors applied 2ms covered 37/37 cells
[JS INFO] L641: [perf] colors applied 2ms covered 37/37 cells
[JS INFO] L641: [perf] colors applied 2ms covered 37/37 cells
[JS INFO] L641: [perf] colors applied 2ms covered 37/37 cells
[JS INFO] L641: [perf] colors applied 2ms covered 37/37 cells
[JS INFO] L641: [perf] colors applied 2ms covered 37/37 cells
[JS INFO] L641: [perf] colors applied 2ms covered 37/37 cells
[JS INFO] L641: [perf] colors applied 4ms covered 37/37 cells
[JS INFO] L641: [perf] colors applied 2ms covered 37/37 cells
[JS INFO] L641: [perf] colors applied 3ms covered 37/37 cells
[JS INFO] L641: [perf] colors applied 5ms covered 37/37 cells
[open] reading C:/Users/lenovo/Desktop/效果/stp文件.3dlp
[open] zip contents: ['project.json', '半圆柱压头φ12_.stl']
[open] model_file=半圆柱压头φ12_.stl model_format=stl
[open] model raw size=82884 bytes
[open] resolved format=stl
[open] cells=4 total_points=200
[open] cache_path=D:\workshop\3D-\src\_model_cache\opened_48048f12_半圆柱压头φ12_.stl
[open] cache_size=82884 (raw=82884)
[open] loadStl URL=/src/_model_cache/opened_48048f12_%E5%8D%8A%E5%9C%86%E6%9F%B1%E5%8E%8B%E5%A4%B4%CF%8612_.stl?v=1783650983401 format=stl cells=4
[JS INFO] L641: [perf] colors applied 2ms covered 37/37 cells
[JS INFO] L641: [perf] colors applied 3ms covered 37/37 cells
[JS INFO] L815: [loadStl] received {"url":"/src/_model_cache/opened_48048f12_%E5%8D%8A%E5%9C%86%E6%9F%B","format":"stl","unit_mm":1,"hasExplicitUnit":true,"cells":4}
[JS INFO] L860: [restoreCells] restored=4 failed=0 total=4
[JS INFO] L870: [model-verify] {"boxMin":["-35.0","-22.9","-35.0"],"boxMax":["35.0","22.9","35.0"],"size":["70","46","70"],"center":["0","0","0"],"radius":"55","rtPos":["0","-23","0"],"camPos":["130","-74","130"],"near":"0.0545","far":"5455","Mvisible":true,"matVisible":true,"opacity":0.92,"sceneChildren":2}
[JS INFO] L881: [model-render] render OK
[JS INFO] L585: [perf] vertex-local-pos cached 2ms 4968 verts
[JS INFO] L608: [perf] cache built {"unitMM":1,"FIELD_R":60,"fieldRadiusU":"60.00","vertices":4968,"cellCount":4,"cvLen":4923,"cellRange":{"x":["16.2","35.0"],"y":["0.0","10.0"],"z":["-1.7","35.0"]},"bboxMin":["10.2","-6.0","-7.7"],"timeMs":"31"}
[JS INFO] L641: [perf] colors applied 2ms covered 4/4 cells
[JS INFO] L641: [perf] colors applied 0ms covered 4/4 cells
[JS INFO] L641: [perf] colors applied 0ms covered 4/4 cells
[JS INFO] L641: [perf] colors applied 1ms covered 4/4 cells
[JS INFO] L641: [perf] colors applied 0ms covered 4/4 cells
[JS INFO] L641: [perf] colors applied 1ms covered 4/4 cells
[JS INFO] L641: [perf] colors applied 1ms covered 4/4 cells
[JS INFO] L641: [perf] colors applied 1ms covered 4/4 cells
[JS INFO] L641: [perf] colors applied 0ms covered 4/4 cells
[JS INFO] L641: [perf] colors applied 0ms covered 4/4 cells
[JS INFO] L641: [perf] colors applied 1ms covered 4/4 cells
[JS INFO] L641: [perf] colors applied 0ms covered 4/4 cells
[JS INFO] L641: [perf] colors applied 1ms covered 4/4 cells
[JS INFO] L641: [perf] colors applied 0ms covered 4/4 cells
[JS INFO] L641: [perf] colors applied 0ms covered 4/4 cells
[JS INFO] L641: [perf] colors applied 0ms covered 4/4 cells
[JS INFO] L641: [perf] colors applied 1ms covered 4/4 cells
[JS INFO] L641: [perf] colors applied 0ms covered 4/4 cells
[JS INFO] L641: [perf] colors applied 0ms covered 4/4 cells
[JS INFO] L641: [perf] colors applied 0ms covered 4/4 cells
[JS INFO] L641: [perf] colors applied 1ms covered 4/4 cells
[JS INFO] L641: [perf] colors applied 0ms covered 4/4 cells
[JS INFO] L641: [perf] colors applied 0ms covered 4/4 cells
[JS INFO] L641: [perf] colors applied 1ms covered 4/4 cells
[JS INFO] L641: [perf] colors applied 0ms covered 4/4 cells
[JS INFO] L641: [perf] colors applied 1ms covered 4/4 cells
[JS INFO] L641: [perf] colors applied 1ms covered 4/4 cells
[JS INFO] L641: [perf] colors applied 0ms covered 4/4 cells
[JS INFO] L641: [perf] colors applied 0ms covered 4/4 cells
[JS INFO] L641: [perf] colors applied 1ms covered 4/4 cells
[JS INFO] L641: [perf] colors applied 1ms covered 4/4 cells
[JS INFO] L641: [perf] colors applied 0ms covered 4/4 cells
[JS INFO] L641: [perf] colors applied 1ms covered 4/4 cells
[JS INFO] L641: [perf] colors applied 0ms covered 4/4 cells
[JS INFO] L641: [perf] colors applied 0ms covered 4/4 cells
[JS INFO] L641: [perf] colors applied 1ms covered 4/4 cells
[JS INFO] L641: [perf] colors applied 1ms covered 4/4 cells
[JS INFO] L641: [perf] colors applied 0ms covered 4/4 cells
[JS INFO] L641: [perf] colors applied 0ms covered 4/4 cells
[JS INFO] L641: [perf] colors applied 0ms covered 4/4 cells
[JS INFO] L641: [perf] colors applied 1ms covered 4/4 cells
[JS INFO] L641: [perf] colors applied 0ms covered 4/4 cells
[JS INFO] L641: [perf] colors applied 0ms covered 4/4 cells
[JS INFO] L641: [perf] colors applied 1ms covered 4/4 cells
[JS INFO] L641: [perf] colors applied 0ms covered 4/4 cells
[JS INFO] L641: [perf] colors applied 1ms covered 4/4 cells
[JS INFO] L641: [perf] colors applied 1ms covered 4/4 cells
[JS INFO] L641: [perf] colors applied 1ms covered 4/4 cells
[JS INFO] L641: [perf] colors applied 0ms covered 4/4 cells
[JS INFO] L641: [perf] colors applied 0ms covered 4/4 cells
[JS INFO] L641: [perf] colors applied 1ms covered 4/4 cells
[JS INFO] L641: [perf] colors applied 0ms covered 4/4 cells
[JS INFO] L641: [perf] colors applied 1ms covered 4/4 cells
[JS INFO] L641: [perf] colors applied 0ms covered 4/4 cells
[JS INFO] L641: [perf] colors applied 1ms covered 4/4 cells
[JS INFO] L641: [perf] colors applied 1ms covered 4/4 cells
[JS INFO] L641: [perf] colors applied 0ms covered 4/4 cells
[JS INFO] L641: [perf] colors applied 1ms covered 4/4 cells
[JS INFO] L641: [perf] colors applied 0ms covered 4/4 cells
[JS INFO] L641: [perf] colors applied 1ms covered 4/4 cells
[JS INFO] L641: [perf] colors applied 2ms covered 4/4 cells
[JS INFO] L641: [perf] colors applied 1ms covered 4/4 cells
[JS INFO] L641: [perf] colors applied 0ms covered 4/4 cells
[JS INFO] L641: [perf] colors applied 0ms covered 4/4 cells
[JS INFO] L641: [perf] colors applied 1ms covered 4/4 cells
[JS INFO] L641: [perf] colors applied 1ms covered 4/4 cells
[JS INFO] L641: [perf] colors applied 0ms covered 4/4 cells
[JS INFO] L641: [perf] colors applied 0ms covered 4/4 cells
[JS INFO] L641: [perf] colors applied 0ms covered 4/4 cells
[JS INFO] L641: [perf] colors applied 1ms covered 4/4 cells
[JS INFO] L641: [perf] colors applied 1ms covered 4/4 cells
[JS INFO] L641: [perf] colors applied 0ms covered 4/4 cells
[JS INFO] L641: [perf] colors applied 0ms covered 4/4 cells
[JS INFO] L641: [perf] colors applied 0ms covered 4/4 cells
[JS INFO] L641: [perf] colors applied 1ms covered 4/4 cells
[JS INFO] L641: [perf] colors applied 1ms covered 4/4 cells
[JS INFO] L641: [perf] colors applied 1ms covered 4/4 cells
[JS INFO] L641: [perf] colors applied 1ms covered 4/4 cells
[JS INFO] L641: [perf] colors applied 0ms covered 4/4 cells
[JS INFO] L641: [perf] colors applied 1ms covered 4/4 cells
[JS INFO] L641: [perf] colors applied 1ms covered 4/4 cells
[JS INFO] L641: [perf] colors applied 0ms covered 4/4 cells
[JS INFO] L641: [perf] colors applied 0ms covered 4/4 cells
[JS INFO] L641: [perf] colors applied 0ms covered 4/4 cells
[JS INFO] L641: [perf] colors applied 0ms covered 4/4 cells
[JS INFO] L641: [perf] colors applied 1ms covered 4/4 cells
[JS INFO] L641: [perf] colors applied 0ms covered 4/4 cells
[JS INFO] L641: [perf] colors applied 0ms covered 4/4 cells
[JS INFO] L641: [perf] colors applied 0ms covered 4/4 cells
[JS INFO] L641: [perf] colors applied 1ms covered 4/4 cells
[JS INFO] L641: [perf] colors applied 1ms covered 4/4 cells
[JS INFO] L641: [perf] colors applied 0ms covered 4/4 cells
[JS INFO] L641: [perf] colors applied 1ms covered 4/4 cells
[JS INFO] L641: [perf] colors applied 0ms covered 4/4 cells
[JS INFO] L641: [perf] colors applied 1ms covered 4/4 cells
[JS INFO] L641: [perf] colors applied 0ms covered 4/4 cells
[JS INFO] L641: [perf] colors applied 0ms covered 4/4 cells
[JS INFO] L641: [perf] colors applied 0ms covered 4/4 cells
[JS INFO] L641: [perf] colors applied 0ms covered 4/4 cells
[JS INFO] L641: [perf] colors applied 1ms covered 4/4 cells
[JS INFO] L641: [perf] colors applied 1ms covered 4/4 cells
[JS INFO] L641: [perf] colors applied 0ms covered 4/4 cells
[JS INFO] L641: [perf] colors applied 4ms covered 4/4 cells
[JS INFO] L641: [perf] colors applied 1ms covered 4/4 cells
[JS INFO] L641: [perf] colors applied 1ms covered 4/4 cells
[JS INFO] L641: [perf] colors applied 3ms covered 4/4 cells
[JS INFO] L641: [perf] colors applied 2ms covered 4/4 cells
[JS INFO] L641: [perf] colors applied 19ms covered 4/4 cells
[JS INFO] L641: [perf] colors applied 1ms covered 4/4 cells
[JS INFO] L641: [perf] colors applied 3ms covered 4/4 cells
[JS INFO] L641: [perf] colors applied 3ms covered 4/4 cells
[JS INFO] L641: [perf] colors applied 6ms covered 4/4 cells
[JS INFO] L641: [perf] colors applied 2ms covered 4/4 cells
[JS INFO] L641: [perf] colors applied 2ms covered 4/4 cells
[JS INFO] L641: [perf] colors applied 7ms covered 4/4 cells
[JS INFO] L641: [perf] colors applied 4ms covered 4/4 cells
[JS INFO] L641: [perf] colors applied 6ms covered 4/4 cells
[JS INFO] L641: [perf] colors applied 3ms covered 4/4 cells
[JS INFO] L641: [perf] colors applied 5ms covered 4/4 cells
[JS INFO] L641: [perf] colors applied 6ms covered 4/4 cells
[JS INFO] L641: [perf] colors applied 2ms covered 4/4 cells
[JS INFO] L641: [perf] colors applied 3ms covered 4/4 cells
[JS INFO] L641: [perf] colors applied 1ms covered 4/4 cells
[JS INFO] L641: [perf] colors applied 2ms covered 4/4 cells
[JS INFO] L641: [perf] colors applied 2ms covered 4/4 cells
[JS INFO] L641: [perf] colors applied 2ms covered 4/4 cells
[JS INFO] L641: [perf] colors applied 5ms covered 4/4 cells
[JS INFO] L641: [perf] colors applied 1ms covered 4/4 cells
[JS INFO] L641: [perf] colors applied 5ms covered 4/4 cells
[JS INFO] L641: [perf] colors applied 1ms covered 4/4 cells
[JS INFO] L641: [perf] colors applied 2ms covered 4/4 cells
[JS INFO] L641: [perf] colors applied 1ms covered 4/4 cells
[JS INFO] L641: [perf] colors applied 2ms covered 4/4 cells
[JS INFO] L641: [perf] colors applied 2ms covered 4/4 cells
[JS INFO] L641: [perf] colors applied 2ms covered 4/4 cells
[JS INFO] L641: [perf] colors applied 2ms covered 4/4 cells
[JS INFO] L641: [perf] colors applied 2ms covered 4/4 cells
[JS INFO] L641: [perf] colors applied 2ms covered 4/4 cells
[JS INFO] L641: [perf] colors applied 2ms covered 4/4 cells
[JS INFO] L641: [perf] colors applied 5ms covered 4/4 cells
[JS INFO] L641: [perf] colors applied 3ms covered 4/4 cells
[JS INFO] L641: [perf] colors applied 5ms covered 4/4 cells
[JS INFO] L641: [perf] colors applied 4ms covered 4/4 cells
[JS INFO] L641: [perf] colors applied 4ms covered 4/4 cells
[JS INFO] L641: [perf] colors applied 4ms covered 4/4 cells
[JS INFO] L641: [perf] colors applied 5ms covered 4/4 cells
[JS INFO] L641: [perf] colors applied 5ms covered 4/4 cells
[JS INFO] L641: [perf] colors applied 4ms covered 4/4 cells
[JS INFO] L641: [perf] colors applied 2ms covered 4/4 cells
[JS INFO] L641: [perf] colors applied 3ms covered 4/4 cells
[JS INFO] L641: [perf] colors applied 2ms covered 4/4 cells
[JS INFO] L641: [perf] colors applied 6ms covered 4/4 cells
[JS INFO] L641: [perf] colors applied 1ms covered 4/4 cells
[JS INFO] L641: [perf] colors applied 3ms covered 4/4 cells
[JS INFO] L641: [perf] colors applied 6ms covered 4/4 cells
[JS INFO] L641: [perf] colors applied 2ms covered 4/4 cells
[JS INFO] L641: [perf] colors applied 3ms covered 4/4 cells
[JS INFO] L641: [perf] colors applied 2ms covered 4/4 cells
[JS INFO] L641: [perf] colors applied 3ms covered 4/4 cells
[JS INFO] L641: [perf] colors applied 3ms covered 4/4 cells
[JS INFO] L641: [perf] colors applied 2ms covered 4/4 cells
[JS INFO] L641: [perf] colors applied 2ms covered 4/4 cells
[JS INFO] L641: [perf] colors applied 3ms covered 4/4 cells
[JS INFO] L641: [perf] colors applied 2ms covered 4/4 cells
[JS INFO] L641: [perf] colors applied 2ms covered 4/4 cells
[JS INFO] L641: [perf] colors applied 3ms covered 4/4 cells
[JS INFO] L641: [perf] colors applied 3ms covered 4/4 cells
[JS INFO] L641: [perf] colors applied 3ms covered 4/4 cells
[JS INFO] L641: [perf] colors applied 6ms covered 4/4 cells
[JS INFO] L641: [perf] colors applied 3ms covered 4/4 cells
[JS INFO] L641: [perf] colors applied 6ms covered 4/4 cells
[JS INFO] L641: [perf] colors applied 3ms covered 4/4 cells
[JS INFO] L641: [perf] colors applied 5ms covered 4/4 cells
[JS INFO] L641: [perf] colors applied 4ms covered 4/4 cells
[JS INFO] L641: [perf] colors applied 4ms covered 4/4 cells
[JS INFO] L641: [perf] colors applied 3ms covered 4/4 cells
[JS INFO] L641: [perf] colors applied 4ms covered 4/4 cells
[JS INFO] L641: [perf] colors applied 3ms covered 4/4 cells
[JS INFO] L641: [perf] colors applied 2ms covered 4/4 cells
[JS INFO] L641: [perf] colors applied 4ms covered 4/4 cells
[JS INFO] L641: [perf] colors applied 4ms covered 4/4 cells
[JS INFO] L641: [perf] colors applied 4ms covered 4/4 cells
[JS INFO] L641: [perf] colors applied 2ms covered 4/4 cells
[JS INFO] L641: [perf] colors applied 4ms covered 4/4 cells
[JS INFO] L641: [perf] colors applied 5ms covered 4/4 cells
[JS INFO] L641: [perf] colors applied 2ms covered 4/4 cells
[JS INFO] L641: [perf] colors applied 4ms covered 4/4 cells
[JS INFO] L641: [perf] colors applied 4ms covered 4/4 cells
[JS INFO] L641: [perf] colors applied 5ms covered 4/4 cells
[JS INFO] L641: [perf] colors applied 1ms covered 4/4 cells
[JS INFO] L641: [perf] colors applied 3ms covered 4/4 cells
[JS INFO] L641: [perf] colors applied 5ms covered 4/4 cells
[JS INFO] L641: [perf] colors applied 5ms covered 4/4 cells
[JS INFO] L641: [perf] colors applied 3ms covered 4/4 cells
[JS INFO] L641: [perf] colors applied 2ms covered 4/4 cells
[JS INFO] L641: [perf] colors applied 4ms covered 4/4 cells
[JS INFO] L641: [perf] colors applied 4ms covered 4/4 cells
[JS INFO] L641: [perf] colors applied 3ms covered 4/4 cells
[JS INFO] L641: [perf] colors applied 3ms covered 4/4 cells
[JS INFO] L641: [perf] colors applied 5ms covered 4/4 cells
[JS INFO] L641: [perf] colors applied 6ms covered 4/4 cells
[JS INFO] L641: [perf] colors applied 5ms covered 4/4 cells
[JS INFO] L641: [perf] colors applied 5ms covered 4/4 cells
[JS INFO] L641: [perf] colors applied 1ms covered 4/4 cells
[JS INFO] L641: [perf] colors applied 3ms covered 4/4 cells
[JS INFO] L641: [perf] colors applied 5ms covered 4/4 cells
[JS INFO] L641: [perf] colors applied 3ms covered 4/4 cells
[JS INFO] L641: [perf] colors applied 4ms covered 4/4 cells
[JS INFO] L641: [perf] colors applied 3ms covered 4/4 cells
[JS INFO] L641: [perf] colors applied 2ms covered 4/4 cells
[JS INFO] L641: [perf] colors applied 3ms covered 4/4 cells
[JS INFO] L641: [perf] colors applied 2ms covered 4/4 cells
[JS INFO] L641: [perf] colors applied 4ms covered 4/4 cells
[JS INFO] L641: [perf] colors applied 5ms covered 4/4 cells
[JS INFO] L641: [perf] colors applied 7ms covered 4/4 cells
[JS INFO] L641: [perf] colors applied 3ms covered 4/4 cells
[JS INFO] L641: [perf] colors applied 4ms covered 4/4 cells
[JS INFO] L641: [perf] colors applied 4ms covered 4/4 cells
[JS INFO] L641: [perf] colors applied 2ms covered 4/4 cells
[JS INFO] L641: [perf] colors applied 4ms covered 4/4 cells
[JS INFO] L641: [perf] colors applied 5ms covered 4/4 cells
[JS INFO] L641: [perf] colors applied 2ms covered 4/4 cells
[JS INFO] L641: [perf] colors applied 4ms covered 4/4 cells
[JS INFO] L641: [perf] colors applied 6ms covered 4/4 cells
[JS INFO] L641: [perf] colors applied 3ms covered 4/4 cells
[JS INFO] L641: [perf] colors applied 2ms covered 4/4 cells
[JS INFO] L641: [perf] colors applied 4ms covered 4/4 cells
[JS INFO] L641: [perf] colors applied 4ms covered 4/4 cells
[JS INFO] L641: [perf] colors applied 5ms covered 4/4 cells
[JS INFO] L641: [perf] colors applied 4ms covered 4/4 cells
[JS INFO] L641: [perf] colors applied 3ms covered 4/4 cells
[JS INFO] L641: [perf] colors applied 4ms covered 4/4 cells
[JS INFO] L641: [perf] colors applied 5ms covered 4/4 cells
[JS INFO] L641: [perf] colors applied 3ms covered 4/4 cells
[JS INFO] L641: [perf] colors applied 2ms covered 4/4 cells
[JS INFO] L641: [perf] colors applied 3ms covered 4/4 cells
[JS INFO] L641: [perf] colors applied 2ms covered 4/4 cells
[JS INFO] L641: [perf] colors applied 3ms covered 4/4 cells
[JS INFO] L641: [perf] colors applied 3ms covered 4/4 cells
[JS INFO] L641: [perf] colors applied 2ms covered 4/4 cells
[JS INFO] L641: [perf] colors applied 3ms covered 4/4 cells
[JS INFO] L641: [perf] colors applied 2ms covered 4/4 cells
[JS INFO] L641: [perf] colors applied 2ms covered 4/4 cells
[JS INFO] L641: [perf] colors applied 2ms covered 4/4 cells
[JS INFO] L641: [perf] colors applied 3ms covered 4/4 cells
[JS INFO] L641: [perf] colors applied 4ms covered 4/4 cells
[JS INFO] L641: [perf] colors applied 4ms covered 4/4 cells
[JS INFO] L641: [perf] colors applied 5ms covered 4/4 cells
[JS INFO] L641: [perf] colors applied 2ms covered 4/4 cells
[JS INFO] L641: [perf] colors applied 6ms covered 4/4 cells
[JS INFO] L641: [perf] colors applied 2ms covered 4/4 cells
[JS INFO] L641: [perf] colors applied 4ms covered 4/4 cells
[JS INFO] L641: [perf] colors applied 4ms covered 4/4 cells
[JS INFO] L641: [perf] colors applied 6ms covered 4/4 cells
[JS INFO] L641: [perf] colors applied 4ms covered 4/4 cells
[JS INFO] L641: [perf] colors applied 4ms covered 4/4 cells
[JS INFO] L641: [perf] colors applied 5ms covered 4/4 cells
[JS INFO] L641: [perf] colors applied 2ms covered 4/4 cells
[JS INFO] L641: [perf] colors applied 3ms covered 4/4 cells
[JS INFO] L641: [perf] colors applied 4ms covered 4/4 cells
[JS INFO] L641: [perf] colors applied 5ms covered 4/4 cells
[JS INFO] L641: [perf] colors applied 6ms covered 4/4 cells
[JS INFO] L641: [perf] colors applied 6ms covered 4/4 cells
[JS INFO] L641: [perf] colors applied 1ms covered 4/4 cells
[JS INFO] L641: [perf] colors applied 2ms covered 4/4 cells
[JS INFO] L641: [perf] colors applied 2ms covered 4/4 cells
[JS INFO] L641: [perf] colors applied 2ms covered 4/4 cells
[JS INFO] L641: [perf] colors applied 4ms covered 4/4 cells
[JS INFO] L641: [perf] colors applied 4ms covered 4/4 cells
[JS INFO] L641: [perf] colors applied 4ms covered 4/4 cells
[JS INFO] L641: [perf] colors applied 1ms covered 4/4 cells
[JS INFO] L641: [perf] colors applied 2ms covered 4/4 cells
[JS INFO] L641: [perf] colors applied 2ms covered 4/4 cells
[JS INFO] L641: [perf] colors applied 3ms covered 4/4 cells
[JS INFO] L641: [perf] colors applied 7ms covered 4/4 cells
[JS INFO] L641: [perf] colors applied 4ms covered 4/4 cells
[JS INFO] L641: [perf] colors applied 4ms covered 4/4 cells
[JS INFO] L641: [perf] colors applied 3ms covered 4/4 cells
[JS INFO] L641: [perf] colors applied 5ms covered 4/4 cells
[JS INFO] L641: [perf] colors applied 7ms covered 4/4 cells
[JS INFO] L641: [perf] colors applied 5ms covered 4/4 cells
[JS INFO] L641: [perf] colors applied 5ms covered 4/4 cells
[JS INFO] L641: [perf] colors applied 1ms covered 4/4 cells
[JS INFO] L641: [perf] colors applied 5ms covered 4/4 cells
[JS INFO] L641: [perf] colors applied 4ms covered 4/4 cells
[JS INFO] L641: [perf] colors applied 5ms covered 4/4 cells
[JS INFO] L641: [perf] colors applied 5ms covered 4/4 cells
[JS INFO] L641: [perf] colors applied 6ms covered 4/4 cells
[JS INFO] L641: [perf] colors applied 7ms covered 4/4 cells
[JS INFO] L641: [perf] colors applied 7ms covered 4/4 cells
[JS INFO] L641: [perf] colors applied 3ms covered 4/4 cells
[JS INFO] L641: [perf] colors applied 5ms covered 4/4 cells
[JS INFO] L641: [perf] colors applied 3ms covered 4/4 cells
[JS INFO] L641: [perf] colors applied 5ms covered 4/4 cells
[JS INFO] L641: [perf] colors applied 5ms covered 4/4 cells
[JS INFO] L641: [perf] colors applied 6ms covered 4/4 cells
[JS INFO] L641: [perf] colors applied 5ms covered 4/4 cells
[JS INFO] L641: [perf] colors applied 3ms covered 4/4 cells
[JS INFO] L641: [perf] colors applied 1ms covered 4/4 cells
[JS INFO] L641: [perf] colors applied 3ms covered 4/4 cells
[JS INFO] L641: [perf] colors applied 7ms covered 4/4 cells
[JS INFO] L641: [perf] colors applied 2ms covered 4/4 cells
[JS INFO] L641: [perf] colors applied 6ms covered 4/4 cells
[JS INFO] L641: [perf] colors applied 3ms covered 4/4 cells
[JS INFO] L641: [perf] colors applied 4ms covered 4/4 cells
[JS INFO] L641: [perf] colors applied 4ms covered 4/4 cells
[JS INFO] L641: [perf] colors applied 6ms covered 4/4 cells
[JS INFO] L641: [perf] colors applied 2ms covered 4/4 cells
[JS INFO] L641: [perf] colors applied 2ms covered 4/4 cells
[JS INFO] L641: [perf] colors applied 4ms covered 4/4 cells
[JS INFO] L641: [perf] colors applied 2ms covered 4/4 cells
[JS INFO] L641: [perf] colors applied 5ms covered 4/4 cells
[JS INFO] L641: [perf] colors applied 5ms covered 4/4 cells
[JS INFO] L641: [perf] colors applied 1ms covered 4/4 cells
[JS INFO] L641: [perf] colors applied 4ms covered 4/4 cells
[JS INFO] L641: [perf] colors applied 5ms covered 4/4 cells
[JS INFO] L641: [perf] colors applied 2ms covered 4/4 cells
[JS INFO] L641: [perf] colors applied 2ms covered 4/4 cells
[JS INFO] L641: [perf] colors applied 4ms covered 4/4 cells
[JS INFO] L641: [perf] colors applied 3ms covered 4/4 cells
[JS INFO] L641: [perf] colors applied 5ms covered 4/4 cells
[JS INFO] L641: [perf] colors applied 4ms covered 4/4 cells
[JS INFO] L641: [perf] colors applied 3ms covered 4/4 cells
[JS INFO] L641: [perf] colors applied 1ms covered 4/4 cells
[JS INFO] L641: [perf] colors applied 2ms covered 4/4 cells
[JS INFO] L641: [perf] colors applied 3ms covered 4/4 cells
[JS INFO] L641: [perf] colors applied 2ms covered 4/4 cells
[JS INFO] L641: [perf] colors applied 2ms covered 4/4 cells
[JS INFO] L641: [perf] colors applied 1ms covered 4/4 cells
[JS INFO] L641: [perf] colors applied 1ms covered 4/4 cells
[JS INFO] L641: [perf] colors applied 2ms covered 4/4 cells
[JS INFO] L641: [perf] colors applied 2ms covered 4/4 cells
[JS INFO] L641: [perf] colors applied 2ms covered 4/4 cells
[JS INFO] L641: [perf] colors applied 3ms covered 4/4 cells
[JS INFO] L641: [perf] colors applied 3ms covered 4/4 cells
[JS INFO] L641: [perf] colors applied 2ms covered 4/4 cells
[JS INFO] L641: [perf] colors applied 6ms covered 4/4 cells
[JS INFO] L641: [perf] colors applied 3ms covered 4/4 cells
[JS INFO] L641: [perf] colors applied 3ms covered 4/4 cells
[JS INFO] L641: [perf] colors applied 4ms covered 4/4 cells
[JS INFO] L641: [perf] colors applied 2ms covered 4/4 cells
[JS INFO] L641: [perf] colors applied 3ms covered 4/4 cells
[JS INFO] L641: [perf] colors applied 4ms covered 4/4 cells
[JS INFO] L641: [perf] colors applied 2ms covered 4/4 cells
[JS INFO] L641: [perf] colors applied 3ms covered 4/4 cells
[JS INFO] L641: [perf] colors applied 3ms covered 4/4 cells
[JS INFO] L641: [perf] colors applied 3ms covered 4/4 cells
[JS INFO] L641: [perf] colors applied 4ms covered 4/4 cells
[JS INFO] L641: [perf] colors applied 3ms covered 4/4 cells
[JS INFO] L641: [perf] colors applied 3ms covered 4/4 cells
[JS INFO] L641: [perf] colors applied 5ms covered 4/4 cells
[JS INFO] L641: [perf] colors applied 5ms covered 4/4 cells
[JS INFO] L641: [perf] colors applied 2ms covered 4/4 cells
[JS INFO] L641: [perf] colors applied 4ms covered 4/4 cells
[JS INFO] L641: [perf] colors applied 2ms covered 4/4 cells
[JS INFO] L641: [perf] colors applied 1ms covered 4/4 cells
[JS INFO] L641: [perf] colors applied 3ms covered 4/4 cells
[JS INFO] L641: [perf] colors applied 5ms covered 4/4 cells
[JS INFO] L641: [perf] colors applied 3ms covered 4/4 cells
[JS INFO] L641: [perf] colors applied 2ms covered 4/4 cells
[JS INFO] L641: [perf] colors applied 2ms covered 4/4 cells
[JS INFO] L641: [perf] colors applied 3ms covered 4/4 cells
[JS INFO] L641: [perf] colors applied 3ms covered 4/4 cells
[JS INFO] L641: [perf] colors applied 2ms covered 4/4 cells
[JS INFO] L641: [perf] colors applied 3ms covered 4/4 cells
[JS INFO] L641: [perf] colors applied 1ms covered 4/4 cells
[JS INFO] L641: [perf] colors applied 3ms covered 4/4 cells
[JS INFO] L641: [perf] colors applied 2ms covered 4/4 cells
[JS INFO] L641: [perf] colors applied 3ms covered 4/4 cells
[JS INFO] L641: [perf] colors applied 2ms covered 4/4 cells
[JS INFO] L641: [perf] colors applied 4ms covered 4/4 cells
[JS INFO] L641: [perf] colors applied 2ms covered 4/4 cells
[JS INFO] L641: [perf] colors applied 4ms covered 4/4 cells
[JS INFO] L641: [perf] colors applied 2ms covered 4/4 cells
[JS INFO] L641: [perf] colors applied 2ms covered 4/4 cells
[JS INFO] L641: [perf] colors applied 2ms covered 4/4 cells
[JS INFO] L641: [perf] colors applied 3ms covered 4/4 cells
[JS INFO] L641: [perf] colors applied 2ms covered 4/4 cells
[JS INFO] L641: [perf] colors applied 2ms covered 4/4 cells
[JS INFO] L641: [perf] colors applied 2ms covered 4/4 cells
[JS INFO] L641: [perf] colors applied 1ms covered 4/4 cells
[JS INFO] L641: [perf] colors applied 3ms covered 4/4 cells
[JS INFO] L641: [perf] colors applied 5ms covered 4/4 cells
[JS INFO] L641: [perf] colors applied 2ms covered 4/4 cells
[JS INFO] L641: [perf] colors applied 6ms covered 4/4 cells
[JS INFO] L641: [perf] colors applied 4ms covered 4/4 cells
[JS INFO] L641: [perf] colors applied 6ms covered 4/4 cells
[JS INFO] L641: [perf] colors applied 2ms covered 4/4 cells
[JS INFO] L641: [perf] colors applied 2ms covered 4/4 cells
[JS INFO] L641: [perf] colors applied 4ms covered 4/4 cells
[JS INFO] L641: [perf] colors applied 4ms covered 4/4 cells
[JS INFO] L641: [perf] colors applied 3ms covered 4/4 cells
[JS INFO] L641: [perf] colors applied 3ms covered 4/4 cells
[JS INFO] L641: [perf] colors applied 3ms covered 4/4 cells
[JS INFO] L641: [perf] colors applied 3ms covered 4/4 cells
[JS INFO] L641: [perf] colors applied 2ms covered 4/4 cells
[JS INFO] L641: [perf] colors applied 7ms covered 4/4 cells
[JS INFO] L641: [perf] colors applied 4ms covered 4/4 cells
[JS INFO] L641: [perf] colors applied 3ms covered 4/4 cells
[JS INFO] L641: [perf] colors applied 5ms covered 4/4 cells
[JS INFO] L641: [perf] colors applied 2ms covered 4/4 cells
[JS INFO] L641: [perf] colors applied 4ms covered 4/4 cells
[JS INFO] L641: [perf] colors applied 3ms covered 4/4 cells
[JS INFO] L641: [perf] colors applied 2ms covered 4/4 cells
[JS INFO] L641: [perf] colors applied 2ms covered 4/4 cells
[JS INFO] L641: [perf] colors applied 3ms covered 4/4 cells
[JS INFO] L641: [perf] colors applied 2ms covered 4/4 cells
[JS INFO] L641: [perf] colors applied 3ms covered 4/4 cells
[JS INFO] L641: [perf] colors applied 4ms covered 4/4 cells
[JS INFO] L641: [perf] colors applied 3ms covered 4/4 cells
[JS INFO] L641: [perf] colors applied 2ms covered 4/4 cells
[JS INFO] L641: [perf] colors applied 4ms covered 4/4 cells
[JS INFO] L641: [perf] colors applied 2ms covered 4/4 cells
[JS INFO] L641: [perf] colors applied 2ms covered 4/4 cells
[JS INFO] L641: [perf] colors applied 2ms covered 4/4 cells
[JS INFO] L641: [perf] colors applied 2ms covered 4/4 cells
[JS INFO] L641: [perf] colors applied 3ms covered 4/4 cells
[JS INFO] L641: [perf] colors applied 2ms covered 4/4 cells
[JS INFO] L641: [perf] colors applied 4ms covered 4/4 cells
[JS INFO] L641: [perf] colors applied 4ms covered 4/4 cells
[JS INFO] L641: [perf] colors applied 3ms covered 4/4 cells
[JS INFO] L641: [perf] colors applied 2ms covered 4/4 cells
[JS INFO] L641: [perf] colors applied 2ms covered 4/4 cells
[JS INFO] L641: [perf] colors applied 2ms covered 4/4 cells
[JS INFO] L641: [perf] colors applied 2ms covered 4/4 cells
[JS INFO] L641: [perf] colors applied 2ms covered 4/4 cells
[JS INFO] L641: [perf] colors applied 3ms covered 4/4 cells
[JS INFO] L641: [perf] colors applied 5ms covered 4/4 cells
[JS INFO] L641: [perf] colors applied 2ms covered 4/4 cells
[JS INFO] L641: [perf] colors applied 4ms covered 4/4 cells
[JS INFO] L641: [perf] colors applied 3ms covered 4/4 cells
[JS INFO] L641: [perf] colors applied 5ms covered 4/4 cells
[JS INFO] L641: [perf] colors applied 4ms covered 4/4 cells
[JS INFO] L641: [perf] colors applied 2ms covered 4/4 cells
[JS INFO] L641: [perf] colors applied 3ms covered 4/4 cells
[JS INFO] L641: [perf] colors applied 3ms covered 4/4 cells
[JS INFO] L641: [perf] colors applied 2ms covered 4/4 cells
[JS INFO] L641: [perf] colors applied 2ms covered 4/4 cells
[JS INFO] L641: [perf] colors applied 3ms covered 4/4 cells
[JS INFO] L641: [perf] colors applied 2ms covered 4/4 cells
[JS INFO] L641: [perf] colors applied 3ms covered 4/4 cells
[JS INFO] L641: [perf] colors applied 3ms covered 4/4 cells
[JS INFO] L641: [perf] colors applied 3ms covered 4/4 cells
[JS INFO] L641: [perf] colors applied 3ms covered 4/4 cells
[JS INFO] L641: [perf] colors applied 3ms covered 4/4 cells
[JS INFO] L641: [perf] colors applied 3ms covered 4/4 cells
[JS INFO] L641: [perf] colors applied 2ms covered 4/4 cells
[JS INFO] L641: [perf] colors applied 2ms covered 4/4 cells
[JS INFO] L641: [perf] colors applied 3ms covered 4/4 cells
[JS INFO] L641: [perf] colors applied 4ms covered 4/4 cells
[JS INFO] L641: [perf] colors applied 5ms covered 4/4 cells
[JS INFO] L641: [perf] colors applied 3ms covered 4/4 cells
[JS INFO] L641: [perf] colors applied 1ms covered 4/4 cells
[JS INFO] L641: [perf] colors applied 4ms covered 4/4 cells
[JS INFO] L641: [perf] colors applied 2ms covered 4/4 cells
[JS INFO] L641: [perf] colors applied 2ms covered 4/4 cells
[JS INFO] L641: [perf] colors applied 4ms covered 4/4 cells
[JS INFO] L641: [perf] colors applied 3ms covered 4/4 cells
[JS INFO] L641: [perf] colors applied 3ms covered 4/4 cells
[JS INFO] L641: [perf] colors applied 4ms covered 4/4 cells
[JS INFO] L641: [perf] colors applied 2ms covered 4/4 cells
[JS INFO] L641: [perf] colors applied 2ms covered 4/4 cells
[JS INFO] L641: [perf] colors applied 5ms covered 4/4 cells
[JS INFO] L641: [perf] colors applied 2ms covered 4/4 cells
[JS INFO] L641: [perf] colors applied 2ms covered 4/4 cells
[JS INFO] L641: [perf] colors applied 4ms covered 4/4 cells
[JS INFO] L641: [perf] colors applied 1ms covered 4/4 cells
[JS INFO] L641: [perf] colors applied 2ms covered 4/4 cells
[JS INFO] L641: [perf] colors applied 3ms covered 4/4 cells
[JS INFO] L641: [perf] colors applied 2ms covered 4/4 cells
[JS INFO] L641: [perf] colors applied 4ms covered 4/4 cells
[JS INFO] L641: [perf] colors applied 5ms covered 4/4 cells
[JS INFO] L641: [perf] colors applied 4ms covered 4/4 cells
[JS INFO] L641: [perf] colors applied 2ms covered 4/4 cells
[JS INFO] L641: [perf] colors applied 3ms covered 4/4 cells
[JS INFO] L641: [perf] colors applied 3ms covered 4/4 cells
[JS INFO] L641: [perf] colors applied 2ms covered 4/4 cells
[JS INFO] L641: [perf] colors applied 5ms covered 4/4 cells
[JS INFO] L641: [perf] colors applied 4ms covered 4/4 cells
[JS INFO] L641: [perf] colors applied 3ms covered 4/4 cells
[JS INFO] L641: [perf] colors applied 3ms covered 4/4 cells
[JS INFO] L641: [perf] colors applied 3ms covered 4/4 cells
[JS INFO] L641: [perf] colors applied 2ms covered 4/4 cells
[JS INFO] L641: [perf] colors applied 2ms covered 4/4 cells
[JS INFO] L641: [perf] colors applied 2ms covered 4/4 cells
[JS INFO] L641: [perf] colors applied 2ms covered 4/4 cells
[JS INFO] L641: [perf] colors applied 2ms covered 4/4 cells
[JS INFO] L641: [perf] colors applied 2ms covered 4/4 cells
[JS INFO] L641: [perf] colors applied 2ms covered 4/4 cells
[JS INFO] L641: [perf] colors applied 2ms covered 4/4 cells
[JS INFO] L641: [perf] colors applied 3ms covered 4/4 cells
[JS INFO] L641: [perf] colors applied 2ms covered 4/4 cells
[JS INFO] L641: [perf] colors applied 2ms covered 4/4 cells
[JS INFO] L641: [perf] colors applied 2ms covered 4/4 cells
[JS INFO] L641: [perf] colors applied 2ms covered 4/4 cells
[JS INFO] L641: [perf] colors applied 3ms covered 4/4 cells
[JS INFO] L641: [perf] colors applied 2ms covered 4/4 cells
[JS INFO] L641: [perf] colors applied 2ms covered 4/4 cells
[JS INFO] L641: [perf] colors applied 2ms covered 4/4 cells
[JS INFO] L641: [perf] colors applied 1ms covered 4/4 cells
[JS INFO] L641: [perf] colors applied 3ms covered 4/4 cells
[JS INFO] L641: [perf] colors applied 3ms covered 4/4 cells
[JS INFO] L641: [perf] colors applied 3ms covered 4/4 cells
[JS INFO] L641: [perf] colors applied 2ms covered 4/4 cells
[JS INFO] L641: [perf] colors applied 1ms covered 4/4 cells
[JS INFO] L641: [perf] colors applied 5ms covered 4/4 cells
[JS INFO] L641: [perf] colors applied 4ms covered 4/4 cells
[JS INFO] L641: [perf] colors applied 1ms covered 4/4 cells
[JS INFO] L641: [perf] colors applied 2ms covered 4/4 cells
[JS INFO] L641: [perf] colors applied 1ms covered 4/4 cells
[JS INFO] L641: [perf] colors applied 2ms covered 4/4 cells
[JS INFO] L641: [perf] colors applied 2ms covered 4/4 cells
[JS INFO] L641: [perf] colors applied 2ms covered 4/4 cells
[JS INFO] L641: [perf] colors applied 1ms covered 4/4 cells
[JS INFO] L641: [perf] colors applied 2ms covered 4/4 cells
[JS INFO] L641: [perf] colors applied 2ms covered 4/4 cells
[JS INFO] L641: [perf] colors applied 3ms covered 4/4 cells
[JS INFO] L641: [perf] colors applied 2ms covered 4/4 cells
[JS INFO] L641: [perf] colors applied 2ms covered 4/4 cells
[JS INFO] L641: [perf] colors applied 2ms covered 4/4 cells
[JS INFO] L641: [perf] colors applied 1ms covered 4/4 cells
[JS INFO] L641: [perf] colors applied 6ms covered 4/4 cells
[JS INFO] L641: [perf] colors applied 2ms covered 4/4 cells
[JS INFO] L641: [perf] colors applied 1ms covered 4/4 cells
[JS INFO] L641: [perf] colors applied 2ms covered 4/4 cells
[JS INFO] L641: [perf] colors applied 3ms covered 4/4 cells
[JS INFO] L641: [perf] colors applied 3ms covered 4/4 cells
[JS INFO] L641: [perf] colors applied 7ms covered 4/4 cells
[JS INFO] L641: [perf] colors applied 2ms covered 4/4 cells
[JS INFO] L641: [perf] colors applied 2ms covered 4/4 cells
[JS INFO] L641: [perf] colors applied 2ms covered 4/4 cells
[JS INFO] L641: [perf] colors applied 2ms covered 4/4 cells
[JS INFO] L641: [perf] colors applied 1ms covered 4/4 cells
[JS INFO] L641: [perf] colors applied 2ms covered 4/4 cells
[JS INFO] L641: [perf] colors applied 2ms covered 4/4 cells
[JS INFO] L641: [perf] colors applied 2ms covered 4/4 cells
[JS INFO] L641: [perf] colors applied 2ms covered 4/4 cells
[JS INFO] L641: [perf] colors applied 2ms covered 4/4 cells
[JS INFO] L641: [perf] colors applied 2ms covered 4/4 cells
[JS INFO] L641: [perf] colors applied 2ms covered 4/4 cells
[JS INFO] L641: [perf] colors applied 2ms covered 4/4 cells
[JS INFO] L641: [perf] colors applied 4ms covered 4/4 cells
[JS INFO] L641: [perf] colors applied 2ms covered 4/4 cells
[JS INFO] L641: [perf] colors applied 2ms covered 4/4 cells
[JS INFO] L641: [perf] colors applied 2ms covered 4/4 cells
[JS INFO] L641: [perf] colors applied 3ms covered 4/4 cells
[JS INFO] L641: [perf] colors applied 2ms covered 4/4 cells
[JS INFO] L641: [perf] colors applied 2ms covered 4/4 cells
[JS INFO] L641: [perf] colors applied 3ms covered 4/4 cells
[JS INFO] L641: [perf] colors applied 2ms covered 4/4 cells
[JS INFO] L641: [perf] colors applied 2ms covered 4/4 cells
[JS INFO] L641: [perf] colors applied 1ms covered 4/4 cells
[JS INFO] L641: [perf] colors applied 2ms covered 4/4 cells
[JS INFO] L641: [perf] colors applied 3ms covered 4/4 cells
[JS INFO] L641: [perf] colors applied 3ms covered 4/4 cells
[JS INFO] L641: [perf] colors applied 2ms covered 4/4 cells
[JS INFO] L641: [perf] colors applied 3ms covered 4/4 cells
[JS INFO] L641: [perf] colors applied 2ms covered 4/4 cells
[JS INFO] L641: [perf] colors applied 2ms covered 4/4 cells
[JS INFO] L641: [perf] colors applied 2ms covered 4/4 cells
[JS INFO] L641: [perf] colors applied 2ms covered 4/4 cells
[JS INFO] L641: [perf] colors applied 2ms covered 4/4 cells
[JS INFO] L641: [perf] colors applied 2ms covered 4/4 cells
[JS INFO] L641: [perf] colors applied 2ms covered 4/4 cells
[JS INFO] L641: [perf] colors applied 3ms covered 4/4 cells
[JS INFO] L641: [perf] colors applied 2ms covered 4/4 cells
[JS INFO] L641: [perf] colors applied 2ms covered 4/4 cells
[JS INFO] L641: [perf] colors applied 3ms covered 4/4 cells
[JS INFO] L641: [perf] colors applied 2ms covered 4/4 cells
[JS INFO] L641: [perf] colors applied 2ms covered 4/4 cells
[JS INFO] L641: [perf] colors applied 2ms covered 4/4 cells
[JS INFO] L641: [perf] colors applied 2ms covered 4/4 cells
[JS INFO] L641: [perf] colors applied 2ms covered 4/4 cells
[JS INFO] L641: [perf] colors applied 1ms covered 4/4 cells
[JS INFO] L641: [perf] colors applied 3ms covered 4/4 cells
[JS INFO] L641: [perf] colors applied 2ms covered 4/4 cells
[JS INFO] L641: [perf] colors applied 2ms covered 4/4 cells
[JS INFO] L641: [perf] colors applied 2ms covered 4/4 cells
[JS INFO] L641: [perf] colors applied 2ms covered 4/4 cells
[JS INFO] L641: [perf] colors applied 2ms covered 4/4 cells
[JS INFO] L641: [perf] colors applied 2ms covered 4/4 cells
[JS INFO] L641: [perf] colors applied 2ms covered 4/4 cells
[JS INFO] L641: [perf] colors applied 2ms covered 4/4 cells
[JS INFO] L641: [perf] colors applied 2ms covered 4/4 cells
[JS INFO] L641: [perf] colors applied 2ms covered 4/4 cells
[JS INFO] L641: [perf] colors applied 3ms covered 4/4 cells
[JS INFO] L641: [perf] colors applied 2ms covered 4/4 cells
[JS INFO] L641: [perf] colors applied 2ms covered 4/4 cells
[JS INFO] L641: [perf] colors applied 2ms covered 4/4 cells
[JS INFO] L641: [perf] colors applied 3ms covered 4/4 cells
[JS INFO] L641: [perf] colors applied 2ms covered 4/4 cells
[JS INFO] L641: [perf] colors applied 2ms covered 4/4 cells
[JS INFO] L641: [perf] colors applied 2ms covered 4/4 cells
[JS INFO] L641: [perf] colors applied 2ms covered 4/4 cells
[JS INFO] L641: [perf] colors applied 2ms covered 4/4 cells
[JS INFO] L641: [perf] colors applied 2ms covered 4/4 cells
[JS INFO] L641: [perf] colors applied 2ms covered 4/4 cells
[JS INFO] L641: [perf] colors applied 2ms covered 4/4 cells
[JS INFO] L641: [perf] colors applied 2ms covered 4/4 cells
[JS INFO] L641: [perf] colors applied 3ms covered 4/4 cells
[JS INFO] L641: [perf] colors applied 2ms covered 4/4 cells
[JS INFO] L641: [perf] colors applied 3ms covered 4/4 cells
[JS INFO] L641: [perf] colors applied 3ms covered 4/4 cells
[JS INFO] L641: [perf] colors applied 2ms covered 4/4 cells
[JS INFO] L641: [perf] colors applied 3ms covered 4/4 cells
[JS INFO] L641: [perf] colors applied 3ms covered 4/4 cells
[JS INFO] L641: [perf] colors applied 3ms covered 4/4 cells
[JS INFO] L641: [perf] colors applied 3ms covered 4/4 cells
[JS INFO] L641: [perf] colors applied 2ms covered 4/4 cells
[JS INFO] L641: [perf] colors applied 3ms covered 4/4 cells
[JS INFO] L641: [perf] colors applied 3ms covered 4/4 cells
[JS INFO] L641: [perf] colors applied 3ms covered 4/4 cells
[JS INFO] L641: [perf] colors applied 3ms covered 4/4 cells
[JS INFO] L641: [perf] colors applied 2ms covered 4/4 cells
[JS INFO] L641: [perf] colors applied 2ms covered 4/4 cells
[JS INFO] L641: [perf] colors applied 2ms covered 4/4 cells
[JS INFO] L641: [perf] colors applied 2ms covered 4/4 cells
[JS INFO] L641: [perf] colors applied 2ms covered 4/4 cells
[JS INFO] L641: [perf] colors applied 2ms covered 4/4 cells
[JS INFO] L641: [perf] colors applied 2ms covered 4/4 cells
[JS INFO] L641: [perf] colors applied 2ms covered 4/4 cells
[JS INFO] L641: [perf] colors applied 3ms covered 4/4 cells
[JS INFO] L641: [perf] colors applied 2ms covered 4/4 cells
[JS INFO] L641: [perf] colors applied 2ms covered 4/4 cells
[JS INFO] L641: [perf] colors applied 2ms covered 4/4 cells
[JS INFO] L641: [perf] colors applied 3ms covered 4/4 cells
[JS INFO] L641: [perf] colors applied 2ms covered 4/4 cells
[JS INFO] L641: [perf] colors applied 2ms covered 4/4 cells
[JS INFO] L641: [perf] colors applied 3ms covered 4/4 cells
[JS INFO] L641: [perf] colors applied 2ms covered 4/4 cells
[JS INFO] L641: [perf] colors applied 2ms covered 4/4 cells
[JS INFO] L641: [perf] colors applied 3ms covered 4/4 cells
[JS INFO] L641: [perf] colors applied 2ms covered 4/4 cells
[JS INFO] L641: [perf] colors applied 2ms covered 4/4 cells
[JS INFO] L641: [perf] colors applied 2ms covered 4/4 cells
[JS INFO] L641: [perf] colors applied 2ms covered 4/4 cells
[JS INFO] L641: [perf] colors applied 2ms covered 4/4 cells
[JS INFO] L641: [perf] colors applied 2ms covered 4/4 cells
[JS INFO] L641: [perf] colors applied 2ms covered 4/4 cells
[JS INFO] L641: [perf] colors applied 2ms covered 4/4 cells
[JS INFO] L641: [perf] colors applied 2ms covered 4/4 cells
[JS INFO] L641: [perf] colors applied 2ms covered 4/4 cells
[JS INFO] L641: [perf] colors applied 2ms covered 4/4 cells
[JS INFO] L641: [perf] colors applied 2ms covered 4/4 cells
[JS INFO] L641: [perf] colors applied 3ms covered 4/4 cells
[JS INFO] L641: [perf] colors applied 2ms covered 4/4 cells
[JS INFO] L641: [perf] colors applied 2ms covered 4/4 cells
[JS INFO] L641: [perf] colors applied 2ms covered 4/4 cells
[JS INFO] L641: [perf] colors applied 2ms covered 4/4 cells
[JS INFO] L641: [perf] colors applied 29ms covered 4/4 cells
[JS INFO] L641: [perf] colors applied 3ms covered 4/4 cells
[JS INFO] L641: [perf] colors applied 2ms covered 4/4 cells
[JS INFO] L641: [perf] colors applied 2ms covered 4/4 cells
[JS INFO] L641: [perf] colors applied 2ms covered 4/4 cells
[JS INFO] L641: [perf] colors applied 2ms covered 4/4 cells
[JS INFO] L641: [perf] colors applied 3ms covered 4/4 cells
[JS INFO] L641: [perf] colors applied 2ms covered 4/4 cells
[JS INFO] L641: [perf] colors applied 1ms covered 4/4 cells
[JS INFO] L641: [perf] colors applied 2ms covered 4/4 cells
[JS INFO] L641: [perf] colors applied 2ms covered 4/4 cells
[JS INFO] L641: [perf] colors applied 2ms covered 4/4 cells
[JS INFO] L641: [perf] colors applied 2ms covered 4/4 cells
[JS INFO] L641: [perf] colors applied 2ms covered 4/4 cells
[JS INFO] L641: [perf] colors applied 2ms covered 4/4 cells
[JS INFO] L641: [perf] colors applied 2ms covered 4/4 cells
[JS INFO] L641: [perf] colors applied 2ms covered 4/4 cells
[JS INFO] L641: [perf] colors applied 2ms covered 4/4 cells
[JS INFO] L641: [perf] colors applied 2ms covered 4/4 cells
[JS INFO] L641: [perf] colors applied 2ms covered 4/4 cells
[JS INFO] L641: [perf] colors applied 2ms covered 4/4 cells
[JS INFO] L641: [perf] colors applied 3ms covered 4/4 cells
[JS INFO] L641: [perf] colors applied 2ms covered 4/4 cells
[JS INFO] L641: [perf] colors applied 2ms covered 4/4 cells
[JS INFO] L641: [perf] colors applied 2ms covered 4/4 cells
[JS INFO] L641: [perf] colors applied 2ms covered 4/4 cells
[JS INFO] L641: [perf] colors applied 2ms covered 4/4 cells
[JS INFO] L641: [perf] colors applied 3ms covered 4/4 cells
[JS INFO] L641: [perf] colors applied 2ms covered 4/4 cells
[JS INFO] L641: [perf] colors applied 2ms covered 4/4 cells
[JS INFO] L641: [perf] colors applied 2ms covered 4/4 cells
[JS INFO] L641: [perf] colors applied 2ms covered 4/4 cells
[JS INFO] L641: [perf] colors applied 2ms covered 4/4 cells
[JS INFO] L641: [perf] colors applied 2ms covered 4/4 cells
[JS INFO] L641: [perf] colors applied 2ms covered 4/4 cells
[JS INFO] L641: [perf] colors applied 2ms covered 4/4 cells
[JS INFO] L641: [perf] colors applied 2ms covered 4/4 cells
[JS INFO] L641: [perf] colors applied 4ms covered 4/4 cells
[JS INFO] L641: [perf] colors applied 2ms covered 4/4 cells
[JS INFO] L641: [perf] colors applied 2ms covered 4/4 cells
[JS INFO] L641: [perf] colors applied 1ms covered 4/4 cells
[JS INFO] L641: [perf] colors applied 2ms covered 4/4 cells
[JS INFO] L641: [perf] colors applied 2ms covered 4/4 cells
[JS INFO] L641: [perf] colors applied 2ms covered 4/4 cells
[JS INFO] L641: [perf] colors applied 2ms covered 4/4 cells
[JS INFO] L641: [perf] colors applied 2ms covered 4/4 cells
[JS INFO] L641: [perf] colors applied 2ms covered 4/4 cells
[JS INFO] L641: [perf] colors applied 2ms covered 4/4 cells
[JS INFO] L641: [perf] colors applied 2ms covered 4/4 cells
[JS INFO] L641: [perf] colors applied 2ms covered 4/4 cells
[JS INFO] L641: [perf] colors applied 1ms covered 4/4 cells
[JS INFO] L641: [perf] colors applied 2ms covered 4/4 cells
[JS INFO] L641: [perf] colors applied 3ms covered 4/4 cells
[JS INFO] L641: [perf] colors applied 3ms covered 4/4 cells
[JS INFO] L641: [perf] colors applied 2ms covered 4/4 cells
[JS INFO] L641: [perf] colors applied 2ms covered 4/4 cells
[JS INFO] L641: [perf] colors applied 2ms covered 4/4 cells
[JS INFO] L641: [perf] colors applied 2ms covered 4/4 cells
[JS INFO] L641: [perf] colors applied 2ms covered 4/4 cells
[JS INFO] L641: [perf] colors applied 2ms covered 4/4 cells
[JS INFO] L641: [perf] colors applied 5ms covered 4/4 cells
[JS INFO] L641: [perf] colors applied 3ms covered 4/4 cells
