=== 3D拟物Layout编辑器 v1.0.0 ===
启动: 2026-07-10T11:58:33.530335
[log] 日志文件: D:\workshop\3D-\src\log\app_20260710_115833.log
[init] find_root() = D:\workshop\3D-
[init] html_path = D:\workshop\3D-\src\3D编辑器原型.html
[init] HTTP port = 50428
[init] loading URL = http://127.0.0.1:50428/src/3D%E7%BC%96%E8%BE%91%E5%99%A8%E5%8E%9F%E5%9E%8B.html
[init] WebEngine load succeeded
[open] reading C:/Users/lenovo/Desktop/效果/手套.3dlp
[open] zip contents: ['project.json', '手套模型.stl']
[open] model_file=手套模型.stl model_format=stl
[open] model raw size=74938584 bytes
[open] resolved format=stl
[open] 大模型 (1498770面) 正在降采样...
[open] 降采样成功: 1498770→300000面
[open] cells=6 total_points=200 coord_space=model_local_mm_legacy unit_mm=1000.0
[open] cache_path=D:\workshop\3D-\src\_model_cache\opened_e75a721d_手套模型.stl
[open] cache_size=15000084 (raw=15000084)
[open] loadStl URL=/src/_model_cache/opened_e75a721d_%E6%89%8B%E5%A5%97%E6%A8%A1%E5%9E%8B.stl?v=1783655930987 format=stl cells=6
[JS INFO] L776: [bridge] pyCommand registered
[JS INFO] L816: [loadStl] received {"url":"/src/_model_cache/opened_e75a721d_%E6%89%8B%E5%A5%97%E6%A8%A","format":"stl","unit_mm":1000,"hasExplicitUnit":true,"cells":6}
[JS INFO] L871: [restore] coord=model_local_mm_legacy unit=1000 legacy=true cells=6
[JS INFO] L898: [restore-verify] #0 local=(0.0374,-0.0917,0.5468)
[JS INFO] L898: [restore-verify] #1 local=(-0.0059,-0.1003,0.4615)
[JS INFO] L898: [restore-verify] #2 local=(-0.0461,-0.0893,0.5138)
[JS INFO] L899: [restoreCells] restored=6 failed=0 raw=6 coord=model_local_mm_legacy unit=1000
[JS INFO] L906: [model-verify] {"boxMin":["-0.3","-0.2","-0.5"],"boxMax":["0.3","0.2","0.5"],"size":["1","0","1"],"center":["0","0","0"],"radius":"1","rtPos":["0","-0","-1"],"camPos":["2","-1","2"],"near":"0.0100","far":"65","Mvisible":true,"matVisible":true,"opacity":0.92,"sceneChildren":2}
[JS INFO] L917: [model-render] render OK
[open] reading C:/Users/lenovo/Desktop/效果/机器人.3dlp
[open] zip contents: ['project.json', '11072_HumanoidRobot_v3.obj']
[open] model_file=11072_HumanoidRobot_v3.obj model_format=obj
[open] model raw size=7750887 bytes
[open] resolved format=obj
[open] cells=37 total_points=200 coord_space=model_local_mm_legacy unit_mm=10.0
[open] cache_path=D:\workshop\3D-\src\_model_cache\opened_852ff2ac_11072_HumanoidRobot_v3.obj
[open] cache_size=7750887 (raw=7750887)
[open] loadStl URL=/src/_model_cache/opened_852ff2ac_11072_HumanoidRobot_v3.obj?v=1783655936377 format=obj cells=37
[JS INFO] L816: [loadStl] received {"url":"/src/_model_cache/opened_852ff2ac_11072_HumanoidRobot_v3.obj","format":"obj","unit_mm":10,"hasExplicitUnit":true,"cells":37}
[JS INFO] L871: [restore] coord=model_local_mm_legacy unit=10 legacy=true cells=37
[JS INFO] L898: [restore-verify] #0 local=(-3.5991,-20.9468,142.2370)
[JS INFO] L898: [restore-verify] #1 local=(3.0357,-22.7545,137.4753)
[JS INFO] L898: [restore-verify] #2 local=(-1.6474,-23.9382,127.0339)
[JS INFO] L899: [restoreCells] restored=37 failed=0 raw=37 coord=model_local_mm_legacy unit=10
[JS INFO] L906: [model-verify] {"boxMin":["-44.0","-14.9","-90.6"],"boxMax":["44.0","14.9","90.6"],"size":["88","30","181"],"center":["0","0","0"],"radius":"102","rtPos":["0","10","-91"],"camPos":["242","-138","242"],"near":"0.1019","far":"10186","Mvisible":true,"matVisible":true,"opacity":0.92,"sceneChildren":2}
[JS INFO] L917: [model-render] render OK
[open] reading C:/Users/lenovo/Desktop/效果/stp文件.3dlp
[open] zip contents: ['project.json', '半圆柱压头φ12_.stl']
[open] model_file=半圆柱压头φ12_.stl model_format=stl
[open] model raw size=82884 bytes
[open] resolved format=stl
[open] cells=4 total_points=200 coord_space=model_local_mm_legacy unit_mm=1.0
[open] cache_path=D:\workshop\3D-\src\_model_cache\opened_869e795d_半圆柱压头φ12_.stl
[open] cache_size=82884 (raw=82884)
[open] loadStl URL=/src/_model_cache/opened_869e795d_%E5%8D%8A%E5%9C%86%E6%9F%B1%E5%8E%8B%E5%A4%B4%CF%8612_.stl?v=1783655941076 format=stl cells=4
[JS INFO] L816: [loadStl] received {"url":"/src/_model_cache/opened_869e795d_%E5%8D%8A%E5%9C%86%E6%9F%B","format":"stl","unit_mm":1,"hasExplicitUnit":true,"cells":4}
[JS INFO] L871: [restore] coord=model_local_mm_legacy unit=1 legacy=true cells=4
[JS INFO] L898: [restore-verify] #0 local=(31.2395,0.0000,26.8960)
[JS INFO] L898: [restore-verify] #1 local=(16.1927,5.5818,35.0000)
[JS INFO] L898: [restore-verify] #2 local=(35.0000,4.3886,1.9755)
[JS INFO] L899: [restoreCells] restored=4 failed=0 raw=4 coord=model_local_mm_legacy unit=1
[JS INFO] L906: [model-verify] {"boxMin":["-35.0","-22.9","-35.0"],"boxMax":["35.0","22.9","35.0"],"size":["70","46","70"],"center":["0","0","0"],"radius":"55","rtPos":["0","-23","0"],"camPos":["130","-74","130"],"near":"0.0545","far":"5455","Mvisible":true,"matVisible":true,"opacity":0.92,"sceneChildren":2}
[JS INFO] L917: [model-render] render OK
[open] reading C:/Users/lenovo/Desktop/效果/篮球.3dlp
[open] zip contents: ['project.json', '15705_Basketball_Player-Free_Throw_v1.obj']
[open] model_file=15705_Basketball_Player-Free_Throw_v1.obj model_format=obj
[open] model raw size=6319264 bytes
[open] resolved format=obj
[open] cells=9 total_points=200 coord_space=model_local_mm_legacy unit_mm=1.0
[open] cache_path=D:\workshop\3D-\src\_model_cache\opened_3d54f68e_15705_Basketball_Player-Free_Throw_v1.obj
[open] cache_size=6319264 (raw=6319264)
[open] loadStl URL=/src/_model_cache/opened_3d54f68e_15705_Basketball_Player-Free_Throw_v1.obj?v=1783655944793 format=obj cells=9
[JS INFO] L816: [loadStl] received {"url":"/src/_model_cache/opened_3d54f68e_15705_Basketball_Player-Fr","format":"obj","unit_mm":1,"hasExplicitUnit":true,"cells":9}
[JS INFO] L867: [unit-correct] 1→1000 (dist 961.9→0.0)
[JS INFO] L871: [restore] coord=model_local_mm_legacy unit=1000 legacy=true cells=9
[JS INFO] L898: [restore-verify] #0 local=(-0.3652,-0.6831,0.5748)
[JS INFO] L898: [restore-verify] #1 local=(-0.3640,-0.6723,0.7352)
[JS INFO] L898: [restore-verify] #2 local=(-0.4184,-0.6843,0.6490)
[JS INFO] L899: [restoreCells] restored=9 failed=0 raw=9 coord=model_local_mm_legacy unit=1000
[JS INFO] L906: [model-verify] {"boxMin":["-2.4","-2.4","-5.4"],"boxMax":["2.4","2.4","5.4"],"size":["5","5","11"],"center":["0","0","0"],"radius":"6","rtPos":["4","6","-5"],"camPos":["15","-9","15"],"near":"0.0100","far":"637","Mvisible":true,"matVisible":true,"opacity":0.92,"sceneChildren":2}
[JS INFO] L917: [model-render] render OK
