=== 3D拟物Layout编辑器 v1.0.0 ===
启动: 2026-07-10T10:08:13.689324
[log] 日志文件: D:\workshop\3D-\src\log\app_20260710_100813.log
[init] find_root() = D:\workshop\3D-
[init] html_path = D:\workshop\3D-\src\3D编辑器原型.html
[init] HTTP port = 64150
[init] loading URL = http://127.0.0.1:64150/src/3D%E7%BC%96%E8%BE%91%E5%99%A8%E5%8E%9F%E5%9E%8B.html
[init] WebEngine load succeeded
[stp] === 非STP直接加载: D:/workshop/3D-/手套模型.stl ===
[decimate] 降采样失败,使用原模型: module 'trimesh.exchange.stl' has no attribute 'export_stl_binary'
[JS INFO] L803: [loadStl] received {"url":"/src/_model_cache/%E6%89%8B%E5%A5%97%E6%A8%A1%E5%9E%8B.stl","format":"stl","unit_mm":1,"hasExplicitUnit":true,"cells":0}
[JS INFO] L851: [model-verify] {"boxMin":["-0.3","-0.2","-0.5"],"boxMax":["0.3","0.2","0.5"],"size":["1","0","1"],"center":["0","0","0"],"radius":"1","rtPos":["0","-0","-1"],"camPos":["2","-1","2"],"near":"0.0100","far":"65","Mvisible":true,"matVisible":true,"opacity":0.92,"sceneChildren":2}
[JS INFO] L862: [model-render] render OK
[JS INFO] L579: [perf] vertex-local-pos cached 496ms 4496310 verts
[JS INFO] L602: [perf] cache built {"unitMM":1000,"FIELD_R":60,"fieldRadiusU":"0.06","vertices":4496310,"cellCount":22,"cvLen":656602,"cellRange":{"x":["-100.4","207.5"],"y":["-87.0","112.4"],"z":["181.5","1068.7"]},"bboxMin":["-106.4","-93.0","175.5"],"timeMs":"4059"}
[JS INFO] L635: [perf] colors applied 54ms covered 0/22 cells
[JS INFO] L635: [perf] colors applied 56ms covered 0/22 cells
[JS INFO] L635: [perf] colors applied 77ms covered 22/22 cells
[JS INFO] L635: [perf] colors applied 67ms covered 22/22 cells
[JS INFO] L635: [perf] colors applied 52ms covered 22/22 cells
[JS INFO] L635: [perf] colors applied 51ms covered 22/22 cells
[JS INFO] L635: [perf] colors applied 53ms covered 22/22 cells
[JS INFO] L635: [perf] colors applied 52ms covered 22/22 cells
[JS INFO] L635: [perf] colors applied 51ms covered 22/22 cells
[JS INFO] L635: [perf] colors applied 52ms covered 22/22 cells
[JS INFO] L635: [perf] colors applied 54ms covered 22/22 cells
[JS INFO] L635: [perf] colors applied 52ms covered 22/22 cells
[JS INFO] L635: [perf] colors applied 54ms covered 22/22 cells
[JS INFO] L635: [perf] colors applied 54ms covered 22/22 cells
[JS INFO] L635: [perf] colors applied 52ms covered 22/22 cells
[JS INFO] L635: [perf] colors applied 54ms covered 22/22 cells
[JS INFO] L635: [perf] colors applied 53ms covered 22/22 cells
[JS INFO] L635: [perf] colors applied 54ms covered 22/22 cells
[JS INFO] L635: [perf] colors applied 53ms covered 22/22 cells
[JS INFO] L635: [perf] colors applied 52ms covered 22/22 cells
[JS INFO] L635: [perf] colors applied 51ms covered 22/22 cells
[JS INFO] L635: [perf] colors applied 50ms covered 22/22 cells
[JS INFO] L635: [perf] colors applied 54ms covered 22/22 cells
[JS INFO] L635: [perf] colors applied 52ms covered 22/22 cells
[JS INFO] L635: [perf] colors applied 56ms covered 22/22 cells
[JS INFO] L635: [perf] colors applied 53ms covered 22/22 cells
[JS INFO] L635: [perf] colors applied 51ms covered 22/22 cells
[JS INFO] L635: [perf] colors applied 52ms covered 22/22 cells
[JS INFO] L635: [perf] colors applied 56ms covered 22/22 cells
[JS INFO] L635: [perf] colors applied 54ms covered 22/22 cells
[JS INFO] L635: [perf] colors applied 56ms covered 22/22 cells
[JS INFO] L635: [perf] colors applied 51ms covered 22/22 cells
[JS INFO] L635: [perf] colors applied 51ms covered 22/22 cells
[JS INFO] L635: [perf] colors applied 51ms covered 22/22 cells
[JS INFO] L635: [perf] colors applied 52ms covered 22/22 cells
[JS INFO] L635: [perf] colors applied 52ms covered 22/22 cells
[JS INFO] L635: [perf] colors applied 53ms covered 22/22 cells
[JS INFO] L635: [perf] colors applied 50ms covered 22/22 cells
[JS INFO] L635: [perf] colors applied 51ms covered 22/22 cells
[JS INFO] L635: [perf] colors applied 46ms covered 22/22 cells
[JS INFO] L635: [perf] colors applied 61ms covered 22/22 cells
[JS INFO] L635: [perf] colors applied 52ms covered 22/22 cells
[JS INFO] L635: [perf] colors applied 46ms covered 22/22 cells
[JS INFO] L635: [perf] colors applied 53ms covered 22/22 cells
[JS INFO] L635: [perf] colors applied 50ms covered 22/22 cells
[JS INFO] L635: [perf] colors applied 53ms covered 22/22 cells
[JS INFO] L635: [perf] colors applied 54ms covered 22/22 cells
[JS INFO] L635: [perf] colors applied 52ms covered 22/22 cells
[JS INFO] L635: [perf] colors applied 52ms covered 22/22 cells
[JS INFO] L635: [perf] colors applied 53ms covered 22/22 cells
[JS INFO] L635: [perf] colors applied 52ms covered 22/22 cells
[JS INFO] L635: [perf] colors applied 57ms covered 22/22 cells
[JS INFO] L635: [perf] colors applied 51ms covered 22/22 cells
[JS INFO] L635: [perf] colors applied 55ms covered 22/22 cells
[JS INFO] L635: [perf] colors applied 56ms covered 22/22 cells
[JS INFO] L635: [perf] colors applied 53ms covered 22/22 cells
[JS INFO] L635: [perf] colors applied 54ms covered 22/22 cells
[JS INFO] L635: [perf] colors applied 51ms covered 22/22 cells
[JS INFO] L635: [perf] colors applied 55ms covered 22/22 cells
[JS INFO] L635: [perf] colors applied 51ms covered 22/22 cells
[JS INFO] L635: [perf] colors applied 53ms covered 22/22 cells
[JS INFO] L635: [perf] colors applied 55ms covered 22/22 cells
[JS INFO] L635: [perf] colors applied 52ms covered 22/22 cells
[JS INFO] L635: [perf] colors applied 55ms covered 22/22 cells
[JS INFO] L635: [perf] colors applied 53ms covered 22/22 cells
[JS INFO] L635: [perf] colors applied 53ms covered 22/22 cells
[JS INFO] L635: [perf] colors applied 53ms covered 22/22 cells
[JS INFO] L635: [perf] colors applied 54ms covered 22/22 cells
[JS INFO] L635: [perf] colors applied 55ms covered 22/22 cells
[JS INFO] L635: [perf] colors applied 50ms covered 22/22 cells
[JS INFO] L635: [perf] colors applied 54ms covered 22/22 cells
[JS INFO] L635: [perf] colors applied 56ms covered 22/22 cells
[JS INFO] L635: [perf] colors applied 52ms covered 22/22 cells
[JS INFO] L635: [perf] colors applied 45ms covered 22/22 cells
[JS INFO] L635: [perf] colors applied 100ms covered 22/22 cells
[JS INFO] L635: [perf] colors applied 74ms covered 22/22 cells
[JS INFO] L635: [perf] colors applied 61ms covered 22/22 cells
[JS INFO] L635: [perf] colors applied 61ms covered 22/22 cells
[JS INFO] L635: [perf] colors applied 57ms covered 22/22 cells
[JS INFO] L635: [perf] colors applied 50ms covered 22/22 cells
[JS INFO] L635: [perf] colors applied 53ms covered 22/22 cells
[JS INFO] L635: [perf] colors applied 50ms covered 22/22 cells
[JS INFO] L635: [perf] colors applied 56ms covered 22/22 cells
[JS INFO] L635: [perf] colors applied 54ms covered 22/22 cells
[JS INFO] L635: [perf] colors applied 50ms covered 22/22 cells
[JS INFO] L635: [perf] colors applied 54ms covered 22/22 cells
[JS INFO] L635: [perf] colors applied 53ms covered 22/22 cells
[JS INFO] L635: [perf] colors applied 54ms covered 22/22 cells
[JS INFO] L635: [perf] colors applied 55ms covered 22/22 cells
[JS INFO] L635: [perf] colors applied 52ms covered 22/22 cells
[JS INFO] L635: [perf] colors applied 51ms covered 22/22 cells
[JS INFO] L635: [perf] colors applied 55ms covered 22/22 cells
[JS INFO] L635: [perf] colors applied 54ms covered 22/22 cells
[JS INFO] L635: [perf] colors applied 53ms covered 22/22 cells
[JS INFO] L635: [perf] colors applied 45ms covered 22/22 cells
[JS INFO] L635: [perf] colors applied 53ms covered 22/22 cells
[JS INFO] L635: [perf] colors applied 54ms covered 22/22 cells
[JS INFO] L635: [perf] colors applied 52ms covered 22/22 cells
[JS INFO] L635: [perf] colors applied 52ms covered 22/22 cells
[JS INFO] L635: [perf] colors applied 53ms covered 22/22 cells
[JS INFO] L635: [perf] colors applied 53ms covered 22/22 cells
[JS INFO] L635: [perf] colors applied 56ms covered 22/22 cells
[JS INFO] L635: [perf] colors applied 52ms covered 22/22 cells
[JS INFO] L635: [perf] colors applied 54ms covered 22/22 cells
[JS INFO] L635: [perf] colors applied 54ms covered 22/22 cells
[JS INFO] L635: [perf] colors applied 51ms covered 22/22 cells
[JS INFO] L635: [perf] colors applied 54ms covered 22/22 cells
[JS INFO] L635: [perf] colors applied 53ms covered 22/22 cells
[JS INFO] L635: [perf] colors applied 51ms covered 22/22 cells
[JS INFO] L635: [perf] colors applied 53ms covered 22/22 cells
[JS INFO] L635: [perf] colors applied 53ms covered 22/22 cells
[JS INFO] L635: [perf] colors applied 55ms covered 22/22 cells
[JS INFO] L635: [perf] colors applied 54ms covered 22/22 cells
[JS INFO] L635: [perf] colors applied 54ms covered 22/22 cells
[JS INFO] L635: [perf] colors applied 63ms covered 22/22 cells
[JS INFO] L635: [perf] colors applied 51ms covered 22/22 cells
[JS INFO] L635: [perf] colors applied 53ms covered 22/22 cells
[JS INFO] L635: [perf] colors applied 53ms covered 22/22 cells
[JS INFO] L635: [perf] colors applied 53ms covered 22/22 cells
[JS INFO] L635: [perf] colors applied 50ms covered 22/22 cells
[JS INFO] L635: [perf] colors applied 53ms covered 22/22 cells
[JS INFO] L635: [perf] colors applied 52ms covered 22/22 cells
[JS INFO] L635: [perf] colors applied 51ms covered 22/22 cells
[JS INFO] L635: [perf] colors applied 54ms covered 22/22 cells
[JS INFO] L635: [perf] colors applied 55ms covered 22/22 cells
[JS INFO] L635: [perf] colors applied 53ms covered 22/22 cells
[JS INFO] L635: [perf] colors applied 52ms covered 22/22 cells
[JS INFO] L635: [perf] colors applied 52ms covered 22/22 cells
[JS INFO] L635: [perf] colors applied 56ms covered 22/22 cells
[JS INFO] L635: [perf] colors applied 54ms covered 22/22 cells
[JS INFO] L635: [perf] colors applied 54ms covered 22/22 cells
[JS INFO] L635: [perf] colors applied 53ms covered 22/22 cells
[JS INFO] L635: [perf] colors applied 52ms covered 22/22 cells
[JS INFO] L635: [perf] colors applied 51ms covered 22/22 cells
[JS INFO] L635: [perf] colors applied 52ms covered 22/22 cells
[JS INFO] L635: [perf] colors applied 53ms covered 22/22 cells
[JS INFO] L635: [perf] colors applied 52ms covered 22/22 cells
[JS INFO] L635: [perf] colors applied 53ms covered 22/22 cells
[JS INFO] L635: [perf] colors applied 51ms covered 22/22 cells
[JS INFO] L635: [perf] colors applied 55ms covered 22/22 cells
[JS INFO] L635: [perf] colors applied 51ms covered 22/22 cells
[JS INFO] L635: [perf] colors applied 53ms covered 22/22 cells
[JS INFO] L635: [perf] colors applied 54ms covered 22/22 cells
[JS INFO] L635: [perf] colors applied 52ms covered 22/22 cells
[JS INFO] L635: [perf] colors applied 52ms covered 22/22 cells
[JS INFO] L635: [perf] colors applied 48ms covered 22/22 cells
[JS INFO] L635: [perf] colors applied 46ms covered 22/22 cells
[JS INFO] L635: [perf] colors applied 60ms covered 22/22 cells
[JS INFO] L635: [perf] colors applied 54ms covered 22/22 cells
[JS INFO] L635: [perf] colors applied 53ms covered 22/22 cells
[JS INFO] L635: [perf] colors applied 52ms covered 22/22 cells
[JS INFO] L635: [perf] colors applied 56ms covered 22/22 cells
[JS INFO] L635: [perf] colors applied 48ms covered 22/22 cells
[JS INFO] L635: [perf] colors applied 54ms covered 22/22 cells
[JS INFO] L635: [perf] colors applied 54ms covered 22/22 cells
[JS INFO] L635: [perf] colors applied 48ms covered 22/22 cells
[JS INFO] L635: [perf] colors applied 46ms covered 22/22 cells
[JS INFO] L635: [perf] colors applied 52ms covered 22/22 cells
[JS INFO] L635: [perf] colors applied 47ms covered 22/22 cells
[JS INFO] L635: [perf] colors applied 55ms covered 22/22 cells
[JS INFO] L635: [perf] colors applied 50ms covered 22/22 cells
[JS INFO] L635: [perf] colors applied 46ms covered 22/22 cells
[JS INFO] L635: [perf] colors applied 46ms covered 22/22 cells
[JS INFO] L635: [perf] colors applied 47ms covered 22/22 cells
[JS INFO] L635: [perf] colors applied 46ms covered 22/22 cells
[JS INFO] L635: [perf] colors applied 46ms covered 22/22 cells
[JS INFO] L635: [perf] colors applied 46ms covered 22/22 cells
[JS INFO] L635: [perf] colors applied 48ms covered 22/22 cells
[JS INFO] L635: [perf] colors applied 50ms covered 22/22 cells
[JS INFO] L635: [perf] colors applied 43ms covered 22/22 cells
[JS INFO] L635: [perf] colors applied 52ms covered 22/22 cells
[JS INFO] L635: [perf] colors applied 54ms covered 22/22 cells
[JS INFO] L635: [perf] colors applied 53ms covered 22/22 cells
[JS INFO] L635: [perf] colors applied 53ms covered 22/22 cells
[JS INFO] L635: [perf] colors applied 51ms covered 22/22 cells
[JS INFO] L635: [perf] colors applied 52ms covered 22/22 cells
[JS INFO] L635: [perf] colors applied 52ms covered 22/22 cells
[JS INFO] L635: [perf] colors applied 52ms covered 22/22 cells
[JS INFO] L635: [perf] colors applied 52ms covered 22/22 cells
[JS INFO] L635: [perf] colors applied 51ms covered 22/22 cells
[JS INFO] L635: [perf] colors applied 47ms covered 22/22 cells
[JS INFO] L635: [perf] colors applied 45ms covered 22/22 cells
[JS INFO] L635: [perf] colors applied 49ms covered 22/22 cells
[JS INFO] L635: [perf] colors applied 47ms covered 22/22 cells
[JS INFO] L635: [perf] colors applied 47ms covered 22/22 cells
[JS INFO] L635: [perf] colors applied 48ms covered 22/22 cells
[JS INFO] L635: [perf] colors applied 50ms covered 22/22 cells
[JS INFO] L635: [perf] colors applied 48ms covered 22/22 cells
[JS INFO] L635: [perf] colors applied 46ms covered 22/22 cells
[JS INFO] L635: [perf] colors applied 53ms covered 22/22 cells
[JS INFO] L635: [perf] colors applied 48ms covered 22/22 cells
[JS INFO] L635: [perf] colors applied 46ms covered 22/22 cells
[JS INFO] L635: [perf] colors applied 51ms covered 22/22 cells
[JS INFO] L635: [perf] colors applied 48ms covered 22/22 cells
[JS INFO] L635: [perf] colors applied 49ms covered 22/22 cells
[JS INFO] L635: [perf] colors applied 45ms covered 22/22 cells
[JS INFO] L635: [perf] colors applied 51ms covered 22/22 cells
[JS INFO] L635: [perf] colors applied 47ms covered 22/22 cells
[JS INFO] L635: [perf] colors applied 62ms covered 22/22 cells
[JS INFO] L635: [perf] colors applied 46ms covered 22/22 cells
[JS INFO] L635: [perf] colors applied 48ms covered 22/22 cells
[JS INFO] L635: [perf] colors applied 53ms covered 22/22 cells
[JS INFO] L635: [perf] colors applied 47ms covered 22/22 cells
[JS INFO] L635: [perf] colors applied 44ms covered 22/22 cells
[JS INFO] L635: [perf] colors applied 46ms covered 22/22 cells
[JS INFO] L635: [perf] colors applied 54ms covered 22/22 cells
[JS INFO] L635: [perf] colors applied 44ms covered 22/22 cells
[JS INFO] L635: [perf] colors applied 49ms covered 22/22 cells
[JS INFO] L635: [perf] colors applied 47ms covered 22/22 cells
[JS INFO] L635: [perf] colors applied 45ms covered 22/22 cells
[JS INFO] L635: [perf] colors applied 52ms covered 22/22 cells
[JS INFO] L635: [perf] colors applied 45ms covered 22/22 cells
[JS INFO] L635: [perf] colors applied 47ms covered 22/22 cells
[JS INFO] L635: [perf] colors applied 45ms covered 22/22 cells
[JS INFO] L635: [perf] colors applied 50ms covered 22/22 cells
[JS INFO] L635: [perf] colors applied 48ms covered 22/22 cells
[JS INFO] L635: [perf] colors applied 51ms covered 22/22 cells
[JS INFO] L635: [perf] colors applied 45ms covered 22/22 cells
[JS INFO] L635: [perf] colors applied 49ms covered 22/22 cells
[JS INFO] L635: [perf] colors applied 44ms covered 22/22 cells
[JS INFO] L635: [perf] colors applied 53ms covered 22/22 cells
[JS INFO] L635: [perf] colors applied 46ms covered 22/22 cells
[JS INFO] L635: [perf] colors applied 48ms covered 22/22 cells
[JS INFO] L635: [perf] colors applied 50ms covered 22/22 cells
[JS INFO] L635: [perf] colors applied 45ms covered 22/22 cells
[JS INFO] L635: [perf] colors applied 51ms covered 22/22 cells
[JS INFO] L635: [perf] colors applied 46ms covered 22/22 cells
[JS INFO] L635: [perf] colors applied 44ms covered 22/22 cells
[JS INFO] L635: [perf] colors applied 45ms covered 22/22 cells
[JS INFO] L635: [perf] colors applied 45ms covered 22/22 cells
[JS INFO] L635: [perf] colors applied 49ms covered 22/22 cells
[JS INFO] L635: [perf] colors applied 45ms covered 22/22 cells
[JS INFO] L635: [perf] colors applied 48ms covered 22/22 cells
[JS INFO] L635: [perf] colors applied 51ms covered 22/22 cells
[JS INFO] L635: [perf] colors applied 48ms covered 22/22 cells
[JS INFO] L635: [perf] colors applied 49ms covered 22/22 cells
[JS INFO] L635: [perf] colors applied 47ms covered 22/22 cells
[JS INFO] L635: [perf] colors applied 50ms covered 22/22 cells
[JS INFO] L635: [perf] colors applied 47ms covered 22/22 cells
[JS INFO] L635: [perf] colors applied 50ms covered 22/22 cells
[JS INFO] L635: [perf] colors applied 47ms covered 22/22 cells
[JS INFO] L635: [perf] colors applied 46ms covered 22/22 cells
[JS INFO] L635: [perf] colors applied 52ms covered 22/22 cells
[JS INFO] L635: [perf] colors applied 46ms covered 22/22 cells
[JS INFO] L635: [perf] colors applied 46ms covered 22/22 cells
[JS INFO] L635: [perf] colors applied 46ms covered 22/22 cells
[JS INFO] L635: [perf] colors applied 48ms covered 22/22 cells
[JS INFO] L635: [perf] colors applied 63ms covered 22/22 cells
[JS INFO] L635: [perf] colors applied 47ms covered 22/22 cells
[JS INFO] L635: [perf] colors applied 49ms covered 22/22 cells
[JS INFO] L635: [perf] colors applied 61ms covered 22/22 cells
[JS INFO] L635: [perf] colors applied 55ms covered 22/22 cells
[JS INFO] L635: [perf] colors applied 47ms covered 22/22 cells
[JS INFO] L635: [perf] colors applied 43ms covered 22/22 cells
[JS INFO] L635: [perf] colors applied 49ms covered 22/22 cells
[JS INFO] L635: [perf] colors applied 45ms covered 22/22 cells
[JS INFO] L635: [perf] colors applied 44ms covered 22/22 cells
[JS INFO] L635: [perf] colors applied 45ms covered 22/22 cells
[JS INFO] L635: [perf] colors applied 45ms covered 22/22 cells
[JS INFO] L635: [perf] colors applied 46ms covered 22/22 cells
[JS INFO] L635: [perf] colors applied 46ms covered 22/22 cells
[JS INFO] L635: [perf] colors applied 44ms covered 22/22 cells
[JS INFO] L635: [perf] colors applied 46ms covered 22/22 cells
[JS INFO] L635: [perf] colors applied 47ms covered 22/22 cells
[JS INFO] L635: [perf] colors applied 44ms covered 22/22 cells
[JS INFO] L635: [perf] colors applied 45ms covered 22/22 cells
[JS INFO] L635: [perf] colors applied 47ms covered 22/22 cells
[JS INFO] L635: [perf] colors applied 45ms covered 22/22 cells
[JS INFO] L635: [perf] colors applied 44ms covered 22/22 cells
[JS INFO] L635: [perf] colors applied 45ms covered 22/22 cells
[JS INFO] L635: [perf] colors applied 45ms covered 22/22 cells
[JS INFO] L635: [perf] colors applied 44ms covered 22/22 cells
[JS INFO] L635: [perf] colors applied 54ms covered 22/22 cells
[JS INFO] L635: [perf] colors applied 50ms covered 22/22 cells
[JS INFO] L635: [perf] colors applied 49ms covered 22/22 cells
[JS INFO] L635: [perf] colors applied 47ms covered 22/22 cells
[JS INFO] L635: [perf] colors applied 51ms covered 22/22 cells
[JS INFO] L635: [perf] colors applied 54ms covered 22/22 cells
[JS INFO] L635: [perf] colors applied 52ms covered 22/22 cells
[JS INFO] L635: [perf] colors applied 51ms covered 22/22 cells
[JS INFO] L635: [perf] colors applied 49ms covered 22/22 cells
[JS INFO] L635: [perf] colors applied 47ms covered 22/22 cells
[JS INFO] L635: [perf] colors applied 49ms covered 22/22 cells
[JS INFO] L635: [perf] colors applied 47ms covered 22/22 cells
[JS INFO] L635: [perf] colors applied 47ms covered 22/22 cells
[JS INFO] L635: [perf] colors applied 49ms covered 22/22 cells
[JS INFO] L635: [perf] colors applied 47ms covered 22/22 cells
[JS INFO] L635: [perf] colors applied 46ms covered 22/22 cells
[JS INFO] L635: [perf] colors applied 56ms covered 22/22 cells
[JS INFO] L635: [perf] colors applied 46ms covered 22/22 cells
[JS INFO] L635: [perf] colors applied 46ms covered 22/22 cells
[JS INFO] L635: [perf] colors applied 50ms covered 22/22 cells
[JS INFO] L635: [perf] colors applied 50ms covered 22/22 cells
[JS INFO] L635: [perf] colors applied 47ms covered 22/22 cells
[JS INFO] L635: [perf] colors applied 45ms covered 22/22 cells
[open] reading C:/Users/lenovo/Desktop/效果/手套.3dlp
[open] zip contents: ['project.json', '手套模型.stl']
[open] model_file=手套模型.stl model_format=stl
[open] model raw size=74938584 bytes
[open] resolved format=stl
[open] cells=6 total_points=200
[open] cache_path=D:\workshop\3D-\src\_model_cache\opened_2ec84af2_手套模型.stl
[open] cache_size=74938584 (raw=74938584)
[open] loadStl URL=/src/_model_cache/opened_2ec84af2_%E6%89%8B%E5%A5%97%E6%A8%A1%E5%9E%8B.stl?v=1783649394490 format=stl cells=6
[JS INFO] L635: [perf] colors applied 57ms covered 22/22 cells
[JS INFO] L635: [perf] colors applied 53ms covered 22/22 cells
[JS INFO] L635: [perf] colors applied 52ms covered 22/22 cells
[JS INFO] L635: [perf] colors applied 50ms covered 22/22 cells
[JS INFO] L635: [perf] colors applied 47ms covered 22/22 cells
[JS INFO] L635: [perf] colors applied 48ms covered 22/22 cells
[JS INFO] L635: [perf] colors applied 48ms covered 22/22 cells
[JS INFO] L803: [loadStl] received {"url":"/src/_model_cache/opened_2ec84af2_%E6%89%8B%E5%A5%97%E6%A8%A","format":"stl","unit_mm":1000,"hasExplicitUnit":true,"cells":6}
[JS INFO] L851: [model-verify] {"boxMin":["-0.3","-0.2","-0.5"],"boxMax":["0.3","0.2","0.5"],"size":["1","0","1"],"center":["0","0","0"],"radius":"1","rtPos":["0","-0","-1"],"camPos":["2","-1","2"],"near":"0.0100","far":"65","Mvisible":true,"matVisible":true,"opacity":0.92,"sceneChildren":2}
[JS INFO] L862: [model-render] render OK
[JS INFO] L579: [perf] vertex-local-pos cached 526ms 4496310 verts
[JS INFO] L602: [perf] cache built {"unitMM":1000,"FIELD_R":60,"fieldRadiusU":"0.06","vertices":4496310,"cellCount":7,"cvLen":102258,"cellRange":{"x":["-73.4","139.2"],"y":["-109.1","-89.3"],"z":["389.2","546.8"]},"bboxMin":["-79.4","-115.1","383.2"],"timeMs":"2992"}
[JS INFO] L635: [perf] colors applied 25ms covered 6/7 cells
[JS INFO] L635: [perf] colors applied 19ms covered 6/7 cells
[JS INFO] L635: [perf] colors applied 19ms covered 7/7 cells
[JS INFO] L635: [perf] colors applied 8ms covered 7/7 cells
[JS INFO] L635: [perf] colors applied 8ms covered 7/7 cells
[JS INFO] L635: [perf] colors applied 10ms covered 7/7 cells
[JS INFO] L635: [perf] colors applied 11ms covered 7/7 cells
[JS INFO] L635: [perf] colors applied 9ms covered 7/7 cells
[JS INFO] L635: [perf] colors applied 10ms covered 7/7 cells
[JS INFO] L635: [perf] colors applied 8ms covered 7/7 cells
[JS INFO] L635: [perf] colors applied 11ms covered 7/7 cells
[JS INFO] L635: [perf] colors applied 10ms covered 7/7 cells
[JS INFO] L635: [perf] colors applied 10ms covered 7/7 cells
[JS INFO] L635: [perf] colors applied 9ms covered 7/7 cells
[JS INFO] L635: [perf] colors applied 10ms covered 7/7 cells
[JS INFO] L635: [perf] colors applied 8ms covered 7/7 cells
[JS INFO] L635: [perf] colors applied 9ms covered 7/7 cells
[JS INFO] L635: [perf] colors applied 9ms covered 7/7 cells
[JS INFO] L635: [perf] colors applied 14ms covered 7/7 cells
[JS INFO] L635: [perf] colors applied 9ms covered 7/7 cells
[JS INFO] L635: [perf] colors applied 11ms covered 7/7 cells
[JS INFO] L635: [perf] colors applied 9ms covered 7/7 cells
[JS INFO] L635: [perf] colors applied 9ms covered 7/7 cells
[JS INFO] L635: [perf] colors applied 10ms covered 7/7 cells
[JS INFO] L635: [perf] colors applied 9ms covered 7/7 cells
[JS INFO] L635: [perf] colors applied 9ms covered 7/7 cells
[JS INFO] L635: [perf] colors applied 10ms covered 7/7 cells
[JS INFO] L635: [perf] colors applied 8ms covered 7/7 cells
[JS INFO] L635: [perf] colors applied 8ms covered 7/7 cells
[JS INFO] L635: [perf] colors applied 10ms covered 7/7 cells
[JS INFO] L635: [perf] colors applied 8ms covered 7/7 cells
[JS INFO] L635: [perf] colors applied 9ms covered 7/7 cells
[JS INFO] L635: [perf] colors applied 10ms covered 7/7 cells
[JS INFO] L635: [perf] colors applied 10ms covered 7/7 cells
[JS INFO] L635: [perf] colors applied 9ms covered 7/7 cells
[JS INFO] L635: [perf] colors applied 8ms covered 7/7 cells
[JS INFO] L635: [perf] colors applied 11ms covered 7/7 cells
[JS INFO] L635: [perf] colors applied 11ms covered 7/7 cells
[JS INFO] L635: [perf] colors applied 10ms covered 7/7 cells
[JS INFO] L635: [perf] colors applied 11ms covered 7/7 cells
[JS INFO] L635: [perf] colors applied 14ms covered 7/7 cells
[JS INFO] L635: [perf] colors applied 10ms covered 7/7 cells
[JS INFO] L635: [perf] colors applied 11ms covered 7/7 cells
[JS INFO] L635: [perf] colors applied 22ms covered 7/7 cells
[JS INFO] L635: [perf] colors applied 11ms covered 7/7 cells
[JS INFO] L635: [perf] colors applied 11ms covered 7/7 cells
[JS INFO] L635: [perf] colors applied 11ms covered 7/7 cells
[JS INFO] L635: [perf] colors applied 10ms covered 7/7 cells
[JS INFO] L635: [perf] colors applied 12ms covered 7/7 cells
[JS INFO] L635: [perf] colors applied 12ms covered 7/7 cells
[JS INFO] L635: [perf] colors applied 11ms covered 7/7 cells
[JS INFO] L635: [perf] colors applied 12ms covered 7/7 cells
[JS INFO] L635: [perf] colors applied 11ms covered 7/7 cells
[JS INFO] L635: [perf] colors applied 8ms covered 7/7 cells
[JS INFO] L635: [perf] colors applied 10ms covered 7/7 cells
[JS INFO] L635: [perf] colors applied 8ms covered 7/7 cells
[JS INFO] L635: [perf] colors applied 10ms covered 7/7 cells
[JS INFO] L635: [perf] colors applied 12ms covered 7/7 cells
[JS INFO] L635: [perf] colors applied 9ms covered 7/7 cells
[JS INFO] L635: [perf] colors applied 10ms covered 7/7 cells
[JS INFO] L635: [perf] colors applied 10ms covered 7/7 cells
[JS INFO] L635: [perf] colors applied 8ms covered 7/7 cells
[JS INFO] L635: [perf] colors applied 8ms covered 7/7 cells
[JS INFO] L635: [perf] colors applied 9ms covered 7/7 cells
[JS INFO] L635: [perf] colors applied 8ms covered 7/7 cells
[JS INFO] L635: [perf] colors applied 11ms covered 7/7 cells
[JS INFO] L635: [perf] colors applied 9ms covered 7/7 cells
[JS INFO] L635: [perf] colors applied 8ms covered 7/7 cells
[JS INFO] L635: [perf] colors applied 8ms covered 7/7 cells
[JS INFO] L635: [perf] colors applied 8ms covered 7/7 cells
[JS INFO] L635: [perf] colors applied 9ms covered 7/7 cells
[JS INFO] L635: [perf] colors applied 8ms covered 7/7 cells
[JS INFO] L635: [perf] colors applied 8ms covered 7/7 cells
[JS INFO] L635: [perf] colors applied 8ms covered 7/7 cells
[JS INFO] L635: [perf] colors applied 9ms covered 7/7 cells
[JS INFO] L635: [perf] colors applied 9ms covered 7/7 cells
[JS INFO] L635: [perf] colors applied 8ms covered 7/7 cells
[JS INFO] L635: [perf] colors applied 8ms covered 7/7 cells
[JS INFO] L635: [perf] colors applied 8ms covered 7/7 cells
[JS INFO] L635: [perf] colors applied 12ms covered 7/7 cells
[JS INFO] L635: [perf] colors applied 8ms covered 7/7 cells
[JS INFO] L635: [perf] colors applied 9ms covered 7/7 cells
[JS INFO] L635: [perf] colors applied 9ms covered 7/7 cells
[JS INFO] L635: [perf] colors applied 8ms covered 7/7 cells
[JS INFO] L635: [perf] colors applied 12ms covered 7/7 cells
[open] reading C:/Users/lenovo/Desktop/效果/机器人.3dlp
[open] zip contents: ['project.json', '11072_HumanoidRobot_v3.obj']
[open] model_file=11072_HumanoidRobot_v3.obj model_format=obj
[open] model raw size=7750887 bytes
[open] resolved format=obj
[open] cells=37 total_points=200
[open] cache_path=D:\workshop\3D-\src\_model_cache\opened_099b08e8_11072_HumanoidRobot_v3.obj
[open] cache_size=7750887 (raw=7750887)
[open] loadStl URL=/src/_model_cache/opened_099b08e8_11072_HumanoidRobot_v3.obj?v=1783649420233 format=obj cells=37
[JS INFO] L635: [perf] colors applied 10ms covered 7/7 cells
[JS INFO] L635: [perf] colors applied 7ms covered 7/7 cells
[JS INFO] L635: [perf] colors applied 12ms covered 7/7 cells
[JS INFO] L803: [loadStl] received {"url":"/src/_model_cache/opened_099b08e8_11072_HumanoidRobot_v3.obj","format":"obj","unit_mm":10,"hasExplicitUnit":true,"cells":37}
[JS INFO] L851: [model-verify] {"boxMin":["-44.0","-14.9","-90.6"],"boxMax":["44.0","14.9","90.6"],"size":["88","30","181"],"center":["0","0","0"],"radius":"102","rtPos":["0","10","-91"],"camPos":["242","-138","242"],"near":"0.1019","far":"10186","Mvisible":true,"matVisible":true,"opacity":0.92,"sceneChildren":2}
[JS INFO] L862: [model-render] render OK
[JS INFO] L579: [perf] vertex-local-pos cached 47ms 299712 verts
[JS INFO] L602: [perf] cache built {"unitMM":10,"FIELD_R":60,"fieldRadiusU":"6.00","vertices":299712,"cellCount":37,"cvLen":31293,"cellRange":{"x":["-343.8","326.8"],"y":["-239.4","46.2"],"z":["394.5","1469.0"]},"bboxMin":["-349.8","-245.4","388.5"],"timeMs":"241"}
[JS INFO] L635: [perf] colors applied 11ms covered 37/37 cells
[JS INFO] L635: [perf] colors applied 2ms covered 37/37 cells
[JS INFO] L635: [perf] colors applied 4ms covered 37/37 cells
[JS INFO] L635: [perf] colors applied 2ms covered 37/37 cells
[JS INFO] L635: [perf] colors applied 4ms covered 37/37 cells
[JS INFO] L635: [perf] colors applied 2ms covered 37/37 cells
[JS INFO] L635: [perf] colors applied 3ms covered 37/37 cells
[JS INFO] L635: [perf] colors applied 4ms covered 37/37 cells
[JS INFO] L635: [perf] colors applied 2ms covered 37/37 cells
[JS INFO] L635: [perf] colors applied 2ms covered 37/37 cells
[JS INFO] L635: [perf] colors applied 2ms covered 37/37 cells
[JS INFO] L635: [perf] colors applied 2ms covered 37/37 cells
[JS INFO] L635: [perf] colors applied 5ms covered 37/37 cells
[JS INFO] L635: [perf] colors applied 2ms covered 37/37 cells
[JS INFO] L635: [perf] colors applied 3ms covered 37/37 cells
[JS INFO] L635: [perf] colors applied 2ms covered 37/37 cells
[JS INFO] L635: [perf] colors applied 2ms covered 37/37 cells
[JS INFO] L635: [perf] colors applied 4ms covered 37/37 cells
[JS INFO] L635: [perf] colors applied 3ms covered 37/37 cells
[JS INFO] L635: [perf] colors applied 3ms covered 37/37 cells
[JS INFO] L635: [perf] colors applied 2ms covered 37/37 cells
[JS INFO] L635: [perf] colors applied 3ms covered 37/37 cells
[JS INFO] L635: [perf] colors applied 2ms covered 37/37 cells
[JS INFO] L635: [perf] colors applied 2ms covered 37/37 cells
[JS INFO] L635: [perf] colors applied 2ms covered 37/37 cells
[JS INFO] L635: [perf] colors applied 3ms covered 37/37 cells
[JS INFO] L635: [perf] colors applied 2ms covered 37/37 cells
[JS INFO] L635: [perf] colors applied 3ms covered 37/37 cells
[JS INFO] L635: [perf] colors applied 3ms covered 37/37 cells
[JS INFO] L635: [perf] colors applied 2ms covered 37/37 cells
[JS INFO] L635: [perf] colors applied 2ms covered 37/37 cells
[JS INFO] L635: [perf] colors applied 2ms covered 37/37 cells
[JS INFO] L635: [perf] colors applied 7ms covered 37/37 cells
[JS INFO] L635: [perf] colors applied 2ms covered 37/37 cells
[JS INFO] L635: [perf] colors applied 2ms covered 37/37 cells
[JS INFO] L635: [perf] colors applied 2ms covered 37/37 cells
[JS INFO] L635: [perf] colors applied 4ms covered 37/37 cells
[JS INFO] L635: [perf] colors applied 3ms covered 37/37 cells
[JS INFO] L635: [perf] colors applied 2ms covered 37/37 cells
[JS INFO] L635: [perf] colors applied 2ms covered 37/37 cells
[JS INFO] L635: [perf] colors applied 2ms covered 37/37 cells
[JS INFO] L635: [perf] colors applied 2ms covered 37/37 cells
[JS INFO] L635: [perf] colors applied 3ms covered 37/37 cells
[JS INFO] L635: [perf] colors applied 2ms covered 37/37 cells
[JS INFO] L635: [perf] colors applied 2ms covered 37/37 cells
[JS INFO] L635: [perf] colors applied 2ms covered 37/37 cells
[JS INFO] L635: [perf] colors applied 2ms covered 37/37 cells
[JS INFO] L635: [perf] colors applied 6ms covered 37/37 cells
[JS INFO] L635: [perf] colors applied 2ms covered 37/37 cells
[JS INFO] L635: [perf] colors applied 2ms covered 37/37 cells
[JS INFO] L635: [perf] colors applied 2ms covered 37/37 cells
[JS INFO] L635: [perf] colors applied 3ms covered 37/37 cells
[JS INFO] L635: [perf] colors applied 2ms covered 37/37 cells
[JS INFO] L635: [perf] colors applied 2ms covered 37/37 cells
[JS INFO] L635: [perf] colors applied 2ms covered 37/37 cells
[JS INFO] L635: [perf] colors applied 2ms covered 37/37 cells
[JS INFO] L635: [perf] colors applied 6ms covered 37/37 cells
[JS INFO] L635: [perf] colors applied 4ms covered 37/37 cells
[JS INFO] L635: [perf] colors applied 2ms covered 37/37 cells
[JS INFO] L635: [perf] colors applied 4ms covered 37/37 cells
[JS INFO] L635: [perf] colors applied 2ms covered 37/37 cells
[JS INFO] L635: [perf] colors applied 3ms covered 37/37 cells
[JS INFO] L635: [perf] colors applied 4ms covered 37/37 cells
[JS INFO] L635: [perf] colors applied 2ms covered 37/37 cells
[JS INFO] L635: [perf] colors applied 2ms covered 37/37 cells
[JS INFO] L635: [perf] colors applied 2ms covered 37/37 cells
[JS INFO] L635: [perf] colors applied 2ms covered 37/37 cells
[JS INFO] L635: [perf] colors applied 3ms covered 37/37 cells
[JS INFO] L635: [perf] colors applied 2ms covered 37/37 cells
[JS INFO] L635: [perf] colors applied 8ms covered 37/37 cells
[JS INFO] L635: [perf] colors applied 2ms covered 37/37 cells
[JS INFO] L635: [perf] colors applied 3ms covered 37/37 cells
[JS INFO] L635: [perf] colors applied 3ms covered 37/37 cells
[JS INFO] L635: [perf] colors applied 3ms covered 37/37 cells
[JS INFO] L635: [perf] colors applied 2ms covered 37/37 cells
[JS INFO] L635: [perf] colors applied 2ms covered 37/37 cells
[JS INFO] L635: [perf] colors applied 3ms covered 37/37 cells
[JS INFO] L635: [perf] colors applied 6ms covered 37/37 cells
[JS INFO] L635: [perf] colors applied 3ms covered 37/37 cells
[JS INFO] L635: [perf] colors applied 2ms covered 37/37 cells
[JS INFO] L635: [perf] colors applied 2ms covered 37/37 cells
[JS INFO] L635: [perf] colors applied 2ms covered 37/37 cells
[JS INFO] L635: [perf] colors applied 4ms covered 37/37 cells
[JS INFO] L635: [perf] colors applied 2ms covered 37/37 cells
[JS INFO] L635: [perf] colors applied 3ms covered 37/37 cells
[JS INFO] L635: [perf] colors applied 2ms covered 37/37 cells
[JS INFO] L635: [perf] colors applied 4ms covered 37/37 cells
[JS INFO] L635: [perf] colors applied 6ms covered 37/37 cells
[JS INFO] L635: [perf] colors applied 2ms covered 37/37 cells
[JS INFO] L635: [perf] colors applied 2ms covered 37/37 cells
[JS INFO] L635: [perf] colors applied 2ms covered 37/37 cells
[JS INFO] L635: [perf] colors applied 2ms covered 37/37 cells
[JS INFO] L635: [perf] colors applied 2ms covered 37/37 cells
[JS INFO] L635: [perf] colors applied 2ms covered 37/37 cells
[JS INFO] L635: [perf] colors applied 2ms covered 37/37 cells
[JS INFO] L635: [perf] colors applied 2ms covered 37/37 cells
[JS INFO] L635: [perf] colors applied 2ms covered 37/37 cells
[JS INFO] L635: [perf] colors applied 2ms covered 37/37 cells
[JS INFO] L635: [perf] colors applied 2ms covered 37/37 cells
[JS INFO] L635: [perf] colors applied 2ms covered 37/37 cells
[JS INFO] L635: [perf] colors applied 2ms covered 37/37 cells
[JS INFO] L635: [perf] colors applied 2ms covered 37/37 cells
[JS INFO] L635: [perf] colors applied 2ms covered 37/37 cells
[JS INFO] L635: [perf] colors applied 2ms covered 37/37 cells
[JS INFO] L635: [perf] colors applied 2ms covered 37/37 cells
[JS INFO] L635: [perf] colors applied 2ms covered 37/37 cells
[JS INFO] L635: [perf] colors applied 2ms covered 37/37 cells
[JS INFO] L635: [perf] colors applied 2ms covered 37/37 cells
[JS INFO] L635: [perf] colors applied 2ms covered 37/37 cells
[JS INFO] L635: [perf] colors applied 2ms covered 37/37 cells
[JS INFO] L635: [perf] colors applied 2ms covered 37/37 cells
[JS INFO] L635: [perf] colors applied 2ms covered 37/37 cells
[JS INFO] L635: [perf] colors applied 2ms covered 37/37 cells
[JS INFO] L635: [perf] colors applied 7ms covered 37/37 cells
[JS INFO] L635: [perf] colors applied 2ms covered 37/37 cells
[JS INFO] L635: [perf] colors applied 4ms covered 37/37 cells
[JS INFO] L635: [perf] colors applied 2ms covered 37/37 cells
[JS INFO] L635: [perf] colors applied 3ms covered 37/37 cells
[JS INFO] L635: [perf] colors applied 3ms covered 37/37 cells
[JS INFO] L635: [perf] colors applied 2ms covered 37/37 cells
[JS INFO] L635: [perf] colors applied 2ms covered 37/37 cells
[JS INFO] L635: [perf] colors applied 2ms covered 37/37 cells
[JS INFO] L635: [perf] colors applied 3ms covered 37/37 cells
[JS INFO] L635: [perf] colors applied 7ms covered 37/37 cells
[JS INFO] L635: [perf] colors applied 2ms covered 37/37 cells
[JS INFO] L635: [perf] colors applied 2ms covered 37/37 cells
[JS INFO] L635: [perf] colors applied 2ms covered 37/37 cells
[JS INFO] L635: [perf] colors applied 2ms covered 37/37 cells
[JS INFO] L635: [perf] colors applied 7ms covered 37/37 cells
[JS INFO] L635: [perf] colors applied 2ms covered 37/37 cells
[JS INFO] L635: [perf] colors applied 2ms covered 37/37 cells
[JS INFO] L635: [perf] colors applied 2ms covered 37/37 cells
[JS INFO] L635: [perf] colors applied 7ms covered 37/37 cells
[JS INFO] L635: [perf] colors applied 6ms covered 37/37 cells
[JS INFO] L635: [perf] colors applied 2ms covered 37/37 cells
[JS INFO] L635: [perf] colors applied 2ms covered 37/37 cells
[JS INFO] L635: [perf] colors applied 2ms covered 37/37 cells
[JS INFO] L635: [perf] colors applied 3ms covered 37/37 cells
[JS INFO] L635: [perf] colors applied 2ms covered 37/37 cells
[JS INFO] L635: [perf] colors applied 2ms covered 37/37 cells
[JS INFO] L635: [perf] colors applied 2ms covered 37/37 cells
[JS INFO] L635: [perf] colors applied 4ms covered 37/37 cells
[JS INFO] L635: [perf] colors applied 4ms covered 37/37 cells
[JS INFO] L635: [perf] colors applied 2ms covered 37/37 cells
[JS INFO] L635: [perf] colors applied 4ms covered 37/37 cells
[JS INFO] L635: [perf] colors applied 2ms covered 37/37 cells
[JS INFO] L635: [perf] colors applied 5ms covered 37/37 cells
[JS INFO] L635: [perf] colors applied 2ms covered 37/37 cells
[JS INFO] L635: [perf] colors applied 2ms covered 37/37 cells
[JS INFO] L635: [perf] colors applied 4ms covered 37/37 cells
[JS INFO] L635: [perf] colors applied 2ms covered 37/37 cells
[JS INFO] L635: [perf] colors applied 2ms covered 37/37 cells
[JS INFO] L635: [perf] colors applied 5ms covered 37/37 cells
[JS INFO] L635: [perf] colors applied 2ms covered 37/37 cells
[JS INFO] L635: [perf] colors applied 2ms covered 37/37 cells
[JS INFO] L635: [perf] colors applied 2ms covered 37/37 cells
[JS INFO] L635: [perf] colors applied 4ms covered 37/37 cells
[JS INFO] L635: [perf] colors applied 4ms covered 37/37 cells
[JS INFO] L635: [perf] colors applied 2ms covered 37/37 cells
[JS INFO] L635: [perf] colors applied 2ms covered 37/37 cells
[JS INFO] L635: [perf] colors applied 2ms covered 37/37 cells
[JS INFO] L635: [perf] colors applied 2ms covered 37/37 cells
[JS INFO] L635: [perf] colors applied 2ms covered 37/37 cells
[JS INFO] L635: [perf] colors applied 7ms covered 37/37 cells
[JS INFO] L635: [perf] colors applied 3ms covered 37/37 cells
[JS INFO] L635: [perf] colors applied 2ms covered 37/37 cells
[JS INFO] L635: [perf] colors applied 3ms covered 37/37 cells
[JS INFO] L635: [perf] colors applied 2ms covered 37/37 cells
[JS INFO] L635: [perf] colors applied 2ms covered 37/37 cells
[JS INFO] L635: [perf] colors applied 2ms covered 37/37 cells
[JS INFO] L635: [perf] colors applied 2ms covered 37/37 cells
[JS INFO] L635: [perf] colors applied 3ms covered 37/37 cells
[JS INFO] L635: [perf] colors applied 3ms covered 37/37 cells
[JS INFO] L635: [perf] colors applied 2ms covered 37/37 cells
[JS INFO] L635: [perf] colors applied 9ms covered 37/37 cells
[JS INFO] L635: [perf] colors applied 2ms covered 37/37 cells
[JS INFO] L635: [perf] colors applied 2ms covered 37/37 cells
[JS INFO] L635: [perf] colors applied 2ms covered 37/37 cells
[JS INFO] L635: [perf] colors applied 2ms covered 37/37 cells
[JS INFO] L635: [perf] colors applied 3ms covered 37/37 cells
[JS INFO] L635: [perf] colors applied 2ms covered 37/37 cells
[JS INFO] L635: [perf] colors applied 2ms covered 37/37 cells
[JS INFO] L635: [perf] colors applied 3ms covered 37/37 cells
[JS INFO] L635: [perf] colors applied 2ms covered 37/37 cells
[JS INFO] L635: [perf] colors applied 2ms covered 37/37 cells
[JS INFO] L635: [perf] colors applied 3ms covered 37/37 cells
[JS INFO] L635: [perf] colors applied 4ms covered 37/37 cells
[JS INFO] L635: [perf] colors applied 5ms covered 37/37 cells
[JS INFO] L635: [perf] colors applied 3ms covered 37/37 cells
[JS INFO] L635: [perf] colors applied 6ms covered 37/37 cells
[JS INFO] L635: [perf] colors applied 2ms covered 37/37 cells
[JS INFO] L635: [perf] colors applied 4ms covered 37/37 cells
[JS INFO] L635: [perf] colors applied 3ms covered 37/37 cells
[JS INFO] L635: [perf] colors applied 2ms covered 37/37 cells
[JS INFO] L635: [perf] colors applied 2ms covered 37/37 cells
[JS INFO] L635: [perf] colors applied 3ms covered 37/37 cells
[JS INFO] L635: [perf] colors applied 2ms covered 37/37 cells
[stp] === 非STP直接加载: D:/workshop/3D-/obj模型/11072_HumanoidRobot_v3.obj ===
[JS INFO] L803: [loadStl] received {"url":"/src/_model_cache/11072_HumanoidRobot_v3.obj","format":"obj","unit_mm":1,"hasExplicitUnit":true,"cells":0}
[JS INFO] L851: [model-verify] {"boxMin":["-44.0","-14.9","-90.6"],"boxMax":["44.0","14.9","90.6"],"size":["88","30","181"],"center":["0","0","0"],"radius":"102","rtPos":["0","10","-91"],"camPos":["242","-138","242"],"near":"0.1019","far":"10186","Mvisible":true,"matVisible":true,"opacity":0.92,"sceneChildren":2}
[JS INFO] L862: [model-render] render OK
[stp] === 非STP直接加载: D:/workshop/3D-/obj模型/15705_Basketball_Player-Free_Throw_v1.obj ===
[JS INFO] L803: [loadStl] received {"url":"/src/_model_cache/15705_Basketball_Player-Free_Throw_v1.obj","format":"obj","unit_mm":1,"hasExplicitUnit":true,"cells":0}
[JS INFO] L851: [model-verify] {"boxMin":["-2.4","-2.4","-5.4"],"boxMax":["2.4","2.4","5.4"],"size":["5","5","11"],"center":["0","0","0"],"radius":"6","rtPos":["4","6","-5"],"camPos":["15","-9","15"],"near":"0.0100","far":"637","Mvisible":true,"matVisible":true,"opacity":0.92,"sceneChildren":2}
[JS INFO] L862: [model-render] render OK
[JS INFO] L579: [perf] vertex-local-pos cached 48ms 255984 verts
[JS INFO] L602: [perf] cache built {"unitMM":100,"FIELD_R":60,"fieldRadiusU":"0.60","vertices":255984,"cellCount":9,"cvLen":13744,"cellRange":{"x":["-497.7","-327.7"],"y":["-864.6","-611.4"],"z":["15.8","735.2"]},"bboxMin":["-503.7","-870.6","9.8"],"timeMs":"178"}
[JS INFO] L635: [perf] colors applied 8ms covered 0/9 cells
[JS INFO] L635: [perf] colors applied 9ms covered 0/9 cells
[JS INFO] L635: [perf] colors applied 1ms covered 9/9 cells
[JS INFO] L635: [perf] colors applied 1ms covered 9/9 cells
[JS INFO] L635: [perf] colors applied 3ms covered 9/9 cells
[JS INFO] L635: [perf] colors applied 3ms covered 9/9 cells
[JS INFO] L635: [perf] colors applied 4ms covered 9/9 cells
[JS INFO] L635: [perf] colors applied 1ms covered 9/9 cells
[JS INFO] L635: [perf] colors applied 1ms covered 9/9 cells
[JS INFO] L635: [perf] colors applied 1ms covered 9/9 cells
[JS INFO] L635: [perf] colors applied 3ms covered 9/9 cells
[JS INFO] L635: [perf] colors applied 5ms covered 9/9 cells
[JS INFO] L635: [perf] colors applied 1ms covered 9/9 cells
[JS INFO] L635: [perf] colors applied 1ms covered 9/9 cells
[JS INFO] L635: [perf] colors applied 3ms covered 9/9 cells
[JS INFO] L635: [perf] colors applied 3ms covered 9/9 cells
[JS INFO] L635: [perf] colors applied 1ms covered 9/9 cells
[JS INFO] L635: [perf] colors applied 1ms covered 9/9 cells
[JS INFO] L635: [perf] colors applied 2ms covered 9/9 cells
[JS INFO] L635: [perf] colors applied 1ms covered 9/9 cells
[JS INFO] L635: [perf] colors applied 1ms covered 9/9 cells
[JS INFO] L635: [perf] colors applied 3ms covered 9/9 cells
[JS INFO] L635: [perf] colors applied 1ms covered 9/9 cells
[JS INFO] L635: [perf] colors applied 1ms covered 9/9 cells
[JS INFO] L635: [perf] colors applied 1ms covered 9/9 cells
[JS INFO] L635: [perf] colors applied 1ms covered 9/9 cells
[JS INFO] L635: [perf] colors applied 1ms covered 9/9 cells
[JS INFO] L635: [perf] colors applied 2ms covered 9/9 cells
[JS INFO] L635: [perf] colors applied 2ms covered 9/9 cells
[JS INFO] L635: [perf] colors applied 1ms covered 9/9 cells
[JS INFO] L635: [perf] colors applied 2ms covered 9/9 cells
[JS INFO] L635: [perf] colors applied 2ms covered 9/9 cells
[JS INFO] L635: [perf] colors applied 1ms covered 9/9 cells
[JS INFO] L635: [perf] colors applied 1ms covered 9/9 cells
[JS INFO] L635: [perf] colors applied 1ms covered 9/9 cells
[JS INFO] L635: [perf] colors applied 1ms covered 9/9 cells
[JS INFO] L635: [perf] colors applied 2ms covered 9/9 cells
[JS INFO] L635: [perf] colors applied 1ms covered 9/9 cells
[JS INFO] L635: [perf] colors applied 1ms covered 9/9 cells
[JS INFO] L635: [perf] colors applied 1ms covered 9/9 cells
[JS INFO] L635: [perf] colors applied 2ms covered 9/9 cells
[JS INFO] L635: [perf] colors applied 2ms covered 9/9 cells
[JS INFO] L635: [perf] colors applied 1ms covered 9/9 cells
[JS INFO] L635: [perf] colors applied 4ms covered 9/9 cells
[JS INFO] L635: [perf] colors applied 1ms covered 9/9 cells
[JS INFO] L635: [perf] colors applied 1ms covered 9/9 cells
[JS INFO] L635: [perf] colors applied 7ms covered 9/9 cells
[JS INFO] L635: [perf] colors applied 1ms covered 9/9 cells
[JS INFO] L635: [perf] colors applied 2ms covered 9/9 cells
[JS INFO] L635: [perf] colors applied 2ms covered 9/9 cells
[JS INFO] L635: [perf] colors applied 1ms covered 9/9 cells
[JS INFO] L635: [perf] colors applied 2ms covered 9/9 cells
[JS INFO] L635: [perf] colors applied 3ms covered 9/9 cells
[JS INFO] L635: [perf] colors applied 2ms covered 9/9 cells
[JS INFO] L635: [perf] colors applied 1ms covered 9/9 cells
[JS INFO] L635: [perf] colors applied 1ms covered 9/9 cells
[JS INFO] L635: [perf] colors applied 3ms covered 9/9 cells
[JS INFO] L635: [perf] colors applied 1ms covered 9/9 cells
[JS INFO] L635: [perf] colors applied 1ms covered 9/9 cells
[JS INFO] L635: [perf] colors applied 1ms covered 9/9 cells
[JS INFO] L635: [perf] colors applied 1ms covered 9/9 cells
[JS INFO] L635: [perf] colors applied 3ms covered 9/9 cells
[JS INFO] L635: [perf] colors applied 2ms covered 9/9 cells
[JS INFO] L635: [perf] colors applied 3ms covered 9/9 cells
[JS INFO] L635: [perf] colors applied 1ms covered 9/9 cells
[JS INFO] L635: [perf] colors applied 1ms covered 9/9 cells
[JS INFO] L635: [perf] colors applied 1ms covered 9/9 cells
[JS INFO] L635: [perf] colors applied 1ms covered 9/9 cells
[JS INFO] L635: [perf] colors applied 1ms covered 9/9 cells
[JS INFO] L635: [perf] colors applied 1ms covered 9/9 cells
[JS INFO] L635: [perf] colors applied 1ms covered 9/9 cells
[JS INFO] L635: [perf] colors applied 5ms covered 9/9 cells
[JS INFO] L635: [perf] colors applied 1ms covered 9/9 cells
[JS INFO] L635: [perf] colors applied 2ms covered 9/9 cells
[JS INFO] L635: [perf] colors applied 1ms covered 9/9 cells
[JS INFO] L635: [perf] colors applied 2ms covered 9/9 cells
[JS INFO] L635: [perf] colors applied 1ms covered 9/9 cells
[JS INFO] L635: [perf] colors applied 1ms covered 9/9 cells
[JS INFO] L635: [perf] colors applied 5ms covered 9/9 cells
[JS INFO] L635: [perf] colors applied 1ms covered 9/9 cells
[JS INFO] L635: [perf] colors applied 1ms covered 9/9 cells
[JS INFO] L635: [perf] colors applied 2ms covered 9/9 cells
[JS INFO] L635: [perf] colors applied 1ms covered 9/9 cells
[JS INFO] L635: [perf] colors applied 1ms covered 9/9 cells
[JS INFO] L635: [perf] colors applied 1ms covered 9/9 cells
[JS INFO] L635: [perf] colors applied 1ms covered 9/9 cells
[JS INFO] L635: [perf] colors applied 2ms covered 9/9 cells
[JS INFO] L635: [perf] colors applied 1ms covered 9/9 cells
[JS INFO] L635: [perf] colors applied 1ms covered 9/9 cells
[JS INFO] L635: [perf] colors applied 1ms covered 9/9 cells
[JS INFO] L635: [perf] colors applied 1ms covered 9/9 cells
[JS INFO] L635: [perf] colors applied 2ms covered 9/9 cells
[JS INFO] L635: [perf] colors applied 1ms covered 9/9 cells
[JS INFO] L635: [perf] colors applied 2ms covered 9/9 cells
[JS INFO] L635: [perf] colors applied 3ms covered 9/9 cells
[JS INFO] L635: [perf] colors applied 1ms covered 9/9 cells
[JS INFO] L635: [perf] colors applied 2ms covered 9/9 cells
[JS INFO] L635: [perf] colors applied 1ms covered 9/9 cells
[JS INFO] L635: [perf] colors applied 1ms covered 9/9 cells
[JS INFO] L635: [perf] colors applied 1ms covered 9/9 cells
[JS INFO] L635: [perf] colors applied 1ms covered 9/9 cells
[JS INFO] L635: [perf] colors applied 2ms covered 9/9 cells
[JS INFO] L635: [perf] colors applied 1ms covered 9/9 cells
[JS INFO] L635: [perf] colors applied 1ms covered 9/9 cells
[JS INFO] L635: [perf] colors applied 3ms covered 9/9 cells
[JS INFO] L635: [perf] colors applied 4ms covered 9/9 cells
[JS INFO] L635: [perf] colors applied 3ms covered 9/9 cells
[JS INFO] L635: [perf] colors applied 2ms covered 9/9 cells
[JS INFO] L635: [perf] colors applied 3ms covered 9/9 cells
[JS INFO] L635: [perf] colors applied 3ms covered 9/9 cells
[JS INFO] L635: [perf] colors applied 3ms covered 9/9 cells
[JS INFO] L635: [perf] colors applied 1ms covered 9/9 cells
[JS INFO] L635: [perf] colors applied 1ms covered 9/9 cells
[JS INFO] L635: [perf] colors applied 1ms covered 9/9 cells
[JS INFO] L635: [perf] colors applied 1ms covered 9/9 cells
[JS INFO] L635: [perf] colors applied 1ms covered 9/9 cells
[JS INFO] L635: [perf] colors applied 4ms covered 9/9 cells
[JS INFO] L635: [perf] colors applied 1ms covered 9/9 cells
[JS INFO] L635: [perf] colors applied 1ms covered 9/9 cells
[JS INFO] L635: [perf] colors applied 4ms covered 9/9 cells
[JS INFO] L635: [perf] colors applied 2ms covered 9/9 cells
[JS INFO] L635: [perf] colors applied 1ms covered 9/9 cells
[JS INFO] L635: [perf] colors applied 1ms covered 9/9 cells
[JS INFO] L635: [perf] colors applied 2ms covered 9/9 cells
[JS INFO] L635: [perf] colors applied 2ms covered 9/9 cells
[JS INFO] L635: [perf] colors applied 3ms covered 9/9 cells
[JS INFO] L635: [perf] colors applied 3ms covered 9/9 cells
[JS INFO] L635: [perf] colors applied 1ms covered 9/9 cells
[JS INFO] L635: [perf] colors applied 1ms covered 9/9 cells
[JS INFO] L635: [perf] colors applied 1ms covered 9/9 cells
[JS INFO] L635: [perf] colors applied 1ms covered 9/9 cells
[JS INFO] L635: [perf] colors applied 2ms covered 9/9 cells
[JS INFO] L635: [perf] colors applied 2ms covered 9/9 cells
[JS INFO] L635: [perf] colors applied 1ms covered 9/9 cells
[JS INFO] L635: [perf] colors applied 2ms covered 9/9 cells
[JS INFO] L635: [perf] colors applied 4ms covered 9/9 cells
[JS INFO] L635: [perf] colors applied 1ms covered 9/9 cells
[JS INFO] L635: [perf] colors applied 1ms covered 9/9 cells
[JS INFO] L635: [perf] colors applied 1ms covered 9/9 cells
[JS INFO] L635: [perf] colors applied 1ms covered 9/9 cells
[JS INFO] L635: [perf] colors applied 1ms covered 9/9 cells
[JS INFO] L635: [perf] colors applied 2ms covered 9/9 cells
[JS INFO] L635: [perf] colors applied 2ms covered 9/9 cells
[JS INFO] L635: [perf] colors applied 1ms covered 9/9 cells
[JS INFO] L635: [perf] colors applied 1ms covered 9/9 cells
[JS INFO] L635: [perf] colors applied 1ms covered 9/9 cells
[JS INFO] L635: [perf] colors applied 2ms covered 9/9 cells
[JS INFO] L635: [perf] colors applied 1ms covered 9/9 cells
[JS INFO] L635: [perf] colors applied 1ms covered 9/9 cells
[JS INFO] L635: [perf] colors applied 1ms covered 9/9 cells
[JS INFO] L635: [perf] colors applied 1ms covered 9/9 cells
[JS INFO] L635: [perf] colors applied 1ms covered 9/9 cells
[JS INFO] L635: [perf] colors applied 1ms covered 9/9 cells
[JS INFO] L635: [perf] colors applied 1ms covered 9/9 cells
[JS INFO] L635: [perf] colors applied 2ms covered 9/9 cells
[JS INFO] L635: [perf] colors applied 1ms covered 9/9 cells
[JS INFO] L635: [perf] colors applied 4ms covered 9/9 cells
[JS INFO] L635: [perf] colors applied 1ms covered 9/9 cells
[JS INFO] L635: [perf] colors applied 1ms covered 9/9 cells
[JS INFO] L635: [perf] colors applied 1ms covered 9/9 cells
[JS INFO] L635: [perf] colors applied 1ms covered 9/9 cells
[JS INFO] L635: [perf] colors applied 1ms covered 9/9 cells
[JS INFO] L635: [perf] colors applied 1ms covered 9/9 cells
[JS INFO] L635: [perf] colors applied 1ms covered 9/9 cells
[JS INFO] L635: [perf] colors applied 1ms covered 9/9 cells
[JS INFO] L635: [perf] colors applied 1ms covered 9/9 cells
[JS INFO] L635: [perf] colors applied 2ms covered 9/9 cells
[JS INFO] L635: [perf] colors applied 4ms covered 9/9 cells
[JS INFO] L635: [perf] colors applied 2ms covered 9/9 cells
[JS INFO] L635: [perf] colors applied 1ms covered 9/9 cells
[JS INFO] L635: [perf] colors applied 1ms covered 9/9 cells
[JS INFO] L635: [perf] colors applied 3ms covered 9/9 cells
[JS INFO] L635: [perf] colors applied 2ms covered 9/9 cells
[JS INFO] L635: [perf] colors applied 1ms covered 9/9 cells
[JS INFO] L635: [perf] colors applied 1ms covered 9/9 cells
[JS INFO] L635: [perf] colors applied 2ms covered 9/9 cells
[JS INFO] L635: [perf] colors applied 4ms covered 9/9 cells
[JS INFO] L635: [perf] colors applied 2ms covered 9/9 cells
[JS INFO] L635: [perf] colors applied 2ms covered 9/9 cells
[JS INFO] L635: [perf] colors applied 2ms covered 9/9 cells
[JS INFO] L635: [perf] colors applied 3ms covered 9/9 cells
[JS INFO] L635: [perf] colors applied 2ms covered 9/9 cells
[JS INFO] L635: [perf] colors applied 2ms covered 9/9 cells
[JS INFO] L635: [perf] colors applied 1ms covered 9/9 cells
[JS INFO] L635: [perf] colors applied 1ms covered 9/9 cells
[JS INFO] L635: [perf] colors applied 1ms covered 9/9 cells
[JS INFO] L635: [perf] colors applied 1ms covered 9/9 cells
[JS INFO] L635: [perf] colors applied 1ms covered 9/9 cells
[JS INFO] L635: [perf] colors applied 2ms covered 9/9 cells
[JS INFO] L635: [perf] colors applied 2ms covered 9/9 cells
[JS INFO] L635: [perf] colors applied 3ms covered 9/9 cells
[JS INFO] L635: [perf] colors applied 1ms covered 9/9 cells
[JS INFO] L635: [perf] colors applied 1ms covered 9/9 cells
[JS INFO] L635: [perf] colors applied 3ms covered 9/9 cells
[JS INFO] L635: [perf] colors applied 1ms covered 9/9 cells
[JS INFO] L635: [perf] colors applied 1ms covered 9/9 cells
[JS INFO] L635: [perf] colors applied 2ms covered 9/9 cells
[JS INFO] L635: [perf] colors applied 3ms covered 9/9 cells
[JS INFO] L635: [perf] colors applied 1ms covered 9/9 cells
[JS INFO] L635: [perf] colors applied 2ms covered 9/9 cells
[JS INFO] L635: [perf] colors applied 6ms covered 9/9 cells
[JS INFO] L635: [perf] colors applied 1ms covered 9/9 cells
[JS INFO] L635: [perf] colors applied 1ms covered 9/9 cells
[JS INFO] L635: [perf] colors applied 3ms covered 9/9 cells
[open] reading C:/Users/lenovo/Desktop/效果/手套.3dlp
[open] zip contents: ['project.json', '手套模型.stl']
[open] model_file=手套模型.stl model_format=stl
[open] model raw size=74938584 bytes
[open] resolved format=stl
[open] cells=6 total_points=200
[open] cache_path=D:\workshop\3D-\src\_model_cache\opened_071ec99a_手套模型.stl
[open] cache_size=74938584 (raw=74938584)
[open] loadStl URL=/src/_model_cache/opened_071ec99a_%E6%89%8B%E5%A5%97%E6%A8%A1%E5%9E%8B.stl?v=1783649483034 format=stl cells=6
[JS INFO] L635: [perf] colors applied 2ms covered 9/9 cells
[JS INFO] L635: [perf] colors applied 2ms covered 9/9 cells
[JS INFO] L635: [perf] colors applied 1ms covered 9/9 cells
[JS INFO] L635: [perf] colors applied 2ms covered 9/9 cells
[JS INFO] L635: [perf] colors applied 1ms covered 9/9 cells
[JS INFO] L803: [loadStl] received {"url":"/src/_model_cache/opened_071ec99a_%E6%89%8B%E5%A5%97%E6%A8%A","format":"stl","unit_mm":1000,"hasExplicitUnit":true,"cells":6}
[JS INFO] L851: [model-verify] {"boxMin":["-0.3","-0.2","-0.5"],"boxMax":["0.3","0.2","0.5"],"size":["1","0","1"],"center":["0","0","0"],"radius":"1","rtPos":["0","-0","-1"],"camPos":["2","-1","2"],"near":"0.0100","far":"65","Mvisible":true,"matVisible":true,"opacity":0.92,"sceneChildren":2}
[JS INFO] L862: [model-render] render OK
[open] reading C:/Users/lenovo/Desktop/效果/机器人.3dlp
[open] zip contents: ['project.json', '11072_HumanoidRobot_v3.obj']
[open] model_file=11072_HumanoidRobot_v3.obj model_format=obj
[open] model raw size=7750887 bytes
[open] resolved format=obj
[open] cells=37 total_points=200
[open] cache_path=D:\workshop\3D-\src\_model_cache\opened_d227bd00_11072_HumanoidRobot_v3.obj
[open] cache_size=7750887 (raw=7750887)
[open] loadStl URL=/src/_model_cache/opened_d227bd00_11072_HumanoidRobot_v3.obj?v=1783649489401 format=obj cells=37
[JS INFO] L803: [loadStl] received {"url":"/src/_model_cache/opened_d227bd00_11072_HumanoidRobot_v3.obj","format":"obj","unit_mm":10,"hasExplicitUnit":true,"cells":37}
[JS INFO] L851: [model-verify] {"boxMin":["-44.0","-14.9","-90.6"],"boxMax":["44.0","14.9","90.6"],"size":["88","30","181"],"center":["0","0","0"],"radius":"102","rtPos":["0","10","-91"],"camPos":["242","-138","242"],"near":"0.1019","far":"10186","Mvisible":true,"matVisible":true,"opacity":0.92,"sceneChildren":2}
[JS INFO] L862: [model-render] render OK
[open] reading C:/Users/lenovo/Desktop/效果/手套.3dlp
[open] zip contents: ['project.json', '手套模型.stl']
[open] model_file=手套模型.stl model_format=stl
[open] model raw size=74938584 bytes
[open] resolved format=stl
[open] cells=6 total_points=200
[open] cache_path=D:\workshop\3D-\src\_model_cache\opened_978ebf04_手套模型.stl
[open] cache_size=74938584 (raw=74938584)
[open] loadStl URL=/src/_model_cache/opened_978ebf04_%E6%89%8B%E5%A5%97%E6%A8%A1%E5%9E%8B.stl?v=1783649493415 format=stl cells=6
[JS INFO] L803: [loadStl] received {"url":"/src/_model_cache/opened_978ebf04_%E6%89%8B%E5%A5%97%E6%A8%A","format":"stl","unit_mm":1000,"hasExplicitUnit":true,"cells":6}
[JS INFO] L851: [model-verify] {"boxMin":["-0.3","-0.2","-0.5"],"boxMax":["0.3","0.2","0.5"],"size":["1","0","1"],"center":["0","0","0"],"radius":"1","rtPos":["0","-0","-1"],"camPos":["2","-1","2"],"near":"0.0100","far":"65","Mvisible":true,"matVisible":true,"opacity":0.92,"sceneChildren":2}
[JS INFO] L862: [model-render] render OK
[stp] === STP转换开始: D:/workshop/3D-/半圆柱压头φ12_.stp ===
[stp] converter=d:\workshop\3D-\src\stp_converter.py exists=True
[stp] input=D:/workshop/3D-/半圆柱压头φ12_.stp tmp_out=C:\Users\lenovo\AppData\Local\Temp\_stp_convert_476.stl
[stp] in-process convert started
[stp] in-process convert done
[stp] tmp_out exists=True size=82884
[stp] output STL: 82884 bytes, 1656 faces
[stp] === STP转换成功: 1656 faces, 进入loadStl流程 ===
[JS INFO] L803: [loadStl] received {"url":"/src/_model_cache/%E5%8D%8A%E5%9C%86%E6%9F%B1%E5%8E%8B%E5%A4","format":"stl","unit_mm":1,"hasExplicitUnit":true,"cells":0}
[JS INFO] L851: [model-verify] {"boxMin":["-35.0","-22.9","-35.0"],"boxMax":["35.0","22.9","35.0"],"size":["70","46","70"],"center":["0","0","0"],"radius":"55","rtPos":["0","-23","0"],"camPos":["130","-74","130"],"near":"0.0545","far":"5455","Mvisible":true,"matVisible":true,"opacity":0.92,"sceneChildren":2}
[JS INFO] L862: [model-render] render OK
[JS INFO] L579: [perf] vertex-local-pos cached 5ms 4968 verts
[JS INFO] L602: [perf] cache built {"unitMM":1,"FIELD_R":60,"fieldRadiusU":"60.00","vertices":4968,"cellCount":4,"cvLen":4923,"cellRange":{"x":["16.2","35.0"],"y":["0.0","10.0"],"z":["-1.7","35.0"]},"bboxMin":["10.2","-6.0","-7.7"],"timeMs":"15"}
[JS INFO] L635: [perf] colors applied 8ms covered 0/4 cells
[JS INFO] L635: [perf] colors applied 7ms covered 0/4 cells
[JS INFO] L635: [perf] colors applied 1ms covered 4/4 cells
[JS INFO] L635: [perf] colors applied 2ms covered 4/4 cells
[JS INFO] L635: [perf] colors applied 1ms covered 4/4 cells
[JS INFO] L635: [perf] colors applied 1ms covered 4/4 cells
[JS INFO] L635: [perf] colors applied 0ms covered 4/4 cells
[JS INFO] L635: [perf] colors applied 2ms covered 4/4 cells
[JS INFO] L635: [perf] colors applied 1ms covered 4/4 cells
[JS INFO] L635: [perf] colors applied 1ms covered 4/4 cells
[JS INFO] L635: [perf] colors applied 1ms covered 4/4 cells
[JS INFO] L635: [perf] colors applied 1ms covered 4/4 cells
[JS INFO] L635: [perf] colors applied 1ms covered 4/4 cells
[JS INFO] L635: [perf] colors applied 1ms covered 4/4 cells
[JS INFO] L635: [perf] colors applied 1ms covered 4/4 cells
[JS INFO] L635: [perf] colors applied 1ms covered 4/4 cells
[JS INFO] L635: [perf] colors applied 1ms covered 4/4 cells
[JS INFO] L635: [perf] colors applied 1ms covered 4/4 cells
[JS INFO] L635: [perf] colors applied 1ms covered 4/4 cells
[JS INFO] L635: [perf] colors applied 1ms covered 4/4 cells
[JS INFO] L635: [perf] colors applied 0ms covered 4/4 cells
[JS INFO] L635: [perf] colors applied 0ms covered 4/4 cells
[JS INFO] L635: [perf] colors applied 2ms covered 4/4 cells
[JS INFO] L635: [perf] colors applied 1ms covered 4/4 cells
[JS INFO] L635: [perf] colors applied 1ms covered 4/4 cells
[JS INFO] L602: [perf] cache built {"unitMM":1,"FIELD_R":50,"fieldRadiusU":"50.00","vertices":4968,"cellCount":4,"cvLen":4728,"cellRange":{"x":["16.2","35.0"],"y":["0.0","10.0"],"z":["-1.7","35.0"]},"bboxMin":["11.2","-5.0","-6.7"],"timeMs":"13"}
[JS INFO] L635: [perf] colors applied 0ms covered 4/4 cells
[JS INFO] L602: [perf] cache built {"unitMM":1,"FIELD_R":40,"fieldRadiusU":"40.00","vertices":4968,"cellCount":4,"cvLen":3636,"cellRange":{"x":["16.2","35.0"],"y":["0.0","10.0"],"z":["-1.7","35.0"]},"bboxMin":["12.2","-4.0","-5.7"],"timeMs":"35"}
[JS INFO] L635: [perf] colors applied 0ms covered 4/4 cells
[JS INFO] L635: [perf] colors applied 0ms covered 4/4 cells
[JS INFO] L635: [perf] colors applied 1ms covered 4/4 cells
[JS INFO] L602: [perf] cache built {"unitMM":1,"FIELD_R":30,"fieldRadiusU":"30.00","vertices":4968,"cellCount":4,"cvLen":1979,"cellRange":{"x":["16.2","35.0"],"y":["0.0","10.0"],"z":["-1.7","35.0"]},"bboxMin":["13.2","-3.0","-4.7"],"timeMs":"3"}
[JS INFO] L635: [perf] colors applied 0ms covered 4/4 cells
[JS INFO] L635: [perf] colors applied 0ms covered 4/4 cells
[JS INFO] L635: [perf] colors applied 0ms covered 4/4 cells
[JS INFO] L635: [perf] colors applied 0ms covered 4/4 cells
[JS INFO] L635: [perf] colors applied 1ms covered 4/4 cells
[JS INFO] L635: [perf] colors applied 0ms covered 4/4 cells
[JS INFO] L635: [perf] colors applied 0ms covered 4/4 cells
[JS INFO] L635: [perf] colors applied 0ms covered 4/4 cells
[JS INFO] L635: [perf] colors applied 0ms covered 4/4 cells
[JS INFO] L635: [perf] colors applied 0ms covered 4/4 cells
[JS INFO] L635: [perf] colors applied 0ms covered 4/4 cells
[JS INFO] L635: [perf] colors applied 1ms covered 4/4 cells
[JS INFO] L635: [perf] colors applied 0ms covered 4/4 cells
[JS INFO] L635: [perf] colors applied 0ms covered 4/4 cells
[JS INFO] L635: [perf] colors applied 0ms covered 4/4 cells
[JS INFO] L635: [perf] colors applied 0ms covered 4/4 cells
[JS INFO] L635: [perf] colors applied 0ms covered 4/4 cells
[JS INFO] L635: [perf] colors applied 0ms covered 4/4 cells
[JS INFO] L635: [perf] colors applied 0ms covered 4/4 cells
[JS INFO] L635: [perf] colors applied 0ms covered 4/4 cells
[JS INFO] L635: [perf] colors applied 0ms covered 4/4 cells
[JS INFO] L635: [perf] colors applied 0ms covered 4/4 cells
[JS INFO] L635: [perf] colors applied 0ms covered 4/4 cells
[JS INFO] L635: [perf] colors applied 0ms covered 4/4 cells
[JS INFO] L635: [perf] colors applied 0ms covered 4/4 cells
[JS INFO] L635: [perf] colors applied 0ms covered 4/4 cells
[JS INFO] L635: [perf] colors applied 0ms covered 4/4 cells
[JS INFO] L635: [perf] colors applied 0ms covered 4/4 cells
[JS INFO] L635: [perf] colors applied 0ms covered 4/4 cells
[JS INFO] L635: [perf] colors applied 0ms covered 4/4 cells
[JS INFO] L635: [perf] colors applied 0ms covered 4/4 cells
[JS INFO] L635: [perf] colors applied 0ms covered 4/4 cells
[JS INFO] L635: [perf] colors applied 0ms covered 4/4 cells
[JS INFO] L635: [perf] colors applied 0ms covered 4/4 cells
[JS INFO] L635: [perf] colors applied 0ms covered 4/4 cells
[JS INFO] L635: [perf] colors applied 0ms covered 4/4 cells
[JS INFO] L635: [perf] colors applied 0ms covered 4/4 cells
[JS INFO] L635: [perf] colors applied 0ms covered 4/4 cells
[JS INFO] L635: [perf] colors applied 0ms covered 4/4 cells
[JS INFO] L635: [perf] colors applied 0ms covered 4/4 cells
[JS INFO] L635: [perf] colors applied 0ms covered 4/4 cells
[JS INFO] L635: [perf] colors applied 0ms covered 4/4 cells
[JS INFO] L635: [perf] colors applied 0ms covered 4/4 cells
[JS INFO] L635: [perf] colors applied 0ms covered 4/4 cells
[JS INFO] L635: [perf] colors applied 0ms covered 4/4 cells
[JS INFO] L635: [perf] colors applied 0ms covered 4/4 cells
[JS INFO] L635: [perf] colors applied 0ms covered 4/4 cells
[JS INFO] L635: [perf] colors applied 0ms covered 4/4 cells
[JS INFO] L635: [perf] colors applied 0ms covered 4/4 cells
[JS INFO] L635: [perf] colors applied 0ms covered 4/4 cells
[JS INFO] L635: [perf] colors applied 0ms covered 4/4 cells
[JS INFO] L635: [perf] colors applied 0ms covered 4/4 cells
[JS INFO] L635: [perf] colors applied 0ms covered 4/4 cells
[JS INFO] L635: [perf] colors applied 0ms covered 4/4 cells
[JS INFO] L635: [perf] colors applied 0ms covered 4/4 cells
[JS INFO] L635: [perf] colors applied 0ms covered 4/4 cells
[JS INFO] L635: [perf] colors applied 0ms covered 4/4 cells
[JS INFO] L635: [perf] colors applied 0ms covered 4/4 cells
[JS INFO] L635: [perf] colors applied 0ms covered 4/4 cells
[JS INFO] L635: [perf] colors applied 0ms covered 4/4 cells
[JS INFO] L635: [perf] colors applied 0ms covered 4/4 cells
[JS INFO] L635: [perf] colors applied 0ms covered 4/4 cells
[JS INFO] L635: [perf] colors applied 0ms covered 4/4 cells
[JS INFO] L635: [perf] colors applied 0ms covered 4/4 cells
[JS INFO] L635: [perf] colors applied 0ms covered 4/4 cells
[JS INFO] L635: [perf] colors applied 0ms covered 4/4 cells
[JS INFO] L635: [perf] colors applied 0ms covered 4/4 cells
[JS INFO] L635: [perf] colors applied 0ms covered 4/4 cells
[JS INFO] L635: [perf] colors applied 0ms covered 4/4 cells
[JS INFO] L635: [perf] colors applied 0ms covered 4/4 cells
[JS INFO] L635: [perf] colors applied 0ms covered 4/4 cells
[JS INFO] L635: [perf] colors applied 0ms covered 4/4 cells
[JS INFO] L635: [perf] colors applied 0ms covered 4/4 cells
[JS INFO] L635: [perf] colors applied 0ms covered 4/4 cells
[JS INFO] L635: [perf] colors applied 0ms covered 4/4 cells
[JS INFO] L635: [perf] colors applied 1ms covered 4/4 cells
[JS INFO] L635: [perf] colors applied 1ms covered 4/4 cells
[JS INFO] L635: [perf] colors applied 1ms covered 4/4 cells
[JS INFO] L635: [perf] colors applied 0ms covered 4/4 cells
[JS INFO] L635: [perf] colors applied 0ms covered 4/4 cells
[JS INFO] L635: [perf] colors applied 0ms covered 4/4 cells
[JS INFO] L635: [perf] colors applied 0ms covered 4/4 cells
[JS INFO] L635: [perf] colors applied 1ms covered 4/4 cells
[JS INFO] L635: [perf] colors applied 1ms covered 4/4 cells
[JS INFO] L635: [perf] colors applied 0ms covered 4/4 cells
[JS INFO] L635: [perf] colors applied 0ms covered 4/4 cells
[JS INFO] L635: [perf] colors applied 1ms covered 4/4 cells
[JS INFO] L635: [perf] colors applied 0ms covered 4/4 cells
[JS INFO] L635: [perf] colors applied 0ms covered 4/4 cells
[JS INFO] L635: [perf] colors applied 0ms covered 4/4 cells
[JS INFO] L635: [perf] colors applied 0ms covered 4/4 cells
[JS INFO] L635: [perf] colors applied 0ms covered 4/4 cells
[JS INFO] L635: [perf] colors applied 0ms covered 4/4 cells
[JS INFO] L635: [perf] colors applied 0ms covered 4/4 cells
[JS INFO] L635: [perf] colors applied 0ms covered 4/4 cells
[JS INFO] L635: [perf] colors applied 0ms covered 4/4 cells
[JS INFO] L635: [perf] colors applied 0ms covered 4/4 cells
[JS INFO] L635: [perf] colors applied 0ms covered 4/4 cells
[JS INFO] L635: [perf] colors applied 0ms covered 4/4 cells
[JS INFO] L635: [perf] colors applied 0ms covered 4/4 cells
[JS INFO] L635: [perf] colors applied 0ms covered 4/4 cells
[JS INFO] L635: [perf] colors applied 1ms covered 4/4 cells
[JS INFO] L635: [perf] colors applied 0ms covered 4/4 cells
[JS INFO] L635: [perf] colors applied 0ms covered 4/4 cells
[JS INFO] L635: [perf] colors applied 0ms covered 4/4 cells
[JS INFO] L635: [perf] colors applied 0ms covered 4/4 cells
[JS INFO] L635: [perf] colors applied 1ms covered 4/4 cells
[JS INFO] L635: [perf] colors applied 0ms covered 4/4 cells
[JS INFO] L635: [perf] colors applied 0ms covered 4/4 cells
[JS INFO] L635: [perf] colors applied 0ms covered 4/4 cells
[JS INFO] L635: [perf] colors applied 0ms covered 4/4 cells
[JS INFO] L635: [perf] colors applied 0ms covered 4/4 cells
[JS INFO] L635: [perf] colors applied 0ms covered 4/4 cells
[JS INFO] L635: [perf] colors applied 0ms covered 4/4 cells
[JS INFO] L635: [perf] colors applied 0ms covered 4/4 cells
[JS INFO] L635: [perf] colors applied 0ms covered 4/4 cells
[JS INFO] L635: [perf] colors applied 0ms covered 4/4 cells
[JS INFO] L635: [perf] colors applied 0ms covered 4/4 cells
[JS INFO] L635: [perf] colors applied 0ms covered 4/4 cells
[JS INFO] L635: [perf] colors applied 0ms covered 4/4 cells
[JS INFO] L635: [perf] colors applied 1ms covered 4/4 cells
[JS INFO] L635: [perf] colors applied 0ms covered 4/4 cells
[JS INFO] L635: [perf] colors applied 0ms covered 4/4 cells
[JS INFO] L635: [perf] colors applied 0ms covered 4/4 cells
[JS INFO] L635: [perf] colors applied 0ms covered 4/4 cells
[JS INFO] L635: [perf] colors applied 0ms covered 4/4 cells
[JS INFO] L635: [perf] colors applied 0ms covered 4/4 cells
[JS INFO] L635: [perf] colors applied 0ms covered 4/4 cells
[JS INFO] L635: [perf] colors applied 0ms covered 4/4 cells
[JS INFO] L635: [perf] colors applied 0ms covered 4/4 cells
[JS INFO] L635: [perf] colors applied 0ms covered 4/4 cells
[JS INFO] L635: [perf] colors applied 0ms covered 4/4 cells
[JS INFO] L635: [perf] colors applied 0ms covered 4/4 cells
[JS INFO] L635: [perf] colors applied 0ms covered 4/4 cells
[JS INFO] L635: [perf] colors applied 0ms covered 4/4 cells
[JS INFO] L635: [perf] colors applied 0ms covered 4/4 cells
[JS INFO] L635: [perf] colors applied 1ms covered 4/4 cells
[JS INFO] L635: [perf] colors applied 0ms covered 4/4 cells
[JS INFO] L635: [perf] colors applied 0ms covered 4/4 cells
[JS INFO] L635: [perf] colors applied 0ms covered 4/4 cells
[JS INFO] L635: [perf] colors applied 0ms covered 4/4 cells
[JS INFO] L635: [perf] colors applied 1ms covered 4/4 cells
[JS INFO] L635: [perf] colors applied 0ms covered 4/4 cells
[JS INFO] L635: [perf] colors applied 0ms covered 4/4 cells
[JS INFO] L635: [perf] colors applied 1ms covered 4/4 cells
[JS INFO] L635: [perf] colors applied 0ms covered 4/4 cells
[JS INFO] L635: [perf] colors applied 0ms covered 4/4 cells
[JS INFO] L635: [perf] colors applied 1ms covered 4/4 cells
[JS INFO] L635: [perf] colors applied 0ms covered 4/4 cells
[JS INFO] L635: [perf] colors applied 0ms covered 4/4 cells
[JS INFO] L635: [perf] colors applied 0ms covered 4/4 cells
[JS INFO] L635: [perf] colors applied 0ms covered 4/4 cells
[JS INFO] L635: [perf] colors applied 0ms covered 4/4 cells
[JS INFO] L635: [perf] colors applied 0ms covered 4/4 cells
[JS INFO] L635: [perf] colors applied 0ms covered 4/4 cells
[JS INFO] L635: [perf] colors applied 0ms covered 4/4 cells
[JS INFO] L635: [perf] colors applied 0ms covered 4/4 cells
[JS INFO] L635: [perf] colors applied 0ms covered 4/4 cells
[JS INFO] L635: [perf] colors applied 1ms covered 4/4 cells
[JS INFO] L635: [perf] colors applied 0ms covered 4/4 cells
[JS INFO] L635: [perf] colors applied 1ms covered 4/4 cells
[JS INFO] L635: [perf] colors applied 1ms covered 4/4 cells
[JS INFO] L635: [perf] colors applied 0ms covered 4/4 cells
[JS INFO] L635: [perf] colors applied 0ms covered 4/4 cells
[JS INFO] L635: [perf] colors applied 0ms covered 4/4 cells
[JS INFO] L635: [perf] colors applied 0ms covered 4/4 cells
[JS INFO] L635: [perf] colors applied 1ms covered 4/4 cells
[JS INFO] L635: [perf] colors applied 0ms covered 4/4 cells
[JS INFO] L635: [perf] colors applied 0ms covered 4/4 cells
[JS INFO] L635: [perf] colors applied 0ms covered 4/4 cells
[JS INFO] L635: [perf] colors applied 0ms covered 4/4 cells
[JS INFO] L635: [perf] colors applied 0ms covered 4/4 cells
[JS INFO] L635: [perf] colors applied 0ms covered 4/4 cells
[JS INFO] L635: [perf] colors applied 0ms covered 4/4 cells
[JS INFO] L635: [perf] colors applied 0ms covered 4/4 cells
[JS INFO] L635: [perf] colors applied 0ms covered 4/4 cells
[JS INFO] L635: [perf] colors applied 0ms covered 4/4 cells
[JS INFO] L635: [perf] colors applied 1ms covered 4/4 cells
[JS INFO] L635: [perf] colors applied 0ms covered 4/4 cells
[JS INFO] L635: [perf] colors applied 0ms covered 4/4 cells
[JS INFO] L635: [perf] colors applied 0ms covered 4/4 cells
[JS INFO] L635: [perf] colors applied 1ms covered 4/4 cells
[JS INFO] L635: [perf] colors applied 0ms covered 4/4 cells
[JS INFO] L635: [perf] colors applied 0ms covered 4/4 cells
[JS INFO] L635: [perf] colors applied 1ms covered 4/4 cells
[JS INFO] L635: [perf] colors applied 0ms covered 4/4 cells
[JS INFO] L635: [perf] colors applied 1ms covered 4/4 cells
[JS INFO] L635: [perf] colors applied 0ms covered 4/4 cells
[JS INFO] L635: [perf] colors applied 0ms covered 4/4 cells
[JS INFO] L635: [perf] colors applied 0ms covered 4/4 cells
[JS INFO] L635: [perf] colors applied 0ms covered 4/4 cells
[JS INFO] L635: [perf] colors applied 0ms covered 4/4 cells
[JS INFO] L635: [perf] colors applied 0ms covered 4/4 cells
[JS INFO] L635: [perf] colors applied 0ms covered 4/4 cells
[JS INFO] L635: [perf] colors applied 1ms covered 4/4 cells
[JS INFO] L635: [perf] colors applied 0ms covered 4/4 cells
[JS INFO] L635: [perf] colors applied 0ms covered 4/4 cells
[JS INFO] L635: [perf] colors applied 0ms covered 4/4 cells
[JS INFO] L635: [perf] colors applied 0ms covered 4/4 cells
[JS INFO] L635: [perf] colors applied 0ms covered 4/4 cells
[JS INFO] L635: [perf] colors applied 0ms covered 4/4 cells
[JS INFO] L635: [perf] colors applied 0ms covered 4/4 cells
[JS INFO] L635: [perf] colors applied 1ms covered 4/4 cells
[JS INFO] L635: [perf] colors applied 0ms covered 4/4 cells
[JS INFO] L635: [perf] colors applied 0ms covered 4/4 cells
[JS INFO] L635: [perf] colors applied 0ms covered 4/4 cells
[JS INFO] L635: [perf] colors applied 0ms covered 4/4 cells
[JS INFO] L635: [perf] colors applied 0ms covered 4/4 cells
[JS INFO] L635: [perf] colors applied 0ms covered 4/4 cells
[JS INFO] L635: [perf] colors applied 0ms covered 4/4 cells
[JS INFO] L635: [perf] colors applied 0ms covered 4/4 cells
[JS INFO] L635: [perf] colors applied 0ms covered 4/4 cells
[JS INFO] L635: [perf] colors applied 0ms covered 4/4 cells
[JS INFO] L635: [perf] colors applied 0ms covered 4/4 cells
[JS INFO] L635: [perf] colors applied 0ms covered 4/4 cells
[JS INFO] L635: [perf] colors applied 0ms covered 4/4 cells
[JS INFO] L635: [perf] colors applied 0ms covered 4/4 cells
[JS INFO] L635: [perf] colors applied 0ms covered 4/4 cells
[JS INFO] L635: [perf] colors applied 0ms covered 4/4 cells
[JS INFO] L635: [perf] colors applied 0ms covered 4/4 cells
[JS INFO] L635: [perf] colors applied 0ms covered 4/4 cells
[JS INFO] L635: [perf] colors applied 0ms covered 4/4 cells
[JS INFO] L635: [perf] colors applied 0ms covered 4/4 cells
[JS INFO] L635: [perf] colors applied 0ms covered 4/4 cells
[JS INFO] L635: [perf] colors applied 0ms covered 4/4 cells
[JS INFO] L635: [perf] colors applied 1ms covered 4/4 cells
[JS INFO] L635: [perf] colors applied 0ms covered 4/4 cells
[JS INFO] L635: [perf] colors applied 0ms covered 4/4 cells
[JS INFO] L635: [perf] colors applied 0ms covered 4/4 cells
[JS INFO] L635: [perf] colors applied 0ms covered 4/4 cells
[JS INFO] L635: [perf] colors applied 1ms covered 4/4 cells
[JS INFO] L635: [perf] colors applied 0ms covered 4/4 cells
[JS INFO] L635: [perf] colors applied 0ms covered 4/4 cells
[JS INFO] L635: [perf] colors applied 0ms covered 4/4 cells
[JS INFO] L635: [perf] colors applied 0ms covered 4/4 cells
[JS INFO] L635: [perf] colors applied 0ms covered 4/4 cells
[JS INFO] L635: [perf] colors applied 1ms covered 4/4 cells
[JS INFO] L635: [perf] colors applied 0ms covered 4/4 cells
[JS INFO] L635: [perf] colors applied 0ms covered 4/4 cells
[JS INFO] L635: [perf] colors applied 0ms covered 4/4 cells
[JS INFO] L635: [perf] colors applied 0ms covered 4/4 cells
[JS INFO] L635: [perf] colors applied 0ms covered 4/4 cells
[JS INFO] L635: [perf] colors applied 0ms covered 4/4 cells
[JS INFO] L635: [perf] colors applied 0ms covered 4/4 cells
[JS INFO] L635: [perf] colors applied 0ms covered 4/4 cells
[JS INFO] L635: [perf] colors applied 0ms covered 4/4 cells
[open] reading C:/Users/lenovo/Desktop/效果/机器人.3dlp
[open] zip contents: ['project.json', '11072_HumanoidRobot_v3.obj']
[open] model_file=11072_HumanoidRobot_v3.obj model_format=obj
[open] model raw size=7750887 bytes
[open] resolved format=obj
[open] cells=37 total_points=200
[open] cache_path=D:\workshop\3D-\src\_model_cache\opened_bc7cc3a1_11072_HumanoidRobot_v3.obj
[open] cache_size=7750887 (raw=7750887)
[open] loadStl URL=/src/_model_cache/opened_bc7cc3a1_11072_HumanoidRobot_v3.obj?v=1783649589015 format=obj cells=37
[JS INFO] L635: [perf] colors applied 0ms covered 4/4 cells
[JS INFO] L635: [perf] colors applied 0ms covered 4/4 cells
[JS INFO] L635: [perf] colors applied 0ms covered 4/4 cells
[JS INFO] L635: [perf] colors applied 0ms covered 4/4 cells
[JS INFO] L803: [loadStl] received {"url":"/src/_model_cache/opened_bc7cc3a1_11072_HumanoidRobot_v3.obj","format":"obj","unit_mm":10,"hasExplicitUnit":true,"cells":37}
[JS INFO] L851: [model-verify] {"boxMin":["-44.0","-14.9","-90.6"],"boxMax":["44.0","14.9","90.6"],"size":["88","30","181"],"center":["0","0","0"],"radius":"102","rtPos":["0","10","-91"],"camPos":["242","-138","242"],"near":"0.1019","far":"10186","Mvisible":true,"matVisible":true,"opacity":0.92,"sceneChildren":2}
[JS INFO] L862: [model-render] render OK
[open] reading C:/Users/lenovo/Desktop/效果/手套1.3dlp
[open] zip contents: ['project.json', '手套模型.stl']
[open] model_file=手套模型.stl model_format=stl
[open] model raw size=74938584 bytes
[open] resolved format=stl
[open] cells=22 total_points=200
[open] cache_path=D:\workshop\3D-\src\_model_cache\opened_1174ece5_手套模型.stl
[open] cache_size=74938584 (raw=74938584)
[open] loadStl URL=/src/_model_cache/opened_1174ece5_%E6%89%8B%E5%A5%97%E6%A8%A1%E5%9E%8B.stl?v=1783649593599 format=stl cells=22
[JS INFO] L803: [loadStl] received {"url":"/src/_model_cache/opened_1174ece5_%E6%89%8B%E5%A5%97%E6%A8%A","format":"stl","unit_mm":1,"hasExplicitUnit":true,"cells":22}
[JS INFO] L851: [model-verify] {"boxMin":["-0.3","-0.2","-0.5"],"boxMax":["0.3","0.2","0.5"],"size":["1","0","1"],"center":["0","0","0"],"radius":"1","rtPos":["0","-0","-1"],"camPos":["2","-1","2"],"near":"0.0100","far":"65","Mvisible":true,"matVisible":true,"opacity":0.92,"sceneChildren":2}
[JS INFO] L862: [model-render] render OK
[open] reading C:/Users/lenovo/Desktop/效果/stp文件.3dlp
[open] zip contents: ['project.json', '半圆柱压头φ12_.stl']
[open] model_file=半圆柱压头φ12_.stl model_format=stl
[open] model raw size=82884 bytes
[open] resolved format=stl
[open] cells=4 total_points=200
[open] cache_path=D:\workshop\3D-\src\_model_cache\opened_43c07b8d_半圆柱压头φ12_.stl
[open] cache_size=82884 (raw=82884)
[open] loadStl URL=/src/_model_cache/opened_43c07b8d_%E5%8D%8A%E5%9C%86%E6%9F%B1%E5%8E%8B%E5%A4%B4%CF%8612_.stl?v=1783649597924 format=stl cells=4
[JS INFO] L803: [loadStl] received {"url":"/src/_model_cache/opened_43c07b8d_%E5%8D%8A%E5%9C%86%E6%9F%B","format":"stl","unit_mm":1,"hasExplicitUnit":true,"cells":4}
[JS INFO] L851: [model-verify] {"boxMin":["-35.0","-22.9","-35.0"],"boxMax":["35.0","22.9","35.0"],"size":["70","46","70"],"center":["0","0","0"],"radius":"55","rtPos":["0","-23","0"],"camPos":["130","-74","130"],"near":"0.0545","far":"5455","Mvisible":true,"matVisible":true,"opacity":0.92,"sceneChildren":2}
[JS INFO] L862: [model-render] render OK
[JS INFO] L579: [perf] vertex-local-pos cached 6ms 4968 verts
[JS INFO] L602: [perf] cache built {"unitMM":1,"FIELD_R":60,"fieldRadiusU":"60.00","vertices":4968,"cellCount":13,"cvLen":4968,"cellRange":{"x":["-27.1","35.0"],"y":["-0.0","26.9"],"z":["-1.7","35.0"]},"bboxMin":["-33.1","-6.0","-7.7"],"timeMs":"48"}
[JS INFO] L635: [perf] colors applied 7ms covered 4/13 cells
[JS INFO] L602: [perf] cache built {"unitMM":1,"FIELD_R":30,"fieldRadiusU":"30.00","vertices":4968,"cellCount":13,"cvLen":4461,"cellRange":{"x":["-27.1","35.0"],"y":["-0.0","26.9"],"z":["-1.7","35.0"]},"bboxMin":["-30.1","-3.0","-4.7"],"timeMs":"40"}
[JS INFO] L635: [perf] colors applied 8ms covered 4/13 cells
[JS INFO] L635: [perf] colors applied 0ms covered 4/13 cells
[JS INFO] L635: [perf] colors applied 1ms covered 4/13 cells
[JS INFO] L635: [perf] colors applied 1ms covered 4/13 cells
[JS INFO] L635: [perf] colors applied 1ms covered 13/13 cells
[JS INFO] L635: [perf] colors applied 2ms covered 13/13 cells
[JS INFO] L635: [perf] colors applied 2ms covered 13/13 cells
[JS INFO] L635: [perf] colors applied 1ms covered 13/13 cells
[JS INFO] L635: [perf] colors applied 1ms covered 13/13 cells
[JS INFO] L635: [perf] colors applied 1ms covered 13/13 cells
[JS INFO] L635: [perf] colors applied 2ms covered 13/13 cells
[JS INFO] L635: [perf] colors applied 2ms covered 13/13 cells
[JS INFO] L635: [perf] colors applied 2ms covered 13/13 cells
[JS INFO] L635: [perf] colors applied 1ms covered 13/13 cells
[JS INFO] L635: [perf] colors applied 1ms covered 13/13 cells
[JS INFO] L635: [perf] colors applied 0ms covered 13/13 cells
[JS INFO] L635: [perf] colors applied 2ms covered 13/13 cells
[JS INFO] L635: [perf] colors applied 3ms covered 13/13 cells
[JS INFO] L635: [perf] colors applied 0ms covered 13/13 cells
[JS INFO] L635: [perf] colors applied 0ms covered 13/13 cells
[JS INFO] L635: [perf] colors applied 1ms covered 13/13 cells
[JS INFO] L635: [perf] colors applied 2ms covered 13/13 cells
[JS INFO] L635: [perf] colors applied 2ms covered 13/13 cells
[JS INFO] L635: [perf] colors applied 1ms covered 13/13 cells
[JS INFO] L635: [perf] colors applied 1ms covered 13/13 cells
[JS INFO] L635: [perf] colors applied 3ms covered 13/13 cells
[JS INFO] L635: [perf] colors applied 2ms covered 13/13 cells
[JS INFO] L635: [perf] colors applied 3ms covered 13/13 cells
[JS INFO] L635: [perf] colors applied 0ms covered 13/13 cells
[JS INFO] L635: [perf] colors applied 0ms covered 13/13 cells
[JS INFO] L635: [perf] colors applied 2ms covered 13/13 cells
[JS INFO] L635: [perf] colors applied 2ms covered 13/13 cells
[JS INFO] L635: [perf] colors applied 1ms covered 13/13 cells
[JS INFO] L635: [perf] colors applied 1ms covered 13/13 cells
[JS INFO] L635: [perf] colors applied 0ms covered 13/13 cells
[JS INFO] L635: [perf] colors applied 0ms covered 13/13 cells
[JS INFO] L635: [perf] colors applied 0ms covered 13/13 cells
[JS INFO] L635: [perf] colors applied 0ms covered 13/13 cells
[JS INFO] L635: [perf] colors applied 0ms covered 13/13 cells
[JS INFO] L635: [perf] colors applied 0ms covered 13/13 cells
[JS INFO] L635: [perf] colors applied 2ms covered 13/13 cells
[JS INFO] L635: [perf] colors applied 3ms covered 13/13 cells
[JS INFO] L635: [perf] colors applied 0ms covered 13/13 cells
[JS INFO] L635: [perf] colors applied 0ms covered 13/13 cells
[JS INFO] L635: [perf] colors applied 2ms covered 13/13 cells
[JS INFO] L635: [perf] colors applied 1ms covered 13/13 cells
[JS INFO] L635: [perf] colors applied 1ms covered 13/13 cells
[JS INFO] L635: [perf] colors applied 0ms covered 13/13 cells
[JS INFO] L635: [perf] colors applied 0ms covered 13/13 cells
[JS INFO] L635: [perf] colors applied 1ms covered 13/13 cells
[JS INFO] L635: [perf] colors applied 1ms covered 13/13 cells
[JS INFO] L635: [perf] colors applied 2ms covered 13/13 cells
[JS INFO] L635: [perf] colors applied 0ms covered 13/13 cells
[JS INFO] L635: [perf] colors applied 0ms covered 13/13 cells
[JS INFO] L635: [perf] colors applied 0ms covered 13/13 cells
[JS INFO] L635: [perf] colors applied 1ms covered 13/13 cells
[JS INFO] L635: [perf] colors applied 2ms covered 13/13 cells
[JS INFO] L635: [perf] colors applied 0ms covered 13/13 cells
[JS INFO] L635: [perf] colors applied 0ms covered 13/13 cells
[JS INFO] L635: [perf] colors applied 1ms covered 13/13 cells
[JS INFO] L635: [perf] colors applied 1ms covered 13/13 cells
[JS INFO] L635: [perf] colors applied 2ms covered 13/13 cells
[JS INFO] L635: [perf] colors applied 0ms covered 13/13 cells
[JS INFO] L635: [perf] colors applied 0ms covered 13/13 cells
[JS INFO] L602: [perf] cache built {"unitMM":1,"FIELD_R":20,"fieldRadiusU":"20.00","vertices":4968,"cellCount":13,"cvLen":3505,"cellRange":{"x":["-27.1","35.0"],"y":["-0.0","26.9"],"z":["-1.7","35.0"]},"bboxMin":["-29.1","-2.0","-3.7"],"timeMs":"18"}
[JS INFO] L635: [perf] colors applied 0ms covered 13/13 cells
[JS INFO] L635: [perf] colors applied 2ms covered 13/13 cells
[JS INFO] L635: [perf] colors applied 1ms covered 13/13 cells
[JS INFO] L635: [perf] colors applied 0ms covered 13/13 cells
[JS INFO] L635: [perf] colors applied 0ms covered 13/13 cells
[JS INFO] L635: [perf] colors applied 0ms covered 13/13 cells
[JS INFO] L635: [perf] colors applied 1ms covered 13/13 cells
[JS INFO] L635: [perf] colors applied 1ms covered 13/13 cells
[JS INFO] L635: [perf] colors applied 1ms covered 13/13 cells
[JS INFO] L635: [perf] colors applied 0ms covered 13/13 cells
[JS INFO] L635: [perf] colors applied 1ms covered 13/13 cells
[JS INFO] L635: [perf] colors applied 1ms covered 13/13 cells
[JS INFO] L635: [perf] colors applied 1ms covered 13/13 cells
[JS INFO] L635: [perf] colors applied 0ms covered 13/13 cells
[JS INFO] L635: [perf] colors applied 1ms covered 13/13 cells
[JS INFO] L635: [perf] colors applied 1ms covered 13/13 cells
[JS INFO] L635: [perf] colors applied 1ms covered 13/13 cells
[JS INFO] L635: [perf] colors applied 1ms covered 13/13 cells
[JS INFO] L635: [perf] colors applied 1ms covered 13/13 cells
[JS INFO] L635: [perf] colors applied 1ms covered 13/13 cells
[JS INFO] L635: [perf] colors applied 0ms covered 13/13 cells
[JS INFO] L635: [perf] colors applied 0ms covered 13/13 cells
[JS INFO] L635: [perf] colors applied 1ms covered 13/13 cells
[JS INFO] L635: [perf] colors applied 0ms covered 13/13 cells
[JS INFO] L602: [perf] cache built {"unitMM":1,"FIELD_R":30,"fieldRadiusU":"30.00","vertices":4968,"cellCount":13,"cvLen":4461,"cellRange":{"x":["-27.1","35.0"],"y":["-0.0","26.9"],"z":["-1.7","35.0"]},"bboxMin":["-30.1","-3.0","-4.7"],"timeMs":"38"}
[JS INFO] L635: [perf] colors applied 1ms covered 13/13 cells
[JS INFO] L635: [perf] colors applied 0ms covered 13/13 cells
[JS INFO] L635: [perf] colors applied 1ms covered 13/13 cells
[JS INFO] L635: [perf] colors applied 1ms covered 13/13 cells
[JS INFO] L635: [perf] colors applied 1ms covered 13/13 cells
[JS INFO] L635: [perf] colors applied 1ms covered 13/13 cells
[JS INFO] L635: [perf] colors applied 0ms covered 13/13 cells
[JS INFO] L635: [perf] colors applied 1ms covered 13/13 cells
[JS INFO] L635: [perf] colors applied 1ms covered 13/13 cells
[JS INFO] L635: [perf] colors applied 0ms covered 13/13 cells
[JS INFO] L635: [perf] colors applied 1ms covered 13/13 cells
[JS INFO] L635: [perf] colors applied 1ms covered 13/13 cells
[JS INFO] L635: [perf] colors applied 0ms covered 13/13 cells
[JS INFO] L635: [perf] colors applied 0ms covered 13/13 cells
[JS INFO] L635: [perf] colors applied 1ms covered 13/13 cells
[JS INFO] L635: [perf] colors applied 1ms covered 13/13 cells
[JS INFO] L635: [perf] colors applied 1ms covered 13/13 cells
[JS INFO] L635: [perf] colors applied 1ms covered 13/13 cells
[JS INFO] L635: [perf] colors applied 0ms covered 13/13 cells
[JS INFO] L635: [perf] colors applied 1ms covered 13/13 cells
[JS INFO] L635: [perf] colors applied 1ms covered 13/13 cells
[JS INFO] L635: [perf] colors applied 1ms covered 13/13 cells
[JS INFO] L635: [perf] colors applied 3ms covered 13/13 cells
[JS INFO] L635: [perf] colors applied 1ms covered 13/13 cells
[JS INFO] L635: [perf] colors applied 1ms covered 13/13 cells
[JS INFO] L635: [perf] colors applied 1ms covered 13/13 cells
[JS INFO] L635: [perf] colors applied 0ms covered 13/13 cells
[JS INFO] L635: [perf] colors applied 1ms covered 13/13 cells
[JS INFO] L635: [perf] colors applied 1ms covered 13/13 cells
[JS INFO] L635: [perf] colors applied 0ms covered 13/13 cells
[JS INFO] L635: [perf] colors applied 0ms covered 13/13 cells
[JS INFO] L635: [perf] colors applied 0ms covered 13/13 cells
[JS INFO] L635: [perf] colors applied 0ms covered 13/13 cells
[JS INFO] L635: [perf] colors applied 1ms covered 13/13 cells
[JS INFO] L635: [perf] colors applied 1ms covered 13/13 cells
[JS INFO] L635: [perf] colors applied 0ms covered 13/13 cells
[JS INFO] L635: [perf] colors applied 0ms covered 13/13 cells
[JS INFO] L635: [perf] colors applied 0ms covered 13/13 cells
[JS INFO] L635: [perf] colors applied 2ms covered 13/13 cells
[JS INFO] L635: [perf] colors applied 1ms covered 13/13 cells
[JS INFO] L635: [perf] colors applied 9ms covered 13/13 cells
[JS INFO] L635: [perf] colors applied 1ms covered 13/13 cells
[JS INFO] L635: [perf] colors applied 1ms covered 13/13 cells
[JS INFO] L635: [perf] colors applied 2ms covered 13/13 cells
[JS INFO] L635: [perf] colors applied 1ms covered 13/13 cells
[JS INFO] L635: [perf] colors applied 1ms covered 13/13 cells
[JS INFO] L635: [perf] colors applied 2ms covered 13/13 cells
[JS INFO] L635: [perf] colors applied 2ms covered 13/13 cells
[JS INFO] L635: [perf] colors applied 1ms covered 13/13 cells
[JS INFO] L635: [perf] colors applied 1ms covered 13/13 cells
[JS INFO] L635: [perf] colors applied 0ms covered 13/13 cells
[JS INFO] L635: [perf] colors applied 1ms covered 13/13 cells
[JS INFO] L635: [perf] colors applied 1ms covered 13/13 cells
[JS INFO] L635: [perf] colors applied 1ms covered 13/13 cells
[JS INFO] L635: [perf] colors applied 1ms covered 13/13 cells
[JS INFO] L635: [perf] colors applied 1ms covered 13/13 cells
[JS INFO] L635: [perf] colors applied 0ms covered 13/13 cells
[JS INFO] L635: [perf] colors applied 1ms covered 13/13 cells
[JS INFO] L635: [perf] colors applied 0ms covered 13/13 cells
[JS INFO] L635: [perf] colors applied 0ms covered 13/13 cells
[JS INFO] L635: [perf] colors applied 1ms covered 13/13 cells
[JS INFO] L635: [perf] colors applied 1ms covered 13/13 cells
[JS INFO] L635: [perf] colors applied 1ms covered 13/13 cells
[JS INFO] L635: [perf] colors applied 1ms covered 13/13 cells
[JS INFO] L635: [perf] colors applied 1ms covered 13/13 cells
[JS INFO] L635: [perf] colors applied 0ms covered 13/13 cells
[JS INFO] L635: [perf] colors applied 1ms covered 13/13 cells
[JS INFO] L635: [perf] colors applied 1ms covered 13/13 cells
[JS INFO] L635: [perf] colors applied 0ms covered 13/13 cells
[JS INFO] L635: [perf] colors applied 0ms covered 13/13 cells
[JS INFO] L635: [perf] colors applied 0ms covered 13/13 cells
[JS INFO] L635: [perf] colors applied 1ms covered 13/13 cells
[JS INFO] L635: [perf] colors applied 1ms covered 13/13 cells
[JS INFO] L635: [perf] colors applied 0ms covered 13/13 cells
[JS INFO] L635: [perf] colors applied 0ms covered 13/13 cells
[JS INFO] L635: [perf] colors applied 0ms covered 13/13 cells
[JS INFO] L635: [perf] colors applied 1ms covered 13/13 cells
[JS INFO] L635: [perf] colors applied 1ms covered 13/13 cells
[JS INFO] L635: [perf] colors applied 0ms covered 13/13 cells
[JS INFO] L635: [perf] colors applied 0ms covered 13/13 cells
[JS INFO] L635: [perf] colors applied 1ms covered 13/13 cells
[JS INFO] L635: [perf] colors applied 1ms covered 13/13 cells
[JS INFO] L635: [perf] colors applied 1ms covered 13/13 cells
[JS INFO] L635: [perf] colors applied 0ms covered 13/13 cells
[JS INFO] L635: [perf] colors applied 0ms covered 13/13 cells
[JS INFO] L635: [perf] colors applied 0ms covered 13/13 cells
[JS INFO] L635: [perf] colors applied 0ms covered 13/13 cells
[JS INFO] L635: [perf] colors applied 1ms covered 13/13 cells
[JS INFO] L635: [perf] colors applied 0ms covered 13/13 cells
[JS INFO] L635: [perf] colors applied 0ms covered 13/13 cells
[JS INFO] L635: [perf] colors applied 0ms covered 13/13 cells
[JS INFO] L635: [perf] colors applied 1ms covered 13/13 cells
[JS INFO] L635: [perf] colors applied 1ms covered 13/13 cells
[JS INFO] L635: [perf] colors applied 0ms covered 13/13 cells
[JS INFO] L635: [perf] colors applied 0ms covered 13/13 cells
[JS INFO] L635: [perf] colors applied 1ms covered 13/13 cells
[JS INFO] L635: [perf] colors applied 1ms covered 13/13 cells
[JS INFO] L635: [perf] colors applied 1ms covered 13/13 cells
[JS INFO] L635: [perf] colors applied 1ms covered 13/13 cells
[JS INFO] L635: [perf] colors applied 0ms covered 13/13 cells
[JS INFO] L635: [perf] colors applied 0ms covered 13/13 cells
[JS INFO] L635: [perf] colors applied 0ms covered 13/13 cells
[JS INFO] L635: [perf] colors applied 1ms covered 13/13 cells
[JS INFO] L635: [perf] colors applied 0ms covered 13/13 cells
[JS INFO] L635: [perf] colors applied 1ms covered 13/13 cells
[JS INFO] L635: [perf] colors applied 1ms covered 13/13 cells
[JS INFO] L635: [perf] colors applied 1ms covered 13/13 cells
[JS INFO] L635: [perf] colors applied 1ms covered 13/13 cells
[JS INFO] L635: [perf] colors applied 3ms covered 13/13 cells
[JS INFO] L635: [perf] colors applied 1ms covered 13/13 cells
[JS INFO] L635: [perf] colors applied 2ms covered 13/13 cells
[JS INFO] L635: [perf] colors applied 1ms covered 13/13 cells
[JS INFO] L635: [perf] colors applied 2ms covered 13/13 cells
[JS INFO] L635: [perf] colors applied 1ms covered 13/13 cells
[JS INFO] L635: [perf] colors applied 2ms covered 13/13 cells
[JS INFO] L635: [perf] colors applied 3ms covered 13/13 cells
[JS INFO] L635: [perf] colors applied 1ms covered 13/13 cells
[JS INFO] L635: [perf] colors applied 2ms covered 13/13 cells
[JS INFO] L635: [perf] colors applied 1ms covered 13/13 cells
[JS INFO] L635: [perf] colors applied 2ms covered 13/13 cells
[JS INFO] L635: [perf] colors applied 2ms covered 13/13 cells
[JS INFO] L635: [perf] colors applied 4ms covered 13/13 cells
[JS INFO] L635: [perf] colors applied 1ms covered 13/13 cells
[JS INFO] L635: [perf] colors applied 2ms covered 13/13 cells
[JS INFO] L635: [perf] colors applied 3ms covered 13/13 cells
[JS INFO] L635: [perf] colors applied 1ms covered 13/13 cells
[JS INFO] L635: [perf] colors applied 1ms covered 13/13 cells
[JS INFO] L635: [perf] colors applied 2ms covered 13/13 cells
[JS INFO] L635: [perf] colors applied 2ms covered 13/13 cells
[JS INFO] L635: [perf] colors applied 3ms covered 13/13 cells
[JS INFO] L635: [perf] colors applied 1ms covered 13/13 cells
[JS INFO] L635: [perf] colors applied 1ms covered 13/13 cells
[JS INFO] L635: [perf] colors applied 3ms covered 13/13 cells
[JS INFO] L635: [perf] colors applied 1ms covered 13/13 cells
[JS INFO] L635: [perf] colors applied 2ms covered 13/13 cells
[JS INFO] L635: [perf] colors applied 3ms covered 13/13 cells
[JS INFO] L635: [perf] colors applied 1ms covered 13/13 cells
[JS INFO] L635: [perf] colors applied 2ms covered 13/13 cells
[JS INFO] L635: [perf] colors applied 2ms covered 13/13 cells
[JS INFO] L635: [perf] colors applied 2ms covered 13/13 cells
[JS INFO] L635: [perf] colors applied 3ms covered 13/13 cells
[JS INFO] L635: [perf] colors applied 2ms covered 13/13 cells
[JS INFO] L635: [perf] colors applied 2ms covered 13/13 cells
[JS INFO] L635: [perf] colors applied 3ms covered 13/13 cells
[JS INFO] L635: [perf] colors applied 2ms covered 13/13 cells
[JS INFO] L635: [perf] colors applied 1ms covered 13/13 cells
[JS INFO] L635: [perf] colors applied 1ms covered 13/13 cells
[JS INFO] L635: [perf] colors applied 2ms covered 13/13 cells
[JS INFO] L635: [perf] colors applied 1ms covered 13/13 cells
[JS INFO] L635: [perf] colors applied 2ms covered 13/13 cells
[JS INFO] L635: [perf] colors applied 4ms covered 13/13 cells
[JS INFO] L635: [perf] colors applied 4ms covered 13/13 cells
[JS INFO] L635: [perf] colors applied 1ms covered 13/13 cells
[JS INFO] L635: [perf] colors applied 1ms covered 13/13 cells
[JS INFO] L635: [perf] colors applied 2ms covered 13/13 cells
[JS INFO] L635: [perf] colors applied 1ms covered 13/13 cells
[JS INFO] L635: [perf] colors applied 1ms covered 13/13 cells
[JS INFO] L635: [perf] colors applied 0ms covered 13/13 cells
