=== 3D拟物Layout编辑器 v1.0.0 ===
启动: 2026-07-10T11:10:40.359260
[log] 日志文件: D:\workshop\3D-\src\log\app_20260710_111040.log
[init] find_root() = D:\workshop\3D-
[init] html_path = D:\workshop\3D-\src\3D编辑器原型.html
[init] HTTP port = 51857
[init] loading URL = http://127.0.0.1:51857/src/3D%E7%BC%96%E8%BE%91%E5%99%A8%E5%8E%9F%E5%9E%8B.html
[JS ERROR] L896: Uncaught SyntaxError: Illegal continue statement: no surrounding iteration statement
[init] WebEngine load succeeded
[open] reading C:/Users/lenovo/Desktop/效果/手套1.3dlp
[open] zip contents: ['project.json', '手套模型.stl']
[open] model_file=手套模型.stl model_format=stl
[open] model raw size=74938584 bytes
[open] resolved format=stl
[open] 大模型 (1498770面) 正在降采样...
[open] 降采样成功: 1498770→300000面
[open] cells=22 total_points=200
[open] cache_path=D:\workshop\3D-\src\_model_cache\opened_1578e99b_手套模型.stl
[open] cache_size=15000084 (raw=15000084)
[open] loadStl URL=/src/_model_cache/opened_1578e99b_%E6%89%8B%E5%A5%97%E6%A8%A1%E5%9E%8B.stl?v=1783653055487 format=stl cells=22
[JS ERROR] L1: Uncaught TypeError: window.pyCommand is not a function
[open] reading C:/Users/lenovo/Desktop/效果/篮球.3dlp
[open] zip contents: ['project.json', '15705_Basketball_Player-Free_Throw_v1.obj']
[open] model_file=15705_Basketball_Player-Free_Throw_v1.obj model_format=obj
[open] model raw size=6319264 bytes
[open] resolved format=obj
[open] cells=9 total_points=200
[open] cache_path=D:\workshop\3D-\src\_model_cache\opened_cb8fb7ad_15705_Basketball_Player-Free_Throw_v1.obj
[open] cache_size=6319264 (raw=6319264)
[open] loadStl URL=/src/_model_cache/opened_cb8fb7ad_15705_Basketball_Player-Free_Throw_v1.obj?v=1783653077166 format=obj cells=9
[JS ERROR] L1: Uncaught TypeError: window.pyCommand is not a function
[open] reading C:/Users/lenovo/Desktop/效果/stp文件.3dlp
[open] zip contents: ['project.json', '半圆柱压头φ12_.stl']
[open] model_file=半圆柱压头φ12_.stl model_format=stl
[open] model raw size=82884 bytes
[open] resolved format=stl
[open] cells=4 total_points=200
[open] cache_path=D:\workshop\3D-\src\_model_cache\opened_59f3d894_半圆柱压头φ12_.stl
[open] cache_size=82884 (raw=82884)
[open] loadStl URL=/src/_model_cache/opened_59f3d894_%E5%8D%8A%E5%9C%86%E6%9F%B1%E5%8E%8B%E5%A4%B4%CF%8612_.stl?v=1783653082672 format=stl cells=4
[JS ERROR] L1: Uncaught TypeError: window.pyCommand is not a function
[stp] === 非STP直接加载: D:/workshop/3D-/obj模型/15705_Basketball_Player-Free_Throw_v1.obj ===
[JS ERROR] L1: Uncaught TypeError: window.pyCommand is not a function
