=== 3D拟物Layout编辑器 v1.0.0 ===
启动: 2026-07-10T10:24:22.704384
[log] 日志文件: D:\workshop\3D-\src\log\app_20260710_102422.log
[init] find_root() = D:\workshop\3D-
[init] html_path = D:\workshop\3D-\src\3D编辑器原型.html
[init] HTTP port = 60293
[init] loading URL = http://127.0.0.1:60293/src/3D%E7%BC%96%E8%BE%91%E5%99%A8%E5%8E%9F%E5%9E%8B.html
[init] WebEngine load succeeded
[stp] === STP转换开始: D:/workshop/3D-/半圆柱压头φ12_.stp ===
[stp] converter=d:\workshop\3D-\src\stp_converter.py exists=True
[stp] input=D:/workshop/3D-/半圆柱压头φ12_.stp tmp_out=C:\Users\lenovo\AppData\Local\Temp\_stp_convert_23420.stl
[stp] in-process convert started
[stp] in-process convert done
[stp] tmp_out exists=True size=82884
[stp] output STL: 82884 bytes, 1656 faces
[stp] === STP转换成功: 1656 faces, 进入loadStl流程 ===
[JS INFO] L809: [loadStl] received {"url":"/src/_model_cache/%E5%8D%8A%E5%9C%86%E6%9F%B1%E5%8E%8B%E5%A4","format":"stl","unit_mm":1,"hasExplicitUnit":true,"cells":0}
[JS INFO] L864: [model-verify] {"boxMin":["-35.0","-22.9","-35.0"],"boxMax":["35.0","22.9","35.0"],"size":["70","46","70"],"center":["0","0","0"],"radius":"55","rtPos":["0","-23","0"],"camPos":["130","-74","130"],"near":"0.0545","far":"5455","Mvisible":true,"matVisible":true,"opacity":0.92,"sceneChildren":2}
[JS INFO] L875: [model-render] render OK
[JS INFO] L585: [perf] vertex-local-pos cached 3ms 4968 verts
[JS INFO] L608: [perf] cache built {"unitMM":1,"FIELD_R":60,"fieldRadiusU":"60.00","vertices":4968,"cellCount":6,"cvLen":4968,"cellRange":{"x":["-15.1","4.8"],"y":["-0.0","45.2"],"z":["-11.8","35.0"]},"bboxMin":["-21.1","-6.0","-17.8"],"timeMs":"33"}
[JS INFO] L641: [perf] colors applied 12ms covered 0/6 cells
[JS INFO] L641: [perf] colors applied 10ms covered 6/6 cells
[JS INFO] L641: [perf] colors applied 11ms covered 6/6 cells
[JS INFO] L641: [perf] colors applied 1ms covered 6/6 cells
[JS INFO] L641: [perf] colors applied 1ms covered 6/6 cells
[JS INFO] L641: [perf] colors applied 1ms covered 6/6 cells
[JS INFO] L641: [perf] colors applied 1ms covered 6/6 cells
[JS INFO] L641: [perf] colors applied 1ms covered 6/6 cells
[JS INFO] L641: [perf] colors applied 1ms covered 6/6 cells
[JS INFO] L641: [perf] colors applied 1ms covered 6/6 cells
[JS INFO] L641: [perf] colors applied 1ms covered 6/6 cells
[JS INFO] L641: [perf] colors applied 1ms covered 6/6 cells
[JS INFO] L641: [perf] colors applied 1ms covered 6/6 cells
[JS INFO] L641: [perf] colors applied 1ms covered 6/6 cells
[JS INFO] L641: [perf] colors applied 1ms covered 6/6 cells
[JS INFO] L641: [perf] colors applied 1ms covered 6/6 cells
[JS INFO] L641: [perf] colors applied 1ms covered 6/6 cells
[JS INFO] L641: [perf] colors applied 1ms covered 6/6 cells
[JS INFO] L641: [perf] colors applied 1ms covered 6/6 cells
[JS INFO] L641: [perf] colors applied 1ms covered 6/6 cells
[JS INFO] L641: [perf] colors applied 1ms covered 6/6 cells
[JS INFO] L641: [perf] colors applied 1ms covered 6/6 cells
[JS INFO] L641: [perf] colors applied 1ms covered 6/6 cells
[JS INFO] L641: [perf] colors applied 1ms covered 6/6 cells
[JS INFO] L641: [perf] colors applied 1ms covered 6/6 cells
[JS INFO] L641: [perf] colors applied 1ms covered 6/6 cells
[JS INFO] L641: [perf] colors applied 2ms covered 6/6 cells
[JS INFO] L641: [perf] colors applied 1ms covered 6/6 cells
[JS INFO] L641: [perf] colors applied 1ms covered 6/6 cells
[JS INFO] L641: [perf] colors applied 1ms covered 6/6 cells
[JS INFO] L641: [perf] colors applied 1ms covered 6/6 cells
[JS INFO] L641: [perf] colors applied 1ms covered 6/6 cells
[JS INFO] L641: [perf] colors applied 1ms covered 6/6 cells
[JS INFO] L641: [perf] colors applied 2ms covered 6/6 cells
[JS INFO] L641: [perf] colors applied 1ms covered 6/6 cells
[JS INFO] L641: [perf] colors applied 1ms covered 6/6 cells
[JS INFO] L641: [perf] colors applied 1ms covered 6/6 cells
[JS INFO] L641: [perf] colors applied 1ms covered 6/6 cells
[JS INFO] L641: [perf] colors applied 1ms covered 6/6 cells
[JS INFO] L641: [perf] colors applied 1ms covered 6/6 cells
[JS INFO] L641: [perf] colors applied 1ms covered 6/6 cells
[JS INFO] L641: [perf] colors applied 1ms covered 6/6 cells
[JS INFO] L641: [perf] colors applied 1ms covered 6/6 cells
[JS INFO] L641: [perf] colors applied 1ms covered 6/6 cells
[JS INFO] L641: [perf] colors applied 1ms covered 6/6 cells
[JS INFO] L641: [perf] colors applied 1ms covered 6/6 cells
[JS INFO] L641: [perf] colors applied 1ms covered 6/6 cells
[JS INFO] L641: [perf] colors applied 1ms covered 6/6 cells
[JS INFO] L641: [perf] colors applied 1ms covered 6/6 cells
[JS INFO] L641: [perf] colors applied 1ms covered 6/6 cells
[JS INFO] L641: [perf] colors applied 1ms covered 6/6 cells
[JS INFO] L641: [perf] colors applied 1ms covered 6/6 cells
[JS INFO] L641: [perf] colors applied 1ms covered 6/6 cells
[JS INFO] L641: [perf] colors applied 1ms covered 6/6 cells
[JS INFO] L641: [perf] colors applied 4ms covered 6/6 cells
[JS INFO] L641: [perf] colors applied 1ms covered 6/6 cells
[JS INFO] L641: [perf] colors applied 1ms covered 6/6 cells
[JS INFO] L641: [perf] colors applied 2ms covered 6/6 cells
[JS INFO] L641: [perf] colors applied 1ms covered 6/6 cells
[JS INFO] L641: [perf] colors applied 1ms covered 6/6 cells
[JS INFO] L641: [perf] colors applied 1ms covered 6/6 cells
[JS INFO] L641: [perf] colors applied 1ms covered 6/6 cells
[JS INFO] L641: [perf] colors applied 1ms covered 6/6 cells
[JS INFO] L641: [perf] colors applied 2ms covered 6/6 cells
[JS INFO] L641: [perf] colors applied 1ms covered 6/6 cells
[JS INFO] L641: [perf] colors applied 1ms covered 6/6 cells
[JS INFO] L641: [perf] colors applied 1ms covered 6/6 cells
[JS INFO] L641: [perf] colors applied 1ms covered 6/6 cells
[JS INFO] L641: [perf] colors applied 1ms covered 6/6 cells
[JS INFO] L641: [perf] colors applied 1ms covered 6/6 cells
[JS INFO] L641: [perf] colors applied 1ms covered 6/6 cells
[JS INFO] L641: [perf] colors applied 1ms covered 6/6 cells
[JS INFO] L608: [perf] cache built {"unitMM":1,"FIELD_R":40,"fieldRadiusU":"40.00","vertices":4968,"cellCount":6,"cvLen":4968,"cellRange":{"x":["-15.1","4.8"],"y":["-0.0","45.2"],"z":["-11.8","35.0"]},"bboxMin":["-19.1","-4.0","-15.8"],"timeMs":"16"}
[JS INFO] L641: [perf] colors applied 1ms covered 6/6 cells
[JS INFO] L608: [perf] cache built {"unitMM":1,"FIELD_R":30,"fieldRadiusU":"30.00","vertices":4968,"cellCount":6,"cvLen":4727,"cellRange":{"x":["-15.1","4.8"],"y":["-0.0","45.2"],"z":["-11.8","35.0"]},"bboxMin":["-18.1","-3.0","-14.8"],"timeMs":"14"}
[JS INFO] L641: [perf] colors applied 0ms covered 6/6 cells
[JS INFO] L641: [perf] colors applied 0ms covered 6/6 cells
[JS INFO] L641: [perf] colors applied 0ms covered 6/6 cells
[JS INFO] L641: [perf] colors applied 0ms covered 6/6 cells
[JS INFO] L641: [perf] colors applied 0ms covered 6/6 cells
[JS INFO] L608: [perf] cache built {"unitMM":1,"FIELD_R":40,"fieldRadiusU":"40.00","vertices":4968,"cellCount":6,"cvLen":4968,"cellRange":{"x":["-15.1","4.8"],"y":["-0.0","45.2"],"z":["-11.8","35.0"]},"bboxMin":["-19.1","-4.0","-15.8"],"timeMs":"5"}
[JS INFO] L641: [perf] colors applied 1ms covered 6/6 cells
[JS INFO] L641: [perf] colors applied 1ms covered 6/6 cells
[JS INFO] L641: [perf] colors applied 2ms covered 6/6 cells
[JS INFO] L641: [perf] colors applied 1ms covered 6/6 cells
[JS INFO] L641: [perf] colors applied 1ms covered 6/6 cells
[JS INFO] L641: [perf] colors applied 1ms covered 6/6 cells
[JS INFO] L641: [perf] colors applied 1ms covered 6/6 cells
[JS INFO] L641: [perf] colors applied 0ms covered 6/6 cells
[JS INFO] L641: [perf] colors applied 0ms covered 6/6 cells
[JS INFO] L641: [perf] colors applied 0ms covered 6/6 cells
[JS INFO] L641: [perf] colors applied 1ms covered 6/6 cells
[JS INFO] L641: [perf] colors applied 1ms covered 6/6 cells
[JS INFO] L641: [perf] colors applied 0ms covered 6/6 cells
[JS INFO] L641: [perf] colors applied 1ms covered 6/6 cells
[JS INFO] L641: [perf] colors applied 0ms covered 6/6 cells
[JS INFO] L641: [perf] colors applied 1ms covered 6/6 cells
[JS INFO] L641: [perf] colors applied 1ms covered 6/6 cells
[JS INFO] L641: [perf] colors applied 0ms covered 6/6 cells
[JS INFO] L641: [perf] colors applied 1ms covered 6/6 cells
[JS INFO] L641: [perf] colors applied 1ms covered 6/6 cells
[JS INFO] L641: [perf] colors applied 2ms covered 6/6 cells
[JS INFO] L641: [perf] colors applied 0ms covered 6/6 cells
[JS INFO] L641: [perf] colors applied 1ms covered 6/6 cells
[JS INFO] L641: [perf] colors applied 1ms covered 6/6 cells
[JS INFO] L641: [perf] colors applied 0ms covered 6/6 cells
[JS INFO] L641: [perf] colors applied 0ms covered 6/6 cells
[JS INFO] L641: [perf] colors applied 0ms covered 6/6 cells
[JS INFO] L641: [perf] colors applied 0ms covered 6/6 cells
[JS INFO] L641: [perf] colors applied 1ms covered 6/6 cells
[JS INFO] L641: [perf] colors applied 0ms covered 6/6 cells
[JS INFO] L641: [perf] colors applied 0ms covered 6/6 cells
[JS INFO] L641: [perf] colors applied 0ms covered 6/6 cells
[JS INFO] L641: [perf] colors applied 1ms covered 6/6 cells
[JS INFO] L641: [perf] colors applied 1ms covered 6/6 cells
[JS INFO] L641: [perf] colors applied 1ms covered 6/6 cells
[JS INFO] L641: [perf] colors applied 1ms covered 6/6 cells
[JS INFO] L641: [perf] colors applied 1ms covered 6/6 cells
[JS INFO] L641: [perf] colors applied 1ms covered 6/6 cells
[JS INFO] L641: [perf] colors applied 1ms covered 6/6 cells
[JS INFO] L641: [perf] colors applied 1ms covered 6/6 cells
[JS INFO] L641: [perf] colors applied 1ms covered 6/6 cells
[JS INFO] L641: [perf] colors applied 0ms covered 6/6 cells
[JS INFO] L641: [perf] colors applied 1ms covered 6/6 cells
[JS INFO] L641: [perf] colors applied 1ms covered 6/6 cells
[JS INFO] L641: [perf] colors applied 1ms covered 6/6 cells
[JS INFO] L641: [perf] colors applied 0ms covered 6/6 cells
[JS INFO] L641: [perf] colors applied 0ms covered 6/6 cells
[JS INFO] L641: [perf] colors applied 1ms covered 6/6 cells
[JS INFO] L641: [perf] colors applied 1ms covered 6/6 cells
[JS INFO] L641: [perf] colors applied 1ms covered 6/6 cells
[JS INFO] L641: [perf] colors applied 1ms covered 6/6 cells
[JS INFO] L641: [perf] colors applied 1ms covered 6/6 cells
[JS INFO] L641: [perf] colors applied 2ms covered 6/6 cells
[JS INFO] L641: [perf] colors applied 1ms covered 6/6 cells
[JS INFO] L641: [perf] colors applied 1ms covered 6/6 cells
[JS INFO] L641: [perf] colors applied 1ms covered 6/6 cells
[JS INFO] L641: [perf] colors applied 1ms covered 6/6 cells
[JS INFO] L641: [perf] colors applied 1ms covered 6/6 cells
[JS INFO] L641: [perf] colors applied 1ms covered 6/6 cells
[JS INFO] L641: [perf] colors applied 1ms covered 6/6 cells
[JS INFO] L641: [perf] colors applied 1ms covered 6/6 cells
[JS INFO] L641: [perf] colors applied 1ms covered 6/6 cells
[JS INFO] L641: [perf] colors applied 1ms covered 6/6 cells
[JS INFO] L641: [perf] colors applied 1ms covered 6/6 cells
[JS INFO] L641: [perf] colors applied 1ms covered 6/6 cells
[JS INFO] L641: [perf] colors applied 1ms covered 6/6 cells
[JS INFO] L641: [perf] colors applied 3ms covered 6/6 cells
[JS INFO] L641: [perf] colors applied 0ms covered 6/6 cells
[JS INFO] L641: [perf] colors applied 1ms covered 6/6 cells
[JS INFO] L641: [perf] colors applied 1ms covered 6/6 cells
[JS INFO] L641: [perf] colors applied 1ms covered 6/6 cells
[JS INFO] L641: [perf] colors applied 1ms covered 6/6 cells
[JS INFO] L641: [perf] colors applied 1ms covered 6/6 cells
[JS INFO] L641: [perf] colors applied 1ms covered 6/6 cells
[JS INFO] L641: [perf] colors applied 2ms covered 6/6 cells
[JS INFO] L641: [perf] colors applied 2ms covered 6/6 cells
[JS INFO] L641: [perf] colors applied 1ms covered 6/6 cells
[JS INFO] L641: [perf] colors applied 1ms covered 6/6 cells
[JS INFO] L641: [perf] colors applied 0ms covered 6/6 cells
[JS INFO] L641: [perf] colors applied 1ms covered 6/6 cells
[JS INFO] L641: [perf] colors applied 1ms covered 6/6 cells
[JS INFO] L641: [perf] colors applied 0ms covered 6/6 cells
[JS INFO] L641: [perf] colors applied 1ms covered 6/6 cells
[JS INFO] L641: [perf] colors applied 1ms covered 6/6 cells
[JS INFO] L641: [perf] colors applied 1ms covered 6/6 cells
[JS INFO] L641: [perf] colors applied 1ms covered 6/6 cells
[JS INFO] L641: [perf] colors applied 1ms covered 6/6 cells
[JS INFO] L641: [perf] colors applied 1ms covered 6/6 cells
[JS INFO] L641: [perf] colors applied 3ms covered 6/6 cells
[JS INFO] L641: [perf] colors applied 1ms covered 6/6 cells
[JS INFO] L641: [perf] colors applied 1ms covered 6/6 cells
[JS INFO] L641: [perf] colors applied 3ms covered 6/6 cells
[JS INFO] L641: [perf] colors applied 1ms covered 6/6 cells
[JS INFO] L641: [perf] colors applied 1ms covered 6/6 cells
[JS INFO] L641: [perf] colors applied 2ms covered 6/6 cells
[JS INFO] L641: [perf] colors applied 1ms covered 6/6 cells
[JS INFO] L641: [perf] colors applied 1ms covered 6/6 cells
[JS INFO] L641: [perf] colors applied 1ms covered 6/6 cells
[JS INFO] L641: [perf] colors applied 1ms covered 6/6 cells
[JS INFO] L641: [perf] colors applied 1ms covered 6/6 cells
[JS INFO] L641: [perf] colors applied 1ms covered 6/6 cells
[JS INFO] L641: [perf] colors applied 0ms covered 6/6 cells
[JS INFO] L641: [perf] colors applied 1ms covered 6/6 cells
[JS INFO] L641: [perf] colors applied 1ms covered 6/6 cells
[JS INFO] L641: [perf] colors applied 3ms covered 6/6 cells
[JS INFO] L641: [perf] colors applied 0ms covered 6/6 cells
[JS INFO] L641: [perf] colors applied 1ms covered 6/6 cells
[JS INFO] L641: [perf] colors applied 2ms covered 6/6 cells
[JS INFO] L641: [perf] colors applied 1ms covered 6/6 cells
[JS INFO] L641: [perf] colors applied 1ms covered 6/6 cells
[JS INFO] L641: [perf] colors applied 0ms covered 6/6 cells
[JS INFO] L641: [perf] colors applied 1ms covered 6/6 cells
[JS INFO] L641: [perf] colors applied 1ms covered 6/6 cells
[JS INFO] L641: [perf] colors applied 1ms covered 6/6 cells
[JS INFO] L641: [perf] colors applied 1ms covered 6/6 cells
[JS INFO] L641: [perf] colors applied 1ms covered 6/6 cells
[JS INFO] L641: [perf] colors applied 0ms covered 6/6 cells
[JS INFO] L641: [perf] colors applied 1ms covered 6/6 cells
[JS INFO] L641: [perf] colors applied 2ms covered 6/6 cells
[JS INFO] L641: [perf] colors applied 1ms covered 6/6 cells
[JS INFO] L641: [perf] colors applied 1ms covered 6/6 cells
[JS INFO] L641: [perf] colors applied 2ms covered 6/6 cells
[JS INFO] L641: [perf] colors applied 1ms covered 6/6 cells
[JS INFO] L641: [perf] colors applied 1ms covered 6/6 cells
[JS INFO] L641: [perf] colors applied 1ms covered 6/6 cells
[JS INFO] L641: [perf] colors applied 1ms covered 6/6 cells
[JS INFO] L641: [perf] colors applied 0ms covered 6/6 cells
[JS INFO] L641: [perf] colors applied 2ms covered 6/6 cells
[JS INFO] L641: [perf] colors applied 0ms covered 6/6 cells
[JS INFO] L641: [perf] colors applied 1ms covered 6/6 cells
[JS INFO] L641: [perf] colors applied 2ms covered 6/6 cells
[JS INFO] L641: [perf] colors applied 1ms covered 6/6 cells
[JS INFO] L641: [perf] colors applied 1ms covered 6/6 cells
[JS INFO] L641: [perf] colors applied 1ms covered 6/6 cells
[JS INFO] L641: [perf] colors applied 1ms covered 6/6 cells
[JS INFO] L641: [perf] colors applied 2ms covered 6/6 cells
[JS INFO] L641: [perf] colors applied 1ms covered 6/6 cells
[JS INFO] L641: [perf] colors applied 0ms covered 6/6 cells
[JS INFO] L641: [perf] colors applied 1ms covered 6/6 cells
[JS INFO] L641: [perf] colors applied 1ms covered 6/6 cells
[JS INFO] L641: [perf] colors applied 1ms covered 6/6 cells
[JS INFO] L641: [perf] colors applied 1ms covered 6/6 cells
[JS INFO] L641: [perf] colors applied 1ms covered 6/6 cells
[JS INFO] L641: [perf] colors applied 1ms covered 6/6 cells
[JS INFO] L641: [perf] colors applied 1ms covered 6/6 cells
[JS INFO] L641: [perf] colors applied 1ms covered 6/6 cells
[JS INFO] L641: [perf] colors applied 1ms covered 6/6 cells
[JS INFO] L641: [perf] colors applied 1ms covered 6/6 cells
[JS INFO] L641: [perf] colors applied 1ms covered 6/6 cells
[JS INFO] L641: [perf] colors applied 1ms covered 6/6 cells
[JS INFO] L641: [perf] colors applied 0ms covered 6/6 cells
[JS INFO] L641: [perf] colors applied 1ms covered 6/6 cells
[JS INFO] L641: [perf] colors applied 0ms covered 6/6 cells
[JS INFO] L641: [perf] colors applied 1ms covered 6/6 cells
[JS INFO] L641: [perf] colors applied 1ms covered 6/6 cells
[JS INFO] L641: [perf] colors applied 2ms covered 6/6 cells
[JS INFO] L641: [perf] colors applied 1ms covered 6/6 cells
[JS INFO] L641: [perf] colors applied 0ms covered 6/6 cells
[JS INFO] L641: [perf] colors applied 1ms covered 6/6 cells
[JS INFO] L641: [perf] colors applied 1ms covered 6/6 cells
[JS INFO] L641: [perf] colors applied 2ms covered 6/6 cells
[JS INFO] L641: [perf] colors applied 1ms covered 6/6 cells
[JS INFO] L641: [perf] colors applied 1ms covered 6/6 cells
[JS INFO] L641: [perf] colors applied 1ms covered 6/6 cells
[JS INFO] L641: [perf] colors applied 2ms covered 6/6 cells
[JS INFO] L641: [perf] colors applied 1ms covered 6/6 cells
[JS INFO] L641: [perf] colors applied 1ms covered 6/6 cells
[JS INFO] L641: [perf] colors applied 1ms covered 6/6 cells
[JS INFO] L641: [perf] colors applied 1ms covered 6/6 cells
[JS INFO] L641: [perf] colors applied 3ms covered 6/6 cells
[open] reading C:/Users/lenovo/Desktop/效果/手套.3dlp
[open] zip contents: ['project.json', '手套模型.stl']
[open] model_file=手套模型.stl model_format=stl
[open] model raw size=74938584 bytes
[open] resolved format=stl
[open] cells=6 total_points=200
[open] cache_path=D:\workshop\3D-\src\_model_cache\opened_6c67e2cc_手套模型.stl
[open] cache_size=74938584 (raw=74938584)
[open] loadStl URL=/src/_model_cache/opened_6c67e2cc_%E6%89%8B%E5%A5%97%E6%A8%A1%E5%9E%8B.stl?v=1783650311360 format=stl cells=6
[JS INFO] L641: [perf] colors applied 1ms covered 6/6 cells
[JS INFO] L641: [perf] colors applied 2ms covered 6/6 cells
[JS INFO] L641: [perf] colors applied 1ms covered 6/6 cells
[JS INFO] L641: [perf] colors applied 1ms covered 6/6 cells
[JS INFO] L641: [perf] colors applied 1ms covered 6/6 cells
[JS INFO] L809: [loadStl] received {"url":"/src/_model_cache/opened_6c67e2cc_%E6%89%8B%E5%A5%97%E6%A8%A","format":"stl","unit_mm":1000,"hasExplicitUnit":true,"cells":6}
[JS INFO] L854: [restoreCells] restored=6 failed=0 total=6
[JS INFO] L864: [model-verify] {"boxMin":["-0.3","-0.2","-0.5"],"boxMax":["0.3","0.2","0.5"],"size":["1","0","1"],"center":["0","0","0"],"radius":"1","rtPos":["0","-0","-1"],"camPos":["2","-1","2"],"near":"0.0100","far":"65","Mvisible":true,"matVisible":true,"opacity":0.92,"sceneChildren":2}
[JS INFO] L875: [model-render] render OK
[JS INFO] L585: [perf] vertex-local-pos cached 496ms 4496310 verts
[JS INFO] L608: [perf] cache built {"unitMM":1000,"FIELD_R":60,"fieldRadiusU":"0.06","vertices":4496310,"cellCount":6,"cvLen":100433,"cellRange":{"x":["-73.4","139.2"],"y":["-109.1","-89.3"],"z":["389.2","546.8"]},"bboxMin":["-79.4","-115.1","383.2"],"timeMs":"2970"}
[JS INFO] L641: [perf] colors applied 25ms covered 6/6 cells
[JS INFO] L641: [perf] colors applied 16ms covered 6/6 cells
[JS INFO] L641: [perf] colors applied 9ms covered 6/6 cells
[JS INFO] L641: [perf] colors applied 8ms covered 6/6 cells
[JS INFO] L641: [perf] colors applied 9ms covered 6/6 cells
[JS INFO] L641: [perf] colors applied 9ms covered 6/6 cells
[JS INFO] L641: [perf] colors applied 10ms covered 6/6 cells
[JS INFO] L641: [perf] colors applied 8ms covered 6/6 cells
[JS INFO] L641: [perf] colors applied 10ms covered 6/6 cells
[JS INFO] L641: [perf] colors applied 8ms covered 6/6 cells
[JS INFO] L641: [perf] colors applied 10ms covered 6/6 cells
[JS INFO] L641: [perf] colors applied 12ms covered 6/6 cells
[JS INFO] L641: [perf] colors applied 9ms covered 6/6 cells
[JS INFO] L641: [perf] colors applied 9ms covered 6/6 cells
[JS INFO] L641: [perf] colors applied 10ms covered 6/6 cells
[JS INFO] L641: [perf] colors applied 11ms covered 6/6 cells
[JS INFO] L641: [perf] colors applied 8ms covered 6/6 cells
[JS INFO] L641: [perf] colors applied 10ms covered 6/6 cells
[JS INFO] L641: [perf] colors applied 9ms covered 6/6 cells
[JS INFO] L641: [perf] colors applied 8ms covered 6/6 cells
[JS INFO] L641: [perf] colors applied 8ms covered 6/6 cells
[JS INFO] L641: [perf] colors applied 9ms covered 6/6 cells
[JS INFO] L641: [perf] colors applied 7ms covered 6/6 cells
[JS INFO] L641: [perf] colors applied 8ms covered 6/6 cells
[JS INFO] L641: [perf] colors applied 8ms covered 6/6 cells
[JS INFO] L641: [perf] colors applied 8ms covered 6/6 cells
[JS INFO] L641: [perf] colors applied 9ms covered 6/6 cells
[JS INFO] L641: [perf] colors applied 8ms covered 6/6 cells
[JS INFO] L641: [perf] colors applied 9ms covered 6/6 cells
[JS INFO] L641: [perf] colors applied 9ms covered 6/6 cells
[JS INFO] L641: [perf] colors applied 8ms covered 6/6 cells
[JS INFO] L641: [perf] colors applied 8ms covered 6/6 cells
[JS INFO] L641: [perf] colors applied 9ms covered 6/6 cells
[JS INFO] L641: [perf] colors applied 8ms covered 6/6 cells
[JS INFO] L641: [perf] colors applied 10ms covered 6/6 cells
[JS INFO] L641: [perf] colors applied 8ms covered 6/6 cells
[JS INFO] L641: [perf] colors applied 9ms covered 6/6 cells
[JS INFO] L641: [perf] colors applied 8ms covered 6/6 cells
[JS INFO] L641: [perf] colors applied 21ms covered 6/6 cells
[JS INFO] L641: [perf] colors applied 11ms covered 6/6 cells
[JS INFO] L641: [perf] colors applied 10ms covered 6/6 cells
[JS INFO] L641: [perf] colors applied 10ms covered 6/6 cells
[JS INFO] L641: [perf] colors applied 12ms covered 6/6 cells
[JS INFO] L641: [perf] colors applied 8ms covered 6/6 cells
[JS INFO] L641: [perf] colors applied 8ms covered 6/6 cells
[JS INFO] L641: [perf] colors applied 9ms covered 6/6 cells
[JS INFO] L641: [perf] colors applied 11ms covered 6/6 cells
[JS INFO] L641: [perf] colors applied 9ms covered 6/6 cells
[JS INFO] L641: [perf] colors applied 9ms covered 6/6 cells
[JS INFO] L641: [perf] colors applied 10ms covered 6/6 cells
[JS INFO] L641: [perf] colors applied 9ms covered 6/6 cells
[JS INFO] L641: [perf] colors applied 8ms covered 6/6 cells
[JS INFO] L641: [perf] colors applied 8ms covered 6/6 cells
[JS INFO] L641: [perf] colors applied 9ms covered 6/6 cells
[JS INFO] L641: [perf] colors applied 9ms covered 6/6 cells
[JS INFO] L641: [perf] colors applied 8ms covered 6/6 cells
[JS INFO] L641: [perf] colors applied 8ms covered 6/6 cells
[JS INFO] L641: [perf] colors applied 8ms covered 6/6 cells
[JS INFO] L641: [perf] colors applied 8ms covered 6/6 cells
[JS INFO] L641: [perf] colors applied 8ms covered 6/6 cells
[JS INFO] L641: [perf] colors applied 8ms covered 6/6 cells
[JS INFO] L641: [perf] colors applied 9ms covered 6/6 cells
[JS INFO] L641: [perf] colors applied 7ms covered 6/6 cells
[JS INFO] L641: [perf] colors applied 8ms covered 6/6 cells
[JS INFO] L641: [perf] colors applied 7ms covered 6/6 cells
[JS INFO] L641: [perf] colors applied 7ms covered 6/6 cells
[JS INFO] L641: [perf] colors applied 7ms covered 6/6 cells
[JS INFO] L641: [perf] colors applied 8ms covered 6/6 cells
[JS INFO] L641: [perf] colors applied 7ms covered 6/6 cells
[JS INFO] L641: [perf] colors applied 8ms covered 6/6 cells
[JS INFO] L641: [perf] colors applied 7ms covered 6/6 cells
[JS INFO] L641: [perf] colors applied 8ms covered 6/6 cells
[JS INFO] L641: [perf] colors applied 8ms covered 6/6 cells
[JS INFO] L641: [perf] colors applied 7ms covered 6/6 cells
[JS INFO] L641: [perf] colors applied 8ms covered 6/6 cells
[JS INFO] L641: [perf] colors applied 11ms covered 6/6 cells
[JS INFO] L641: [perf] colors applied 12ms covered 6/6 cells
[JS INFO] L641: [perf] colors applied 8ms covered 6/6 cells
[JS INFO] L641: [perf] colors applied 8ms covered 6/6 cells
[JS INFO] L641: [perf] colors applied 8ms covered 6/6 cells
[JS INFO] L641: [perf] colors applied 7ms covered 6/6 cells
[JS INFO] L641: [perf] colors applied 9ms covered 6/6 cells
[JS INFO] L641: [perf] colors applied 11ms covered 6/6 cells
[JS INFO] L641: [perf] colors applied 7ms covered 6/6 cells
[JS INFO] L641: [perf] colors applied 8ms covered 6/6 cells
[JS INFO] L641: [perf] colors applied 7ms covered 6/6 cells
[open] reading C:/Users/lenovo/Desktop/效果/机器人.3dlp
[open] zip contents: ['project.json', '11072_HumanoidRobot_v3.obj']
[open] model_file=11072_HumanoidRobot_v3.obj model_format=obj
[open] model raw size=7750887 bytes
[open] resolved format=obj
[open] cells=37 total_points=200
[open] cache_path=D:\workshop\3D-\src\_model_cache\opened_995dbd59_11072_HumanoidRobot_v3.obj
[open] cache_size=7750887 (raw=7750887)
[open] loadStl URL=/src/_model_cache/opened_995dbd59_11072_HumanoidRobot_v3.obj?v=1783650332004 format=obj cells=37
[JS INFO] L641: [perf] colors applied 10ms covered 6/6 cells
[JS INFO] L641: [perf] colors applied 8ms covered 6/6 cells
[JS INFO] L641: [perf] colors applied 9ms covered 6/6 cells
[JS INFO] L809: [loadStl] received {"url":"/src/_model_cache/opened_995dbd59_11072_HumanoidRobot_v3.obj","format":"obj","unit_mm":10,"hasExplicitUnit":true,"cells":37}
[JS INFO] L854: [restoreCells] restored=37 failed=0 total=37
[JS INFO] L864: [model-verify] {"boxMin":["-44.0","-14.9","-90.6"],"boxMax":["44.0","14.9","90.6"],"size":["88","30","181"],"center":["0","0","0"],"radius":"102","rtPos":["0","10","-91"],"camPos":["242","-138","242"],"near":"0.1019","far":"10186","Mvisible":true,"matVisible":true,"opacity":0.92,"sceneChildren":2}
[JS INFO] L875: [model-render] render OK
[JS INFO] L585: [perf] vertex-local-pos cached 45ms 299712 verts
[JS INFO] L608: [perf] cache built {"unitMM":10,"FIELD_R":60,"fieldRadiusU":"6.00","vertices":299712,"cellCount":37,"cvLen":31293,"cellRange":{"x":["-343.8","326.8"],"y":["-239.4","46.2"],"z":["394.5","1469.0"]},"bboxMin":["-349.8","-245.4","388.5"],"timeMs":"240"}
[JS INFO] L641: [perf] colors applied 9ms covered 37/37 cells
[JS INFO] L641: [perf] colors applied 2ms covered 37/37 cells
[JS INFO] L641: [perf] colors applied 2ms covered 37/37 cells
[JS INFO] L641: [perf] colors applied 3ms covered 37/37 cells
[JS INFO] L641: [perf] colors applied 4ms covered 37/37 cells
[JS INFO] L641: [perf] colors applied 4ms covered 37/37 cells
[JS INFO] L641: [perf] colors applied 2ms covered 37/37 cells
[JS INFO] L641: [perf] colors applied 3ms covered 37/37 cells
[JS INFO] L641: [perf] colors applied 2ms covered 37/37 cells
[JS INFO] L641: [perf] colors applied 3ms covered 37/37 cells
[JS INFO] L641: [perf] colors applied 3ms covered 37/37 cells
[JS INFO] L641: [perf] colors applied 2ms covered 37/37 cells
[JS INFO] L641: [perf] colors applied 3ms covered 37/37 cells
[JS INFO] L641: [perf] colors applied 2ms covered 37/37 cells
[JS INFO] L641: [perf] colors applied 3ms covered 37/37 cells
[JS INFO] L641: [perf] colors applied 2ms covered 37/37 cells
[JS INFO] L641: [perf] colors applied 3ms covered 37/37 cells
[JS INFO] L641: [perf] colors applied 2ms covered 37/37 cells
[JS INFO] L641: [perf] colors applied 2ms covered 37/37 cells
[JS INFO] L641: [perf] colors applied 2ms covered 37/37 cells
[JS INFO] L641: [perf] colors applied 3ms covered 37/37 cells
[JS INFO] L641: [perf] colors applied 3ms covered 37/37 cells
[JS INFO] L641: [perf] colors applied 2ms covered 37/37 cells
[JS INFO] L641: [perf] colors applied 2ms covered 37/37 cells
[JS INFO] L641: [perf] colors applied 2ms covered 37/37 cells
[JS INFO] L641: [perf] colors applied 3ms covered 37/37 cells
[JS INFO] L641: [perf] colors applied 3ms covered 37/37 cells
[JS INFO] L641: [perf] colors applied 3ms covered 37/37 cells
[JS INFO] L641: [perf] colors applied 2ms covered 37/37 cells
[JS INFO] L641: [perf] colors applied 3ms covered 37/37 cells
[JS INFO] L641: [perf] colors applied 4ms covered 37/37 cells
[JS INFO] L641: [perf] colors applied 3ms covered 37/37 cells
[JS INFO] L641: [perf] colors applied 2ms covered 37/37 cells
[JS INFO] L641: [perf] colors applied 2ms covered 37/37 cells
[JS INFO] L641: [perf] colors applied 3ms covered 37/37 cells
[JS INFO] L641: [perf] colors applied 3ms covered 37/37 cells
[JS INFO] L641: [perf] colors applied 2ms covered 37/37 cells
[JS INFO] L641: [perf] colors applied 2ms covered 37/37 cells
[JS INFO] L641: [perf] colors applied 5ms covered 37/37 cells
[JS INFO] L641: [perf] colors applied 4ms covered 37/37 cells
[JS INFO] L641: [perf] colors applied 3ms covered 37/37 cells
[JS INFO] L641: [perf] colors applied 2ms covered 37/37 cells
[JS INFO] L641: [perf] colors applied 2ms covered 37/37 cells
[JS INFO] L641: [perf] colors applied 2ms covered 37/37 cells
[JS INFO] L641: [perf] colors applied 2ms covered 37/37 cells
[JS INFO] L641: [perf] colors applied 2ms covered 37/37 cells
[JS INFO] L641: [perf] colors applied 6ms covered 37/37 cells
[JS INFO] L641: [perf] colors applied 2ms covered 37/37 cells
[JS INFO] L641: [perf] colors applied 2ms covered 37/37 cells
[JS INFO] L641: [perf] colors applied 4ms covered 37/37 cells
[JS INFO] L641: [perf] colors applied 4ms covered 37/37 cells
[JS INFO] L641: [perf] colors applied 3ms covered 37/37 cells
[JS INFO] L641: [perf] colors applied 2ms covered 37/37 cells
[JS INFO] L641: [perf] colors applied 2ms covered 37/37 cells
[JS INFO] L641: [perf] colors applied 8ms covered 37/37 cells
[JS INFO] L641: [perf] colors applied 2ms covered 37/37 cells
[JS INFO] L641: [perf] colors applied 3ms covered 37/37 cells
[JS INFO] L641: [perf] colors applied 2ms covered 37/37 cells
[open] reading C:/Users/lenovo/Desktop/效果/篮球.3dlp
[open] zip contents: ['project.json', '15705_Basketball_Player-Free_Throw_v1.obj']
[open] model_file=15705_Basketball_Player-Free_Throw_v1.obj model_format=obj
[open] model raw size=6319264 bytes
[open] resolved format=obj
[open] cells=9 total_points=200
[open] cache_path=D:\workshop\3D-\src\_model_cache\opened_bb5aaf8d_15705_Basketball_Player-Free_Throw_v1.obj
[open] cache_size=6319264 (raw=6319264)
[open] loadStl URL=/src/_model_cache/opened_bb5aaf8d_15705_Basketball_Player-Free_Throw_v1.obj?v=1783650340170 format=obj cells=9
[JS INFO] L641: [perf] colors applied 2ms covered 37/37 cells
[JS INFO] L641: [perf] colors applied 2ms covered 37/37 cells
[JS INFO] L809: [loadStl] received {"url":"/src/_model_cache/opened_bb5aaf8d_15705_Basketball_Player-Fr","format":"obj","unit_mm":1,"hasExplicitUnit":true,"cells":9}
[JS INFO] L854: [restoreCells] restored=9 failed=0 total=9
[JS INFO] L864: [model-verify] {"boxMin":["-2.4","-2.4","-5.4"],"boxMax":["2.4","2.4","5.4"],"size":["5","5","11"],"center":["0","0","0"],"radius":"6","rtPos":["4","6","-5"],"camPos":["15","-9","15"],"near":"0.0100","far":"637","Mvisible":true,"matVisible":true,"opacity":0.92,"sceneChildren":2}
[JS INFO] L875: [model-render] render OK
[JS INFO] L585: [perf] vertex-local-pos cached 76ms 255984 verts
[JS INFO] L608: [perf] cache built {"unitMM":1,"FIELD_R":60,"fieldRadiusU":"60.00","vertices":255984,"cellCount":9,"cvLen":0,"cellRange":{"x":["-497.7","-327.7"],"y":["-864.6","-611.4"],"z":["15.8","735.2"]},"bboxMin":["-503.7","-870.6","9.8"],"timeMs":"90"}
[JS WARN] L609: [field] _cv is empty! unitMM=1 FIELD_R=60 cells=9 verts=255984
[JS INFO] L641: [perf] colors applied 0ms covered 9/9 cells
[JS INFO] L641: [perf] colors applied 0ms covered 9/9 cells
[JS INFO] L641: [perf] colors applied 0ms covered 9/9 cells
[JS INFO] L641: [perf] colors applied 0ms covered 9/9 cells
[JS INFO] L641: [perf] colors applied 0ms covered 9/9 cells
[JS INFO] L641: [perf] colors applied 0ms covered 9/9 cells
[JS INFO] L641: [perf] colors applied 0ms covered 9/9 cells
[JS INFO] L641: [perf] colors applied 0ms covered 9/9 cells
[JS INFO] L641: [perf] colors applied 0ms covered 9/9 cells
[JS INFO] L641: [perf] colors applied 0ms covered 9/9 cells
[JS INFO] L641: [perf] colors applied 0ms covered 9/9 cells
[JS INFO] L641: [perf] colors applied 0ms covered 9/9 cells
[JS INFO] L641: [perf] colors applied 0ms covered 9/9 cells
[JS INFO] L641: [perf] colors applied 0ms covered 9/9 cells
[JS INFO] L641: [perf] colors applied 0ms covered 9/9 cells
[JS INFO] L641: [perf] colors applied 0ms covered 9/9 cells
[JS INFO] L641: [perf] colors applied 0ms covered 9/9 cells
[JS INFO] L641: [perf] colors applied 0ms covered 9/9 cells
[JS INFO] L641: [perf] colors applied 0ms covered 9/9 cells
[JS INFO] L641: [perf] colors applied 0ms covered 9/9 cells
[JS INFO] L641: [perf] colors applied 0ms covered 9/9 cells
[JS INFO] L641: [perf] colors applied 0ms covered 9/9 cells
[JS INFO] L641: [perf] colors applied 0ms covered 9/9 cells
[JS INFO] L641: [perf] colors applied 0ms covered 9/9 cells
[JS INFO] L641: [perf] colors applied 0ms covered 9/9 cells
[JS INFO] L641: [perf] colors applied 0ms covered 9/9 cells
[JS INFO] L641: [perf] colors applied 0ms covered 9/9 cells
[JS INFO] L641: [perf] colors applied 0ms covered 9/9 cells
[JS INFO] L641: [perf] colors applied 0ms covered 9/9 cells
[JS INFO] L641: [perf] colors applied 0ms covered 9/9 cells
[JS INFO] L641: [perf] colors applied 0ms covered 9/9 cells
[JS INFO] L641: [perf] colors applied 0ms covered 9/9 cells
[JS INFO] L641: [perf] colors applied 0ms covered 9/9 cells
[JS INFO] L641: [perf] colors applied 0ms covered 9/9 cells
[JS INFO] L641: [perf] colors applied 0ms covered 9/9 cells
[JS INFO] L641: [perf] colors applied 0ms covered 9/9 cells
[JS INFO] L641: [perf] colors applied 0ms covered 9/9 cells
[JS INFO] L641: [perf] colors applied 0ms covered 9/9 cells
[JS INFO] L641: [perf] colors applied 0ms covered 9/9 cells
[JS INFO] L641: [perf] colors applied 0ms covered 9/9 cells
[JS INFO] L641: [perf] colors applied 0ms covered 9/9 cells
[JS INFO] L641: [perf] colors applied 0ms covered 9/9 cells
[JS INFO] L641: [perf] colors applied 0ms covered 9/9 cells
[JS INFO] L641: [perf] colors applied 0ms covered 9/9 cells
[JS INFO] L641: [perf] colors applied 0ms covered 9/9 cells
[JS INFO] L641: [perf] colors applied 0ms covered 9/9 cells
[JS INFO] L641: [perf] colors applied 0ms covered 9/9 cells
[JS INFO] L641: [perf] colors applied 0ms covered 9/9 cells
[JS INFO] L641: [perf] colors applied 0ms covered 9/9 cells
[JS INFO] L641: [perf] colors applied 0ms covered 9/9 cells
[JS INFO] L641: [perf] colors applied 0ms covered 9/9 cells
[JS INFO] L641: [perf] colors applied 0ms covered 9/9 cells
[JS INFO] L641: [perf] colors applied 0ms covered 9/9 cells
[JS INFO] L641: [perf] colors applied 0ms covered 9/9 cells
[JS INFO] L641: [perf] colors applied 0ms covered 9/9 cells
[JS INFO] L641: [perf] colors applied 0ms covered 9/9 cells
[JS INFO] L641: [perf] colors applied 0ms covered 9/9 cells
[JS INFO] L641: [perf] colors applied 0ms covered 9/9 cells
[JS INFO] L641: [perf] colors applied 0ms covered 9/9 cells
[stp] === 非STP直接加载: D:/workshop/3D-/手套模型.stl ===
[decimate] 降采样成功: 1498770→300000面 | 74938584→15000084bytes
