=== 3D拟物Layout编辑器 v1.0.0 ===
启动: 2026-07-10T10:29:46.958943
[log] 日志文件: D:\workshop\3D-\src\log\app_20260710_102946.log
[init] find_root() = D:\workshop\3D-
[init] html_path = D:\workshop\3D-\src\3D编辑器原型.html
[init] HTTP port = 59278
[init] loading URL = http://127.0.0.1:59278/src/3D%E7%BC%96%E8%BE%91%E5%99%A8%E5%8E%9F%E5%9E%8B.html
[init] WebEngine load succeeded
[open] reading C:/Users/lenovo/Desktop/效果/手套1.3dlp
[open] zip contents: ['project.json', '手套模型.stl']
[open] model_file=手套模型.stl model_format=stl
[open] model raw size=74938584 bytes
[open] resolved format=stl
[open] cells=22 total_points=200
[open] cache_path=D:\workshop\3D-\src\_model_cache\opened_eb42d60e_手套模型.stl
[open] cache_size=74938584 (raw=74938584)
[open] loadStl URL=/src/_model_cache/opened_eb42d60e_%E6%89%8B%E5%A5%97%E6%A8%A1%E5%9E%8B.stl?v=1783650596071 format=stl cells=22
[JS INFO] L809: [loadStl] received {"url":"/src/_model_cache/opened_eb42d60e_%E6%89%8B%E5%A5%97%E6%A8%A","format":"stl","unit_mm":1,"hasExplicitUnit":true,"cells":22}
[JS INFO] L854: [restoreCells] restored=22 failed=0 total=22
[JS INFO] L864: [model-verify] {"boxMin":["-0.3","-0.2","-0.5"],"boxMax":["0.3","0.2","0.5"],"size":["1","0","1"],"center":["0","0","0"],"radius":"1","rtPos":["0","-0","-1"],"camPos":["2","-1","2"],"near":"0.0100","far":"65","Mvisible":true,"matVisible":true,"opacity":0.92,"sceneChildren":2}
[JS INFO] L875: [model-render] render OK
[JS INFO] L585: [perf] vertex-local-pos cached 479ms 4496310 verts
[JS Error] Uncaught RangeError: Invalid array length
[JS ERROR] L533: Uncaught RangeError: Invalid array length
[JS Error] Uncaught RangeError: Invalid array length
[JS ERROR] L533: Uncaught RangeError: Invalid array length
[JS Error] Uncaught RangeError: Invalid array length
[JS ERROR] L533: Uncaught RangeError: Invalid array length
[JS Error] Uncaught RangeError: Invalid array length
[JS ERROR] L533: Uncaught RangeError: Invalid array length
[JS Error] Uncaught RangeError: Invalid array length
[JS ERROR] L533: Uncaught RangeError: Invalid array length
[JS Error] Uncaught RangeError: Invalid array length
[JS ERROR] L533: Uncaught RangeError: Invalid array length
[JS Error] Uncaught RangeError: Invalid array length
[JS ERROR] L533: Uncaught RangeError: Invalid array length
[JS Error] Uncaught RangeError: Invalid array length
[JS ERROR] L533: Uncaught RangeError: Invalid array length
[JS Error] Uncaught RangeError: Invalid array length
[JS ERROR] L533: Uncaught RangeError: Invalid array length
[JS Error] Uncaught RangeError: Invalid array length
[JS ERROR] L533: Uncaught RangeError: Invalid array length
[JS Error] Uncaught RangeError: Invalid array length
[JS ERROR] L533: Uncaught RangeError: Invalid array length
[JS Error] Uncaught RangeError: Invalid array length
[JS ERROR] L533: Uncaught RangeError: Invalid array length
[JS Error] Uncaught RangeError: Invalid array length
[JS ERROR] L533: Uncaught RangeError: Invalid array length
[JS Error] Uncaught RangeError: Invalid array length
[JS ERROR] L533: Uncaught RangeError: Invalid array length
[JS Error] Uncaught RangeError: Invalid array length
[JS ERROR] L533: Uncaught RangeError: Invalid array length
[JS Error] Uncaught RangeError: Invalid array length
[JS ERROR] L533: Uncaught RangeError: Invalid array length
[JS Error] Uncaught RangeError: Invalid array length
[JS ERROR] L533: Uncaught RangeError: Invalid array length
[JS Error] Uncaught RangeError: Invalid array length
[JS ERROR] L533: Uncaught RangeError: Invalid array length
[JS Error] Uncaught RangeError: Invalid array length
[JS ERROR] L533: Uncaught RangeError: Invalid array length
[JS Error] Uncaught RangeError: Invalid array length
[JS ERROR] L533: Uncaught RangeError: Invalid array length
[JS Error] Uncaught RangeError: Invalid array length
