=== 3D拟物Layout编辑器 v1.0.0 ===
启动: 2026-07-10T15:15:41.277546
[log] 日志文件: D:\workshop\3D-\src\log\app_20260710_151541.log
[init] find_root() = D:\workshop\3D-
[init] html_path = D:\workshop\3D-\src\3D编辑器原型.html
[init] HTTP port = 51324
[init] loading URL = http://127.0.0.1:51324/src/3D%E7%BC%96%E8%BE%91%E5%99%A8%E5%8E%9F%E5%9E%8B.html
[init] WebEngine load succeeded
[JS Error] Uncaught TypeError: t.entries.at is not a function
[JS ERROR] L1: Uncaught TypeError: t.entries.at is not a function
[stp] === 非STP直接加载: D:/workshop/3D-/obj模型/11072_HumanoidRobot_v3.obj ===
[JS INFO] L776: [bridge] pyCommand registered
[JS INFO] L816: [loadStl] received {"url":"/src/_model_cache/11072_HumanoidRobot_v3.obj","format":"obj","unit_mm":1,"hasExplicitUnit":true,"cells":0}
[JS Error] Uncaught TypeError: this.i.at is not a function
[JS ERROR] L1: Uncaught TypeError: this.i.at is not a function
[JS INFO] L906: [model-verify] {"boxMin":["-44.0","-14.9","-90.6"],"boxMax":["44.0","14.9","90.6"],"size":["88","30","181"],"center":["0","0","0"],"radius":"102","rtPos":["0","10","-91"],"camPos":["242","-138","242"],"near":"0.1019","far":"10186","Mvisible":true,"matVisible":true,"opacity":0.92,"sceneChildren":2}
[JS INFO] L917: [model-render] render OK
[JS Error] Uncaught TypeError: this.i.at is not a function
[JS ERROR] L1: Uncaught TypeError: this.i.at is not a function
[JS Error] Uncaught TypeError: this.i.at is not a function
[JS ERROR] L1: Uncaught TypeError: this.i.at is not a function
[JS Error] Uncaught TypeError: this.i.at is not a function
[JS ERROR] L1: Uncaught TypeError: this.i.at is not a function
[JS Error] Uncaught TypeError: this.i.at is not a function
[JS ERROR] L1: Uncaught TypeError: this.i.at is not a function
[JS Error] Uncaught TypeError: this.i.at is not a function
[JS ERROR] L1: Uncaught TypeError: this.i.at is not a function
[JS Error] Uncaught TypeError: this.i.at is not a function
[JS ERROR] L1: Uncaught TypeError: this.i.at is not a function
[JS Error] Uncaught TypeError: this.i.at is not a function
[JS ERROR] L1: Uncaught TypeError: this.i.at is not a function
[open] reading C:/Users/lenovo/Desktop/效果/机器人.3dlp
[open] zip contents: ['project.json', '11072_HumanoidRobot_v3.obj']
[open] model_file=11072_HumanoidRobot_v3.obj model_format=obj
[open] model raw size=7750887 bytes
[open] resolved format=obj
[open] cells=37 total_points=200 coord_space=model_local_mm_legacy unit_mm=10.0
[open] cache_path=D:\workshop\3D-\src\_model_cache\opened_3479e6cb_11072_HumanoidRobot_v3.obj
[open] cache_size=7750887 (raw=7750887)
[open] loadStl URL=/src/_model_cache/opened_3479e6cb_11072_HumanoidRobot_v3.obj?v=1783667777035 format=obj cells=37
[JS INFO] L816: [loadStl] received {"url":"/src/_model_cache/opened_3479e6cb_11072_HumanoidRobot_v3.obj","format":"obj","unit_mm":10,"hasExplicitUnit":true,"cells":37}
[JS Error] Uncaught TypeError: this.i.at is not a function
[JS ERROR] L1: Uncaught TypeError: this.i.at is not a function
[JS INFO] L871: [restore] coord=model_local_mm_legacy unit=10 legacy=true cells=37
[JS INFO] L898: [restore-verify] #0 local=(-3.5991,-20.9468,142.2370)
[JS INFO] L898: [restore-verify] #1 local=(3.0357,-22.7545,137.4753)
[JS INFO] L898: [restore-verify] #2 local=(-1.6474,-23.9382,127.0339)
[JS INFO] L899: [restoreCells] restored=37 failed=0 raw=37 coord=model_local_mm_legacy unit=10
[JS INFO] L906: [model-verify] {"boxMin":["-44.0","-14.9","-90.6"],"boxMax":["44.0","14.9","90.6"],"size":["88","30","181"],"center":["0","0","0"],"radius":"102","rtPos":["0","10","-91"],"camPos":["242","-138","242"],"near":"0.1019","far":"10186","Mvisible":true,"matVisible":true,"opacity":0.92,"sceneChildren":2}
[JS INFO] L917: [model-render] render OK
[JS Error] Uncaught TypeError: this.i.at is not a function
[JS ERROR] L1: Uncaught TypeError: this.i.at is not a function
[JS Error] Uncaught TypeError: t.entries.at is not a function
[JS ERROR] L1: Uncaught TypeError: t.entries.at is not a function
[JS INFO] L585: [perf] vertex-local-pos cached 49ms 299712 verts
[JS INFO] L608: [perf] cache built {"unitMM":10,"FIELD_R":60,"fieldRadiusU":"6.00","vertices":299712,"cellCount":37,"cvLen":31293,"cellRange":{"x":["-343.8","326.8"],"y":["-239.4","46.2"],"z":["394.5","1469.0"]},"bboxMin":["-349.8","-245.4","388.5"],"timeMs":"242"}
[JS INFO] L641: [perf] colors applied 11ms covered 37/37 cells
[JS Error] Uncaught TypeError: this.i.at is not a function
[JS ERROR] L1: Uncaught TypeError: this.i.at is not a function
[JS Error] Uncaught TypeError: this.i.at is not a function
[JS ERROR] L1: Uncaught TypeError: this.i.at is not a function
[JS Error] Uncaught TypeError: this.i.at is not a function
[JS ERROR] L1: Uncaught TypeError: this.i.at is not a function
[JS Error] Uncaught TypeError: this.i.at is not a function
[JS ERROR] L1: Uncaught TypeError: this.i.at is not a function
[JS Error] Uncaught TypeError: this.i.at is not a function
[JS ERROR] L1: Uncaught TypeError: this.i.at is not a function
[JS Error] Uncaught TypeError: this.i.at is not a function
[JS ERROR] L1: Uncaught TypeError: this.i.at is not a function
[JS Error] Uncaught TypeError: this.i.at is not a function
[JS ERROR] L1: Uncaught TypeError: this.i.at is not a function
[JS Error] Uncaught TypeError: this.i.at is not a function
[JS ERROR] L1: Uncaught TypeError: this.i.at is not a function
[JS Error] Uncaught TypeError: this.i.at is not a function
[JS ERROR] L1: Uncaught TypeError: this.i.at is not a function
[JS Error] Uncaught TypeError: this.i.at is not a function
[JS ERROR] L1: Uncaught TypeError: this.i.at is not a function
[JS Error] Uncaught TypeError: this.i.at is not a function
[JS ERROR] L1: Uncaught TypeError: this.i.at is not a function
[JS Error] Uncaught TypeError: this.i.at is not a function
[JS ERROR] L1: Uncaught TypeError: this.i.at is not a function
[JS Error] Uncaught TypeError: this.i.at is not a function
[JS ERROR] L1: Uncaught TypeError: this.i.at is not a function
[JS Error] Uncaught TypeError: this.i.at is not a function
[JS ERROR] L1: Uncaught TypeError: this.i.at is not a function
[JS Error] Uncaught TypeError: this.i.at is not a function
[JS ERROR] L1: Uncaught TypeError: this.i.at is not a function
[JS Error] Uncaught TypeError: this.i.at is not a function
[JS ERROR] L1: Uncaught TypeError: this.i.at is not a function
[JS Error] Uncaught TypeError: this.i.at is not a function
[JS ERROR] L1: Uncaught TypeError: this.i.at is not a function
[JS Error] Uncaught TypeError: this.i.at is not a function
