=== 3D拟物Layout编辑器 v1.0.0 ===
启动: 2026-07-10T09:48:45.358665
[log] 日志文件: D:\workshop\3D-\src\log\app_20260710_094845.log
[init] find_root() = D:\workshop\3D-
[init] html_path = D:\workshop\3D-\src\3D编辑器原型.html
[init] HTTP port = 53850
[init] loading URL = http://127.0.0.1:53850/src/3D%E7%BC%96%E8%BE%91%E5%99%A8%E5%8E%9F%E5%9E%8B.html
[init] WebEngine load succeeded
[decimate] 降采样失败,使用原模型: No module named 'fast_simplification'
[JS INFO] L785: [loadStl] received [object Object]
[JS INFO] L833: [model-verify] [object Object]
[JS INFO] L785: [loadStl] received [object Object]
[JS INFO] L833: [model-verify] [object Object]
[JS INFO] L785: [loadStl] received [object Object]
[JS INFO] L833: [model-verify] [object Object]
[open] reading C:/Users/lenovo/Desktop/效果/机器人.3dlp
[open] zip contents: ['project.json', '11072_HumanoidRobot_v3.obj']
[open] model_file=11072_HumanoidRobot_v3.obj model_format=obj
[open] model raw size=7750887 bytes
[open] resolved format=obj
[open] cells=37 total_points=200
[open] cache_path=D:\workshop\3D-\src\_model_cache\opened_fb9a578a_11072_HumanoidRobot_v3.obj
[open] cache_size=7750887 (raw=7750887)
[open] loadStl URL=/src/_model_cache/opened_fb9a578a_11072_HumanoidRobot_v3.obj?v=1783648170223 format=obj cells=37
[JS INFO] L785: [loadStl] received [object Object]
[JS INFO] L833: [model-verify] [object Object]
[open] reading C:/Users/lenovo/Desktop/效果/手套.3dlp
[open] zip contents: ['project.json', '手套模型.stl']
[open] model_file=手套模型.stl model_format=stl
[open] model raw size=74938584 bytes
[open] resolved format=stl
[open] cells=6 total_points=200
[open] cache_path=D:\workshop\3D-\src\_model_cache\opened_4a8e9a8a_手套模型.stl
[open] cache_size=74938584 (raw=74938584)
[open] loadStl URL=/src/_model_cache/opened_4a8e9a8a_%E6%89%8B%E5%A5%97%E6%A8%A1%E5%9E%8B.stl?v=1783648175571 format=stl cells=6
[JS INFO] L785: [loadStl] received [object Object]
[JS INFO] L833: [model-verify] [object Object]
