=== 3D拟物Layout编辑器 v1.0.0 ===
启动: 2026-07-10T10:20:57.223455
[log] 日志文件: D:\workshop\3D-\src\log\app_20260710_102057.log
[init] find_root() = D:\workshop\3D-
[init] html_path = D:\workshop\3D-\src\3D编辑器原型.html
[init] HTTP port = 54443
[init] loading URL = http://127.0.0.1:54443/src/3D%E7%BC%96%E8%BE%91%E5%99%A8%E5%8E%9F%E5%9E%8B.html
[init] WebEngine load succeeded
[open] reading C:/Users/lenovo/Desktop/效果/手套1.3dlp
[open] zip contents: ['project.json', '手套模型.stl']
[open] model_file=手套模型.stl model_format=stl
[open] model raw size=74938584 bytes
[open] resolved format=stl
[open] cells=22 total_points=200
[open] cache_path=D:\workshop\3D-\src\_model_cache\opened_fe6a04bc_手套模型.stl
[open] cache_size=74938584 (raw=74938584)
[open] loadStl URL=/src/_model_cache/opened_fe6a04bc_%E6%89%8B%E5%A5%97%E6%A8%A1%E5%9E%8B.stl?v=1783650069565 format=stl cells=22
[JS INFO] L808: [loadStl] received {"url":"/src/_model_cache/opened_fe6a04bc_%E6%89%8B%E5%A5%97%E6%A8%A","format":"stl","unit_mm":1,"hasExplicitUnit":true,"cells":22}
[JS Error] 模型解析失败: pa is not defined
[open] reading C:/Users/lenovo/Desktop/效果/机器人.3dlp
[open] zip contents: ['project.json', '11072_HumanoidRobot_v3.obj']
[open] model_file=11072_HumanoidRobot_v3.obj model_format=obj
[open] model raw size=7750887 bytes
[open] resolved format=obj
[open] cells=37 total_points=200
[open] cache_path=D:\workshop\3D-\src\_model_cache\opened_a7815b86_11072_HumanoidRobot_v3.obj
[open] cache_size=7750887 (raw=7750887)
[open] loadStl URL=/src/_model_cache/opened_a7815b86_11072_HumanoidRobot_v3.obj?v=1783650080147 format=obj cells=37
[JS INFO] L808: [loadStl] received {"url":"/src/_model_cache/opened_a7815b86_11072_HumanoidRobot_v3.obj","format":"obj","unit_mm":10,"hasExplicitUnit":true,"cells":37}
[JS Error] Unhandled: ReferenceError: pa is not defined
[JS ERROR] L298: Uncaught (in promise) ReferenceError: pa is not defined
[stp] === 非STP直接加载: D:/workshop/3D-/手套模型.stl ===
[decimate] 降采样成功: 1498770→300000面 | 74938584→15000084bytes
[JS INFO] L808: [loadStl] received {"url":"/src/_model_cache/%E6%89%8B%E5%A5%97%E6%A8%A1%E5%9E%8B.stl","format":"stl","unit_mm":1,"hasExplicitUnit":true,"cells":0}
[JS INFO] L858: [model-verify] {"boxMin":["-0.3","-0.2","-0.5"],"boxMax":["0.3","0.2","0.5"],"size":["1","0","1"],"center":["0","0","0"],"radius":"1","rtPos":["0","-0","-1"],"camPos":["2","-1","2"],"near":"0.0100","far":"65","Mvisible":true,"matVisible":true,"opacity":0.92,"sceneChildren":2}
[JS INFO] L869: [model-render] render OK
[JS Error] Uncaught ReferenceError: pa is not defined
[JS ERROR] L298: Uncaught ReferenceError: pa is not defined
[JS Error] Uncaught ReferenceError: pa is not defined
[JS ERROR] L298: Uncaught ReferenceError: pa is not defined
[JS Error] Uncaught ReferenceError: pa is not defined
[JS ERROR] L298: Uncaught ReferenceError: pa is not defined
[JS Error] Uncaught ReferenceError: pa is not defined
[JS ERROR] L298: Uncaught ReferenceError: pa is not defined
